[    0.000000] kernel: Linux version 5.4.0-122-generic (buildd@lcy02-amd64-095) (gcc version 9.4.0 (Ubuntu 9.4.0-1ubuntu1~20.04.1)) #138-Ubuntu SMP Wed Jun 22 15:00:31 UTC 2022 (Ubuntu 5.4.0-122.138-generic 5.4.192)
[    0.000000] kernel: Command line: BOOT_IMAGE=/vmlinuz-5.4.0-122-generic root=/dev/mapper/ubuntu-root ro audit=1 maybe-ubiquity
[    0.000000] kernel: KERNEL supported cpus:
[    0.000000] kernel:   Intel GenuineIntel
[    0.000000] kernel:   AMD AuthenticAMD
[    0.000000] kernel:   Hygon HygonGenuine
[    0.000000] kernel:   Centaur CentaurHauls
[    0.000000] kernel:   zhaoxin   Shanghai  
[    0.000000] kernel: Disabled fast string operations
[    0.000000] kernel: x86/fpu: Supporting XSAVE feature 0x001: 'x87 floating point registers'
[    0.000000] kernel: x86/fpu: Supporting XSAVE feature 0x002: 'SSE registers'
[    0.000000] kernel: x86/fpu: Supporting XSAVE feature 0x004: 'AVX registers'
[    0.000000] kernel: x86/fpu: Supporting XSAVE feature 0x020: 'AVX-512 opmask'
[    0.000000] kernel: x86/fpu: Supporting XSAVE feature 0x040: 'AVX-512 Hi256'
[    0.000000] kernel: x86/fpu: Supporting XSAVE feature 0x080: 'AVX-512 ZMM_Hi256'
[    0.000000] kernel: x86/fpu: Supporting XSAVE feature 0x200: 'Protection Keys User registers'
[    0.000000] kernel: x86/fpu: xstate_offset[2]:  576, xstate_sizes[2]:  256
[    0.000000] kernel: x86/fpu: xstate_offset[5]:  832, xstate_sizes[5]:   64
[    0.000000] kernel: x86/fpu: xstate_offset[6]:  896, xstate_sizes[6]:  512
[    0.000000] kernel: x86/fpu: xstate_offset[7]: 1408, xstate_sizes[7]: 1024
[    0.000000] kernel: x86/fpu: xstate_offset[9]: 2432, xstate_sizes[9]:    8
[    0.000000] kernel: x86/fpu: Enabled xstate features 0x2e7, context size is 2440 bytes, using 'compacted' format.
[    0.000000] kernel: BIOS-provided physical RAM map:
[    0.000000] kernel: BIOS-e820: [mem 0x0000000000000000-0x000000000009f3ff] usable
[    0.000000] kernel: BIOS-e820: [mem 0x000000000009f400-0x000000000009ffff] reserved
[    0.000000] kernel: BIOS-e820: [mem 0x00000000000dc000-0x00000000000fffff] reserved
[    0.000000] kernel: BIOS-e820: [mem 0x0000000000100000-0x00000000bfedffff] usable
[    0.000000] kernel: BIOS-e820: [mem 0x00000000bfee0000-0x00000000bfefefff] ACPI data
[    0.000000] kernel: BIOS-e820: [mem 0x00000000bfeff000-0x00000000bfefffff] ACPI NVS
[    0.000000] kernel: BIOS-e820: [mem 0x00000000bff00000-0x00000000bfffffff] usable
[    0.000000] kernel: BIOS-e820: [mem 0x00000000f0000000-0x00000000f7ffffff] reserved
[    0.000000] kernel: BIOS-e820: [mem 0x00000000fec00000-0x00000000fec0ffff] reserved
[    0.000000] kernel: BIOS-e820: [mem 0x00000000fee00000-0x00000000fee00fff] reserved
[    0.000000] kernel: BIOS-e820: [mem 0x00000000fffe0000-0x00000000ffffffff] reserved
[    0.000000] kernel: BIOS-e820: [mem 0x0000000100000000-0x000000023fffffff] usable
[    0.000000] kernel: NX (Execute Disable) protection: active
[    0.000000] kernel: SMBIOS 2.7 present.
[    0.000000] kernel: DMI: VMware, Inc. VMware Virtual Platform/440BX Desktop Reference Platform, BIOS 6.00 11/12/2020
[    0.000000] kernel: vmware: hypercall mode: 0x00
[    0.000000] kernel: Hypervisor detected: VMware
[    0.000000] kernel: vmware: TSC freq read from hypervisor : 2394.374 MHz
[    0.000000] kernel: vmware: Host bus clock speed read from hypervisor : 66000000 Hz
[    0.000000] kernel: vmware: using sched offset of 6191468354 ns
[    0.000001] kernel: tsc: Detected 2394.374 MHz processor
[    0.004143] kernel: e820: update [mem 0x00000000-0x00000fff] usable ==> reserved
[    0.004144] kernel: e820: remove [mem 0x000a0000-0x000fffff] usable
[    0.004148] kernel: last_pfn = 0x240000 max_arch_pfn = 0x400000000
[    0.004167] kernel: MTRR default type: uncachable
[    0.004168] kernel: MTRR fixed ranges enabled:
[    0.004169] kernel:   00000-9FFFF write-back
[    0.004169] kernel:   A0000-BFFFF uncachable
[    0.004170] kernel:   C0000-CFFFF write-protect
[    0.004170] kernel:   D0000-EFFFF uncachable
[    0.004171] kernel:   F0000-FFFFF write-protect
[    0.004171] kernel: MTRR variable ranges enabled:
[    0.004173] kernel:   0 base 00000000000 mask 7FC00000000 write-back
[    0.004173] kernel:   1 base 000C0000000 mask 7FFC0000000 uncachable
[    0.004174] kernel:   2 disabled
[    0.004174] kernel:   3 disabled
[    0.004175] kernel:   4 disabled
[    0.004175] kernel:   5 disabled
[    0.004175] kernel:   6 disabled
[    0.004176] kernel:   7 disabled
[    0.004186] kernel: x86/PAT: Configuration [0-7]: WB  WC  UC- UC  WB  WP  UC- WT  
[    0.004199] kernel: total RAM covered: 15360M
[    0.004620] kernel: Found optimal setting for mtrr clean up
[    0.004621] kernel:  gran_size: 64K         chunk_size: 64K         num_reg: 4          lose cover RAM: 0G
[    0.004667] kernel: e820: update [mem 0xc0000000-0xffffffff] usable ==> reserved
[    0.004671] kernel: last_pfn = 0xc0000 max_arch_pfn = 0x400000000
[    0.009070] kernel: found SMP MP-table at [mem 0x000f6a70-0x000f6a7f]
[    0.009193] kernel: check: Scanning 1 areas for low memory corruption
[    0.009230] kernel: Using GB pages for direct mapping
[    0.009482] kernel: RAMDISK: [mem 0x2de2d000-0x32f0dfff]
[    0.009489] kernel: ACPI: Early table checksum verification disabled
[    0.009491] kernel: ACPI: RSDP 0x00000000000F6A00 000024 (v02 PTLTD )
[    0.009494] kernel: ACPI: XSDT 0x00000000BFEEEA0F 00005C (v01 INTEL  440BX    06040000 VMW  01324272)
[    0.009500] kernel: ACPI: FACP 0x00000000BFEFEE73 0000F4 (v04 INTEL  440BX    06040000 PTL  000F4240)
[    0.009504] kernel: ACPI: DSDT 0x00000000BFEEEC95 0101DE (v01 PTLTD  Custom   06040000 MSFT 03000001)
[    0.009507] kernel: ACPI: FACS 0x00000000BFEFFFC0 000040
[    0.009509] kernel: ACPI: FACS 0x00000000BFEFFFC0 000040
[    0.009511] kernel: ACPI: BOOT 0x00000000BFEEEC6D 000028 (v01 PTLTD  $SBFTBL$ 06040000  LTP 00000001)
[    0.009513] kernel: ACPI: APIC 0x00000000BFEEEC0F 00005E (v01 PTLTD  ? APIC   06040000  LTP 00000000)
[    0.009516] kernel: ACPI: MCFG 0x00000000BFEEEBD3 00003C (v01 PTLTD  $PCITBL$ 06040000  LTP 00000001)
[    0.009518] kernel: ACPI: SRAT 0x00000000BFEEEB0B 0000C8 (v02 VMWARE MEMPLUG  06040000 VMW  00000001)
[    0.009520] kernel: ACPI: HPET 0x00000000BFEEEAD3 000038 (v01 VMWARE VMW HPET 06040000 VMW  00000001)
[    0.009522] kernel: ACPI: WAET 0x00000000BFEEEAAB 000028 (v01 VMWARE VMW WAET 06040000 VMW  00000001)
[    0.009525] kernel: ACPI: Reserving FACP table memory at [mem 0xbfefee73-0xbfefef66]
[    0.009525] kernel: ACPI: Reserving DSDT table memory at [mem 0xbfeeec95-0xbfefee72]
[    0.009526] kernel: ACPI: Reserving FACS table memory at [mem 0xbfefffc0-0xbfefffff]
[    0.009527] kernel: ACPI: Reserving FACS table memory at [mem 0xbfefffc0-0xbfefffff]
[    0.009528] kernel: ACPI: Reserving BOOT table memory at [mem 0xbfeeec6d-0xbfeeec94]
[    0.009529] kernel: ACPI: Reserving APIC table memory at [mem 0xbfeeec0f-0xbfeeec6c]
[    0.009529] kernel: ACPI: Reserving MCFG table memory at [mem 0xbfeeebd3-0xbfeeec0e]
[    0.009530] kernel: ACPI: Reserving SRAT table memory at [mem 0xbfeeeb0b-0xbfeeebd2]
[    0.009531] kernel: ACPI: Reserving HPET table memory at [mem 0xbfeeead3-0xbfeeeb0a]
[    0.009532] kernel: ACPI: Reserving WAET table memory at [mem 0xbfeeeaab-0xbfeeead2]
[    0.009549] kernel: ACPI: Local APIC address 0xfee00000
[    0.009674] kernel: SRAT: PXM 0 -> APIC 0x00 -> Node 0
[    0.009675] kernel: SRAT: PXM 0 -> APIC 0x02 -> Node 0
[    0.009677] kernel: ACPI: SRAT: Node 0 PXM 0 [mem 0x00000000-0x0009ffff]
[    0.009678] kernel: ACPI: SRAT: Node 0 PXM 0 [mem 0x00100000-0xbfffffff]
[    0.009679] kernel: ACPI: SRAT: Node 0 PXM 0 [mem 0x100000000-0x23fffffff]
[    0.009681] kernel: NUMA: Node 0 [mem 0x00000000-0x0009ffff] + [mem 0x00100000-0xbfffffff] -> [mem 0x00000000-0xbfffffff]
[    0.009683] kernel: NUMA: Node 0 [mem 0x00000000-0xbfffffff] + [mem 0x100000000-0x23fffffff] -> [mem 0x00000000-0x23fffffff]
[    0.009691] kernel: NODE_DATA(0) allocated [mem 0x23ffd3000-0x23fffdfff]
[    0.009896] kernel: Zone ranges:
[    0.009897] kernel:   DMA      [mem 0x0000000000001000-0x0000000000ffffff]
[    0.009898] kernel:   DMA32    [mem 0x0000000001000000-0x00000000ffffffff]
[    0.009899] kernel:   Normal   [mem 0x0000000100000000-0x000000023fffffff]
[    0.009900] kernel:   Device   empty
[    0.009901] kernel: Movable zone start for each node
[    0.009903] kernel: Early memory node ranges
[    0.009904] kernel:   node   0: [mem 0x0000000000001000-0x000000000009efff]
[    0.009905] kernel:   node   0: [mem 0x0000000000100000-0x00000000bfedffff]
[    0.009906] kernel:   node   0: [mem 0x00000000bff00000-0x00000000bfffffff]
[    0.009907] kernel:   node   0: [mem 0x0000000100000000-0x000000023fffffff]
[    0.009933] kernel: Zeroed struct page in unavailable ranges: 130 pages
[    0.009933] kernel: Initmem setup node 0 [mem 0x0000000000001000-0x000000023fffffff]
[    0.009935] kernel: On node 0 totalpages: 2097022
[    0.009936] kernel:   DMA zone: 64 pages used for memmap
[    0.009936] kernel:   DMA zone: 21 pages reserved
[    0.009937] kernel:   DMA zone: 3998 pages, LIFO batch:0
[    0.010004] kernel:   DMA32 zone: 12224 pages used for memmap
[    0.010005] kernel:   DMA32 zone: 782304 pages, LIFO batch:63
[    0.024477] kernel:   Normal zone: 20480 pages used for memmap
[    0.024478] kernel:   Normal zone: 1310720 pages, LIFO batch:63
[    0.048568] kernel: ACPI: PM-Timer IO Port: 0x1008
[    0.048571] kernel: ACPI: Local APIC address 0xfee00000
[    0.048579] kernel: ACPI: LAPIC_NMI (acpi_id[0x00] high edge lint[0x1])
[    0.048580] kernel: ACPI: LAPIC_NMI (acpi_id[0x01] high edge lint[0x1])
[    0.048616] kernel: IOAPIC[0]: apic_id 1, version 17, address 0xfec00000, GSI 0-23
[    0.048618] kernel: ACPI: INT_SRC_OVR (bus 0 bus_irq 0 global_irq 2 high edge)
[    0.048620] kernel: ACPI: IRQ0 used by override.
[    0.048621] kernel: ACPI: IRQ9 used by override.
[    0.048622] kernel: Using ACPI (MADT) for SMP configuration information
[    0.048624] kernel: ACPI: HPET id: 0x8086af01 base: 0xfed00000
[    0.048628] kernel: TSC deadline timer available
[    0.048629] kernel: smpboot: Allowing 2 CPUs, 0 hotplug CPUs
[    0.048649] kernel: PM: Registered nosave memory: [mem 0x00000000-0x00000fff]
[    0.048652] kernel: PM: Registered nosave memory: [mem 0x0009f000-0x0009ffff]
[    0.048653] kernel: PM: Registered nosave memory: [mem 0x000a0000-0x000dbfff]
[    0.048654] kernel: PM: Registered nosave memory: [mem 0x000dc000-0x000fffff]
[    0.048657] kernel: PM: Registered nosave memory: [mem 0xbfee0000-0xbfefefff]
[    0.048659] kernel: PM: Registered nosave memory: [mem 0xbfeff000-0xbfefffff]
[    0.048661] kernel: PM: Registered nosave memory: [mem 0xc0000000-0xefffffff]
[    0.048663] kernel: PM: Registered nosave memory: [mem 0xf0000000-0xf7ffffff]
[    0.048664] kernel: PM: Registered nosave memory: [mem 0xf8000000-0xfebfffff]
[    0.048666] kernel: PM: Registered nosave memory: [mem 0xfec00000-0xfec0ffff]
[    0.048667] kernel: PM: Registered nosave memory: [mem 0xfec10000-0xfedfffff]
[    0.048668] kernel: PM: Registered nosave memory: [mem 0xfee00000-0xfee00fff]
[    0.048670] kernel: PM: Registered nosave memory: [mem 0xfee01000-0xfffdffff]
[    0.048671] kernel: PM: Registered nosave memory: [mem 0xfffe0000-0xffffffff]
[    0.048674] kernel: [mem 0xc0000000-0xefffffff] available for PCI devices
[    0.048675] kernel: Booting paravirtualized kernel on VMware hypervisor
[    0.048679] kernel: clocksource: refined-jiffies: mask: 0xffffffff max_cycles: 0xffffffff, max_idle_ns: 7645519600211568 ns
[    0.048687] kernel: setup_percpu: NR_CPUS:8192 nr_cpumask_bits:2 nr_cpu_ids:2 nr_node_ids:1
[    0.049026] kernel: percpu: Embedded 60 pages/cpu s208896 r8192 d28672 u1048576
[    0.049031] kernel: pcpu-alloc: s208896 r8192 d28672 u1048576 alloc=1*2097152
[    0.049031] kernel: pcpu-alloc: [0] 0 1 
[    0.049050] kernel: Built 1 zonelists, mobility grouping on.  Total pages: 2064233
[    0.049051] kernel: Policy zone: Normal
[    0.049053] kernel: Kernel command line: BOOT_IMAGE=/vmlinuz-5.4.0-122-generic root=/dev/mapper/ubuntu-root ro audit=1 maybe-ubiquity
[    0.049097] kernel: audit: enabled (after initialization)
[    0.050256] kernel: Dentry cache hash table entries: 1048576 (order: 11, 8388608 bytes, linear)
[    0.050827] kernel: Inode-cache hash table entries: 524288 (order: 10, 4194304 bytes, linear)
[    0.050882] kernel: mem auto-init: stack:off, heap alloc:on, heap free:off
[    0.061362] kernel: Calgary: detecting Calgary via BIOS EBDA area
[    0.061364] kernel: Calgary: Unable to locate Rio Grande table in EBDA - bailing!
[    0.081679] kernel: Memory: 8058268K/8388088K available (14339K kernel code, 2400K rwdata, 9496K rodata, 2756K init, 4944K bss, 329820K reserved, 0K cma-reserved)
[    0.081686] kernel: random: get_random_u64 called from kmem_cache_open+0x2d/0x410 with crng_init=0
[    0.081802] kernel: SLUB: HWalign=64, Order=0-3, MinObjects=0, CPUs=2, Nodes=1
[    0.081813] kernel: ftrace: allocating 44652 entries in 175 pages
[    0.097742] kernel: rcu: Hierarchical RCU implementation.
[    0.097744] kernel: rcu:         RCU restricting CPUs from NR_CPUS=8192 to nr_cpu_ids=2.
[    0.097745] kernel:         Tasks RCU enabled.
[    0.097746] kernel: rcu: RCU calculated value of scheduler-enlistment delay is 25 jiffies.
[    0.097747] kernel: rcu: Adjusting geometry for rcu_fanout_leaf=16, nr_cpu_ids=2
[    0.100111] kernel: NR_IRQS: 524544, nr_irqs: 440, preallocated irqs: 16
[    0.100405] kernel: random: crng done (trusting CPU's manufacturer)
[    0.102211] kernel: Console: colour VGA+ 80x25
[    0.110540] kernel: printk: console [tty0] enabled
[    0.110598] kernel: ACPI: Core revision 20190816
[    0.110819] kernel: clocksource: hpet: mask: 0xffffffff max_cycles: 0xffffffff, max_idle_ns: 133484882848 ns
[    0.110966] kernel: APIC: Switch to symmetric I/O mode setup
[    0.111119] kernel: x2apic enabled
[    0.111440] kernel: Switched APIC routing to physical x2apic.
[    0.112580] kernel: ..TIMER: vector=0x30 apic1=0 pin1=2 apic2=-1 pin2=-1
[    0.112757] kernel: clocksource: tsc-early: mask: 0xffffffffffffffff max_cycles: 0x228374dae5d, max_idle_ns: 440795268352 ns
[    0.113021] kernel: Calibrating delay loop (skipped) preset value.. 4788.74 BogoMIPS (lpj=9577498)
[    0.113234] kernel: pid_max: default: 32768 minimum: 301
[    0.113377] kernel: LSM: Security Framework initializing
[    0.113503] kernel: Yama: becoming mindful.
[    0.113618] kernel: AppArmor: AppArmor initialized
[    0.113771] kernel: Mount-cache hash table entries: 16384 (order: 5, 131072 bytes, linear)
[    0.113983] kernel: Mountpoint-cache hash table entries: 16384 (order: 5, 131072 bytes, linear)
[    0.114197] kernel: *** VALIDATE tmpfs ***
[    0.114403] kernel: *** VALIDATE proc ***
[    0.114532] kernel: *** VALIDATE cgroup1 ***
[    0.114628] kernel: *** VALIDATE cgroup2 ***
[    0.114780] kernel: Disabled fast string operations
[    0.117039] kernel: Last level iTLB entries: 4KB 64, 2MB 8, 4MB 8
[    0.117176] kernel: Last level dTLB entries: 4KB 64, 2MB 0, 4MB 0, 1GB 4
[    0.117329] kernel: Spectre V1 : Mitigation: usercopy/swapgs barriers and __user pointer sanitization
[    0.117544] kernel: Spectre V2 : Mitigation: Enhanced IBRS
[    0.117689] kernel: Spectre V2 : Spectre v2 / SpectreRSB mitigation: Filling RSB on context switch
[    0.117934] kernel: Spectre V2 : mitigation: Enabling conditional Indirect Branch Prediction Barrier
[    0.120655] kernel: Speculative Store Bypass: Mitigation: Speculative Store Bypass disabled via prctl and seccomp
[    0.120940] kernel: MMIO Stale Data: Vulnerable: Clear CPU buffers attempted, no microcode
[    0.121217] kernel: Freeing SMP alternatives memory: 40K
[    0.123938] kernel: smpboot: CPU0: Intel(R) Xeon(R) Gold 6240R CPU @ 2.40GHz (family: 0x6, model: 0x55, stepping: 0x7)
[    0.124342] kernel: Performance Events: Skylake events, core PMU driver.
[    0.124545] kernel: core: CPUID marked event: 'cpu cycles' unavailable
[    0.124720] kernel: core: CPUID marked event: 'instructions' unavailable
[    0.124900] kernel: core: CPUID marked event: 'bus cycles' unavailable
[    0.125019] kernel: core: CPUID marked event: 'cache references' unavailable
[    0.125019] kernel: core: CPUID marked event: 'cache misses' unavailable
[    0.125019] kernel: core: CPUID marked event: 'branch instructions' unavailable
[    0.125019] kernel: core: CPUID marked event: 'branch misses' unavailable
[    0.125019] kernel: ... version:                1
[    0.125019] kernel: ... bit width:              48
[    0.125019] kernel: ... generic registers:      4
[    0.125019] kernel: ... value mask:             0000ffffffffffff
[    0.125019] kernel: ... max period:             000000007fffffff
[    0.125019] kernel: ... fixed-purpose events:   0
[    0.125019] kernel: ... event mask:             000000000000000f
[    0.125019] kernel: rcu: Hierarchical SRCU implementation.
[    0.125019] kernel: NMI watchdog: Perf NMI watchdog permanently disabled
[    0.125019] kernel: smp: Bringing up secondary CPUs ...
[    0.125132] kernel: x86: Booting SMP configuration:
[    0.125264] kernel: .... node  #0, CPUs:      #1
[    0.012655] kernel: Disabled fast string operations
[    0.012655] kernel: smpboot: CPU 1 Converting physical 2 to logical package 1
[    0.012655] kernel: smpboot: CPU 1 Converting physical 0 to logical die 1
[    0.126054] kernel: smp: Brought up 1 node, 2 CPUs
[    0.126054] kernel: smpboot: Max logical packages: 2
[    0.126054] kernel: smpboot: Total of 2 processors activated (9577.49 BogoMIPS)
[    0.126054] kernel: devtmpfs: initialized
[    0.126054] kernel: x86/mm: Memory block size: 128MB
[    0.126054] kernel: PM: Registering ACPI NVS region [mem 0xbfeff000-0xbfefffff] (4096 bytes)
[    0.126054] kernel: clocksource: jiffies: mask: 0xffffffff max_cycles: 0xffffffff, max_idle_ns: 7645041785100000 ns
[    0.126054] kernel: futex hash table entries: 512 (order: 3, 32768 bytes, linear)
[    0.126054] kernel: pinctrl core: initialized pinctrl subsystem
[    0.126054] kernel: PM: RTC time: 11:09:17, date: 2023-01-09
[    0.126054] kernel: NET: Registered protocol family 16
[    0.126054] kernel: audit: initializing netlink subsys (enabled)
[    0.126054] kernel: audit: type=2000 audit(1673262557.016:1): state=initialized audit_enabled=1 res=1
[    0.126054] kernel: EISA bus registered
[    0.126054] kernel: cpuidle: using governor ladder
[    0.129029] kernel: cpuidle: using governor menu
[    0.129108] kernel: Simple Boot Flag at 0x36 set to 0x80
[    0.129189] kernel: ACPI: bus type PCI registered
[    0.129245] kernel: acpiphp: ACPI Hot Plug PCI Controller Driver version: 0.5
[    0.129443] kernel: PCI: MMCONFIG for domain 0000 [bus 00-7f] at [mem 0xf0000000-0xf7ffffff] (base 0xf0000000)
[    0.129554] kernel: PCI: MMCONFIG at [mem 0xf0000000-0xf7ffffff] reserved in E820
[    0.129644] kernel: PCI: Using configuration type 1 for base access
[    0.131133] kernel: HugeTLB registered 1.00 GiB page size, pre-allocated 0 pages
[    0.131133] kernel: HugeTLB registered 2.00 MiB page size, pre-allocated 0 pages
[    0.133081] kernel: ACPI: Added _OSI(Module Device)
[    0.133142] kernel: ACPI: Added _OSI(Processor Device)
[    0.133201] kernel: ACPI: Added _OSI(3.0 _SCP Extensions)
[    0.133263] kernel: ACPI: Added _OSI(Processor Aggregator Device)
[    0.133331] kernel: ACPI: Added _OSI(Linux-Dell-Video)
[    0.133390] kernel: ACPI: Added _OSI(Linux-Lenovo-NV-HDMI-Audio)
[    0.133458] kernel: ACPI: Added _OSI(Linux-HPI-Hybrid-Graphics)
[    0.142443] kernel: ACPI: 1 ACPI AML tables successfully acquired and loaded
[    0.144001] kernel: ACPI: [Firmware Bug]: BIOS _OSI(Linux) query ignored
[    0.146093] kernel: ACPI: Interpreter enabled
[    0.146093] kernel: ACPI: (supports S0 S1 S4 S5)
[    0.146093] kernel: ACPI: Using IOAPIC for interrupt routing
[    0.146093] kernel: PCI: Using host bridge windows from ACPI; if necessary, use "pci=nocrs" and report a bug
[    0.146592] kernel: ACPI: Enabled 4 GPEs in block 00 to 0F
[    0.183610] kernel: ACPI: PCI Root Bridge [PCI0] (domain 0000 [bus 00-7f])
[    0.183695] kernel: acpi PNP0A03:00: _OSC: OS supports [ExtendedConfig ASPM ClockPM Segments MSI HPX-Type3]
[    0.183995] kernel: acpi PNP0A03:00: _OSC: platform does not support [AER LTR]
[    0.184269] kernel: acpi PNP0A03:00: _OSC: OS now controls [PCIeHotplug SHPCHotplug PME PCIeCapability]
[    0.186008] kernel: PCI host bridge to bus 0000:00
[    0.186066] kernel: pci_bus 0000:00: root bus resource [mem 0x000a0000-0x000bffff window]
[    0.186160] kernel: pci_bus 0000:00: root bus resource [mem 0x000d0000-0x000d3fff window]
[    0.186252] kernel: pci_bus 0000:00: root bus resource [mem 0x000d4000-0x000d7fff window]
[    0.186344] kernel: pci_bus 0000:00: root bus resource [mem 0x000d8000-0x000dbfff window]
[    0.186435] kernel: pci_bus 0000:00: root bus resource [mem 0xc0000000-0xfebfffff window]
[    0.186527] kernel: pci_bus 0000:00: root bus resource [io  0x0000-0x0cf7 window]
[    0.186608] kernel: pci_bus 0000:00: root bus resource [io  0x0d00-0xfeff window]
[    0.186690] kernel: pci_bus 0000:00: root bus resource [bus 00-7f]
[    0.186798] kernel: pci 0000:00:00.0: [8086:7190] type 00 class 0x060000
[    0.187694] kernel: pci 0000:00:01.0: [8086:7191] type 01 class 0x060400
[    0.189830] kernel: pci 0000:00:07.0: [8086:7110] type 00 class 0x060100
[    0.190513] kernel: pci 0000:00:07.1: [8086:7111] type 00 class 0x01018a
[    0.191219] kernel: pci 0000:00:07.1: reg 0x20: [io  0x1060-0x106f]
[    0.191532] kernel: pci 0000:00:07.1: legacy IDE quirk: reg 0x10: [io  0x01f0-0x01f7]
[    0.191617] kernel: pci 0000:00:07.1: legacy IDE quirk: reg 0x14: [io  0x03f6]
[    0.191696] kernel: pci 0000:00:07.1: legacy IDE quirk: reg 0x18: [io  0x0170-0x0177]
[    0.191781] kernel: pci 0000:00:07.1: legacy IDE quirk: reg 0x1c: [io  0x0376]
[    0.192081] kernel: pci 0000:00:07.3: [8086:7113] type 00 class 0x068000
[    0.192905] kernel: pci 0000:00:07.3: quirk: [io  0x1000-0x103f] claimed by PIIX4 ACPI
[    0.193003] kernel: pci 0000:00:07.3: quirk: [io  0x1040-0x104f] claimed by PIIX4 SMB
[    0.193308] kernel: pci 0000:00:07.7: [15ad:0740] type 00 class 0x088000
[    0.193747] kernel: pci 0000:00:07.7: reg 0x10: [io  0x1080-0x10bf]
[    0.194100] kernel: pci 0000:00:07.7: reg 0x14: [mem 0xfebfe000-0xfebfffff 64bit]
[    0.197689] kernel: pci 0000:00:0f.0: [15ad:0405] type 00 class 0x030000
[    0.198520] kernel: pci 0000:00:0f.0: reg 0x10: [io  0x1070-0x107f]
[    0.199209] kernel: pci 0000:00:0f.0: reg 0x14: [mem 0xe8000000-0xefffffff pref]
[    0.199914] kernel: pci 0000:00:0f.0: reg 0x18: [mem 0xfe000000-0xfe7fffff]
[    0.202252] kernel: pci 0000:00:0f.0: reg 0x30: [mem 0x00000000-0x00007fff pref]
[    0.203014] kernel: pci 0000:00:10.0: [1000:0030] type 00 class 0x010000
[    0.203521] kernel: pci 0000:00:10.0: reg 0x10: [io  0x1400-0x14ff]
[    0.203997] kernel: pci 0000:00:10.0: reg 0x14: [mem 0xfeba0000-0xfebbffff 64bit]
[    0.204466] kernel: pci 0000:00:10.0: reg 0x1c: [mem 0xfebc0000-0xfebdffff 64bit]
[    0.205217] kernel: pci 0000:00:10.0: reg 0x30: [mem 0x00000000-0x00003fff pref]
[    0.205950] kernel: pci 0000:00:11.0: [15ad:0790] type 01 class 0x060401
[    0.207796] kernel: pci 0000:00:15.0: [15ad:07a0] type 01 class 0x060400
[    0.208595] kernel: pci 0000:00:15.0: PME# supported from D0 D3hot D3cold
[    0.208931] kernel: pci 0000:00:15.1: [15ad:07a0] type 01 class 0x060400
[    0.209711] kernel: pci 0000:00:15.1: PME# supported from D0 D3hot D3cold
[    0.210038] kernel: pci 0000:00:15.2: [15ad:07a0] type 01 class 0x060400
[    0.210819] kernel: pci 0000:00:15.2: PME# supported from D0 D3hot D3cold
[    0.211154] kernel: pci 0000:00:15.3: [15ad:07a0] type 01 class 0x060400
[    0.211937] kernel: pci 0000:00:15.3: PME# supported from D0 D3hot D3cold
[    0.212265] kernel: pci 0000:00:15.4: [15ad:07a0] type 01 class 0x060400
[    0.213051] kernel: pci 0000:00:15.4: PME# supported from D0 D3hot D3cold
[    0.213378] kernel: pci 0000:00:15.5: [15ad:07a0] type 01 class 0x060400
[    0.214186] kernel: pci 0000:00:15.5: PME# supported from D0 D3hot D3cold
[    0.214517] kernel: pci 0000:00:15.6: [15ad:07a0] type 01 class 0x060400
[    0.215299] kernel: pci 0000:00:15.6: PME# supported from D0 D3hot D3cold
[    0.215627] kernel: pci 0000:00:15.7: [15ad:07a0] type 01 class 0x060400
[    0.216410] kernel: pci 0000:00:15.7: PME# supported from D0 D3hot D3cold
[    0.217010] kernel: pci 0000:00:16.0: [15ad:07a0] type 01 class 0x060400
[    0.217726] kernel: pci 0000:00:16.0: PME# supported from D0 D3hot D3cold
[    0.218051] kernel: pci 0000:00:16.1: [15ad:07a0] type 01 class 0x060400
[    0.218834] kernel: pci 0000:00:16.1: PME# supported from D0 D3hot D3cold
[    0.219158] kernel: pci 0000:00:16.2: [15ad:07a0] type 01 class 0x060400
[    0.219938] kernel: pci 0000:00:16.2: PME# supported from D0 D3hot D3cold
[    0.220275] kernel: pci 0000:00:16.3: [15ad:07a0] type 01 class 0x060400
[    0.221058] kernel: pci 0000:00:16.3: PME# supported from D0 D3hot D3cold
[    0.221385] kernel: pci 0000:00:16.4: [15ad:07a0] type 01 class 0x060400
[    0.222163] kernel: pci 0000:00:16.4: PME# supported from D0 D3hot D3cold
[    0.222487] kernel: pci 0000:00:16.5: [15ad:07a0] type 01 class 0x060400
[    0.223274] kernel: pci 0000:00:16.5: PME# supported from D0 D3hot D3cold
[    0.223606] kernel: pci 0000:00:16.6: [15ad:07a0] type 01 class 0x060400
[    0.224391] kernel: pci 0000:00:16.6: PME# supported from D0 D3hot D3cold
[    0.224727] kernel: pci 0000:00:16.7: [15ad:07a0] type 01 class 0x060400
[    0.225512] kernel: pci 0000:00:16.7: PME# supported from D0 D3hot D3cold
[    0.226110] kernel: pci 0000:00:17.0: [15ad:07a0] type 01 class 0x060400
[    0.226923] kernel: pci 0000:00:17.0: PME# supported from D0 D3hot D3cold
[    0.227248] kernel: pci 0000:00:17.1: [15ad:07a0] type 01 class 0x060400
[    0.228035] kernel: pci 0000:00:17.1: PME# supported from D0 D3hot D3cold
[    0.228362] kernel: pci 0000:00:17.2: [15ad:07a0] type 01 class 0x060400
[    0.229141] kernel: pci 0000:00:17.2: PME# supported from D0 D3hot D3cold
[    0.229470] kernel: pci 0000:00:17.3: [15ad:07a0] type 01 class 0x060400
[    0.230245] kernel: pci 0000:00:17.3: PME# supported from D0 D3hot D3cold
[    0.230567] kernel: pci 0000:00:17.4: [15ad:07a0] type 01 class 0x060400
[    0.231351] kernel: pci 0000:00:17.4: PME# supported from D0 D3hot D3cold
[    0.231680] kernel: pci 0000:00:17.5: [15ad:07a0] type 01 class 0x060400
[    0.232460] kernel: pci 0000:00:17.5: PME# supported from D0 D3hot D3cold
[    0.232785] kernel: pci 0000:00:17.6: [15ad:07a0] type 01 class 0x060400
[    0.233560] kernel: pci 0000:00:17.6: PME# supported from D0 D3hot D3cold
[    0.233888] kernel: pci 0000:00:17.7: [15ad:07a0] type 01 class 0x060400
[    0.234663] kernel: pci 0000:00:17.7: PME# supported from D0 D3hot D3cold
[    0.235259] kernel: pci 0000:00:18.0: [15ad:07a0] type 01 class 0x060400
[    0.236046] kernel: pci 0000:00:18.0: PME# supported from D0 D3hot D3cold
[    0.236381] kernel: pci 0000:00:18.1: [15ad:07a0] type 01 class 0x060400
[    0.237154] kernel: pci 0000:00:18.1: PME# supported from D0 D3hot D3cold
[    0.237485] kernel: pci 0000:00:18.2: [15ad:07a0] type 01 class 0x060400
[    0.238264] kernel: pci 0000:00:18.2: PME# supported from D0 D3hot D3cold
[    0.238608] kernel: pci 0000:00:18.3: [15ad:07a0] type 01 class 0x060400
[    0.239389] kernel: pci 0000:00:18.3: PME# supported from D0 D3hot D3cold
[    0.239716] kernel: pci 0000:00:18.4: [15ad:07a0] type 01 class 0x060400
[    0.240491] kernel: pci 0000:00:18.4: PME# supported from D0 D3hot D3cold
[    0.240819] kernel: pci 0000:00:18.5: [15ad:07a0] type 01 class 0x060400
[    0.241728] kernel: pci 0000:00:18.5: PME# supported from D0 D3hot D3cold
[    0.242056] kernel: pci 0000:00:18.6: [15ad:07a0] type 01 class 0x060400
[    0.242834] kernel: pci 0000:00:18.6: PME# supported from D0 D3hot D3cold
[    0.243157] kernel: pci 0000:00:18.7: [15ad:07a0] type 01 class 0x060400
[    0.243955] kernel: pci 0000:00:18.7: PME# supported from D0 D3hot D3cold
[    0.246477] kernel: pci_bus 0000:01: extended config space not accessible
[    0.255253] kernel: pci 0000:00:01.0: PCI bridge to [bus 01]
[    0.255480] kernel: pci_bus 0000:02: extended config space not accessible
[    0.255748] kernel: acpiphp: Slot [32] registered
[    0.255816] kernel: acpiphp: Slot [33] registered
[    0.255890] kernel: acpiphp: Slot [34] registered
[    0.255965] kernel: acpiphp: Slot [35] registered
[    0.256037] kernel: acpiphp: Slot [36] registered
[    0.256110] kernel: acpiphp: Slot [37] registered
[    0.256182] kernel: acpiphp: Slot [38] registered
[    0.256261] kernel: acpiphp: Slot [39] registered
[    0.256334] kernel: acpiphp: Slot [40] registered
[    0.256408] kernel: acpiphp: Slot [41] registered
[    0.256480] kernel: acpiphp: Slot [42] registered
[    0.256552] kernel: acpiphp: Slot [43] registered
[    0.256624] kernel: acpiphp: Slot [44] registered
[    0.256696] kernel: acpiphp: Slot [45] registered
[    0.256772] kernel: acpiphp: Slot [46] registered
[    0.256846] kernel: acpiphp: Slot [47] registered
[    0.256918] kernel: acpiphp: Slot [48] registered
[    0.256990] kernel: acpiphp: Slot [49] registered
[    0.257039] kernel: acpiphp: Slot [50] registered
[    0.257111] kernel: acpiphp: Slot [51] registered
[    0.257183] kernel: acpiphp: Slot [52] registered
[    0.257257] kernel: acpiphp: Slot [53] registered
[    0.257331] kernel: acpiphp: Slot [54] registered
[    0.257405] kernel: acpiphp: Slot [55] registered
[    0.257477] kernel: acpiphp: Slot [56] registered
[    0.257549] kernel: acpiphp: Slot [57] registered
[    0.257621] kernel: acpiphp: Slot [58] registered
[    0.257694] kernel: acpiphp: Slot [59] registered
[    0.257766] kernel: acpiphp: Slot [60] registered
[    0.257838] kernel: acpiphp: Slot [61] registered
[    0.257910] kernel: acpiphp: Slot [62] registered
[    0.257982] kernel: acpiphp: Slot [63] registered
[    0.258386] kernel: pci 0000:02:01.0: [15ad:07e0] type 00 class 0x010601
[    0.259691] kernel: pci 0000:02:01.0: reg 0x24: [mem 0xfd5ff000-0xfd5fffff]
[    0.259962] kernel: pci 0000:02:01.0: reg 0x30: [mem 0x00000000-0x0000ffff pref]
[    0.260349] kernel: pci 0000:02:01.0: PME# supported from D3hot
[    0.269274] kernel: pci 0000:00:11.0: PCI bridge to [bus 02] (subtractive decode)
[    0.269376] kernel: pci 0000:00:11.0:   bridge window [io  0x2000-0x3fff]
[    0.269467] kernel: pci 0000:00:11.0:   bridge window [mem 0xfd500000-0xfdffffff]
[    0.269579] kernel: pci 0000:00:11.0:   bridge window [mem 0xe7b00000-0xe7ffffff 64bit pref]
[    0.269675] kernel: pci 0000:00:11.0:   bridge window [mem 0x000a0000-0x000bffff window] (subtractive decode)
[    0.269783] kernel: pci 0000:00:11.0:   bridge window [mem 0x000d0000-0x000d3fff window] (subtractive decode)
[    0.269892] kernel: pci 0000:00:11.0:   bridge window [mem 0x000d4000-0x000d7fff window] (subtractive decode)
[    0.270001] kernel: pci 0000:00:11.0:   bridge window [mem 0x000d8000-0x000dbfff window] (subtractive decode)
[    0.270110] kernel: pci 0000:00:11.0:   bridge window [mem 0xc0000000-0xfebfffff window] (subtractive decode)
[    0.270218] kernel: pci 0000:00:11.0:   bridge window [io  0x0000-0x0cf7 window] (subtractive decode)
[    0.270320] kernel: pci 0000:00:11.0:   bridge window [io  0x0d00-0xfeff window] (subtractive decode)
[    0.270734] kernel: pci 0000:03:00.0: [15ad:07b0] type 00 class 0x020000
[    0.271402] kernel: pci 0000:03:00.0: reg 0x10: [mem 0xfd4fc000-0xfd4fcfff]
[    0.271973] kernel: pci 0000:03:00.0: reg 0x14: [mem 0xfd4fd000-0xfd4fdfff]
[    0.272539] kernel: pci 0000:03:00.0: reg 0x18: [mem 0xfd4fe000-0xfd4fffff]
[    0.273024] kernel: pci 0000:03:00.0: reg 0x1c: [io  0x4000-0x400f]
[    0.274529] kernel: pci 0000:03:00.0: reg 0x30: [mem 0x00000000-0x0000ffff pref]
[    0.274995] kernel: pci 0000:03:00.0: supports D1 D2
[    0.275054] kernel: pci 0000:03:00.0: PME# supported from D0 D1 D2 D3hot D3cold
[    0.275430] kernel: pci 0000:03:00.0: disabling ASPM on pre-1.1 PCIe device.  You can enable it with 'pcie_aspm=force'
[    0.284268] kernel: pci 0000:00:15.0: PCI bridge to [bus 03]
[    0.284354] kernel: pci 0000:00:15.0:   bridge window [io  0x4000-0x4fff]
[    0.284445] kernel: pci 0000:00:15.0:   bridge window [mem 0xfd400000-0xfd4fffff]
[    0.293394] kernel: pci 0000:00:15.1: PCI bridge to [bus 04]
[    0.293478] kernel: pci 0000:00:15.1:   bridge window [io  0x8000-0x8fff]
[    0.293573] kernel: pci 0000:00:15.1:   bridge window [mem 0xfd000000-0xfd0fffff]
[    0.293684] kernel: pci 0000:00:15.1:   bridge window [mem 0xe7700000-0xe77fffff 64bit pref]
[    0.303064] kernel: pci 0000:00:15.2: PCI bridge to [bus 05]
[    0.303159] kernel: pci 0000:00:15.2:   bridge window [io  0xc000-0xcfff]
[    0.303251] kernel: pci 0000:00:15.2:   bridge window [mem 0xfcc00000-0xfccfffff]
[    0.303382] kernel: pci 0000:00:15.2:   bridge window [mem 0xe7300000-0xe73fffff 64bit pref]
[    0.312314] kernel: pci 0000:00:15.3: PCI bridge to [bus 06]
[    0.312410] kernel: pci 0000:00:15.3:   bridge window [mem 0xfc800000-0xfc8fffff]
[    0.312522] kernel: pci 0000:00:15.3:   bridge window [mem 0xe6f00000-0xe6ffffff 64bit pref]
[    0.321437] kernel: pci 0000:00:15.4: PCI bridge to [bus 07]
[    0.321537] kernel: pci 0000:00:15.4:   bridge window [mem 0xfc400000-0xfc4fffff]
[    0.321650] kernel: pci 0000:00:15.4:   bridge window [mem 0xe6b00000-0xe6bfffff 64bit pref]
[    0.330802] kernel: pci 0000:00:15.5: PCI bridge to [bus 08]
[    0.330906] kernel: pci 0000:00:15.5:   bridge window [mem 0xfc000000-0xfc0fffff]
[    0.331019] kernel: pci 0000:00:15.5:   bridge window [mem 0xe6700000-0xe67fffff 64bit pref]
[    0.339975] kernel: pci 0000:00:15.6: PCI bridge to [bus 09]
[    0.340072] kernel: pci 0000:00:15.6:   bridge window [mem 0xfbc00000-0xfbcfffff]
[    0.340187] kernel: pci 0000:00:15.6:   bridge window [mem 0xe6300000-0xe63fffff 64bit pref]
[    0.349160] kernel: pci 0000:00:15.7: PCI bridge to [bus 0a]
[    0.349259] kernel: pci 0000:00:15.7:   bridge window [mem 0xfb800000-0xfb8fffff]
[    0.349372] kernel: pci 0000:00:15.7:   bridge window [mem 0xe5f00000-0xe5ffffff 64bit pref]
[    0.358300] kernel: pci 0000:00:16.0: PCI bridge to [bus 0b]
[    0.358383] kernel: pci 0000:00:16.0:   bridge window [io  0x5000-0x5fff]
[    0.358474] kernel: pci 0000:00:16.0:   bridge window [mem 0xfd300000-0xfd3fffff]
[    0.358586] kernel: pci 0000:00:16.0:   bridge window [mem 0xe7a00000-0xe7afffff 64bit pref]
[    0.367531] kernel: pci 0000:00:16.1: PCI bridge to [bus 0c]
[    0.367614] kernel: pci 0000:00:16.1:   bridge window [io  0x9000-0x9fff]
[    0.367706] kernel: pci 0000:00:16.1:   bridge window [mem 0xfcf00000-0xfcffffff]
[    0.367818] kernel: pci 0000:00:16.1:   bridge window [mem 0xe7600000-0xe76fffff 64bit pref]
[    0.376745] kernel: pci 0000:00:16.2: PCI bridge to [bus 0d]
[    0.376845] kernel: pci 0000:00:16.2:   bridge window [io  0xd000-0xdfff]
[    0.376936] kernel: pci 0000:00:16.2:   bridge window [mem 0xfcb00000-0xfcbfffff]
[    0.377044] kernel: pci 0000:00:16.2:   bridge window [mem 0xe7200000-0xe72fffff 64bit pref]
[    0.385958] kernel: pci 0000:00:16.3: PCI bridge to [bus 0e]
[    0.386056] kernel: pci 0000:00:16.3:   bridge window [mem 0xfc700000-0xfc7fffff]
[    0.386168] kernel: pci 0000:00:16.3:   bridge window [mem 0xe6e00000-0xe6efffff 64bit pref]
[    0.395093] kernel: pci 0000:00:16.4: PCI bridge to [bus 0f]
[    0.395189] kernel: pci 0000:00:16.4:   bridge window [mem 0xfc300000-0xfc3fffff]
[    0.395300] kernel: pci 0000:00:16.4:   bridge window [mem 0xe6a00000-0xe6afffff 64bit pref]
[    0.404214] kernel: pci 0000:00:16.5: PCI bridge to [bus 10]
[    0.404310] kernel: pci 0000:00:16.5:   bridge window [mem 0xfbf00000-0xfbffffff]
[    0.404422] kernel: pci 0000:00:16.5:   bridge window [mem 0xe6600000-0xe66fffff 64bit pref]
[    0.413330] kernel: pci 0000:00:16.6: PCI bridge to [bus 11]
[    0.413424] kernel: pci 0000:00:16.6:   bridge window [mem 0xfbb00000-0xfbbfffff]
[    0.413535] kernel: pci 0000:00:16.6:   bridge window [mem 0xe6200000-0xe62fffff 64bit pref]
[    0.422447] kernel: pci 0000:00:16.7: PCI bridge to [bus 12]
[    0.422543] kernel: pci 0000:00:16.7:   bridge window [mem 0xfb700000-0xfb7fffff]
[    0.422655] kernel: pci 0000:00:16.7:   bridge window [mem 0xe5e00000-0xe5efffff 64bit pref]
[    0.431563] kernel: pci 0000:00:17.0: PCI bridge to [bus 13]
[    0.431644] kernel: pci 0000:00:17.0:   bridge window [io  0x6000-0x6fff]
[    0.431736] kernel: pci 0000:00:17.0:   bridge window [mem 0xfd200000-0xfd2fffff]
[    0.431847] kernel: pci 0000:00:17.0:   bridge window [mem 0xe7900000-0xe79fffff 64bit pref]
[    0.440746] kernel: pci 0000:00:17.1: PCI bridge to [bus 14]
[    0.440830] kernel: pci 0000:00:17.1:   bridge window [io  0xa000-0xafff]
[    0.440921] kernel: pci 0000:00:17.1:   bridge window [mem 0xfce00000-0xfcefffff]
[    0.441029] kernel: pci 0000:00:17.1:   bridge window [mem 0xe7500000-0xe75fffff 64bit pref]
[    0.449934] kernel: pci 0000:00:17.2: PCI bridge to [bus 15]
[    0.450018] kernel: pci 0000:00:17.2:   bridge window [io  0xe000-0xefff]
[    0.450110] kernel: pci 0000:00:17.2:   bridge window [mem 0xfca00000-0xfcafffff]
[    0.450223] kernel: pci 0000:00:17.2:   bridge window [mem 0xe7100000-0xe71fffff 64bit pref]
[    0.459134] kernel: pci 0000:00:17.3: PCI bridge to [bus 16]
[    0.459229] kernel: pci 0000:00:17.3:   bridge window [mem 0xfc600000-0xfc6fffff]
[    0.459340] kernel: pci 0000:00:17.3:   bridge window [mem 0xe6d00000-0xe6dfffff 64bit pref]
[    0.468249] kernel: pci 0000:00:17.4: PCI bridge to [bus 17]
[    0.468344] kernel: pci 0000:00:17.4:   bridge window [mem 0xfc200000-0xfc2fffff]
[    0.468465] kernel: pci 0000:00:17.4:   bridge window [mem 0xe6900000-0xe69fffff 64bit pref]
[    0.477384] kernel: pci 0000:00:17.5: PCI bridge to [bus 18]
[    0.477481] kernel: pci 0000:00:17.5:   bridge window [mem 0xfbe00000-0xfbefffff]
[    0.477593] kernel: pci 0000:00:17.5:   bridge window [mem 0xe6500000-0xe65fffff 64bit pref]
[    0.486510] kernel: pci 0000:00:17.6: PCI bridge to [bus 19]
[    0.486605] kernel: pci 0000:00:17.6:   bridge window [mem 0xfba00000-0xfbafffff]
[    0.486716] kernel: pci 0000:00:17.6:   bridge window [mem 0xe6100000-0xe61fffff 64bit pref]
[    0.495640] kernel: pci 0000:00:17.7: PCI bridge to [bus 1a]
[    0.495739] kernel: pci 0000:00:17.7:   bridge window [mem 0xfb600000-0xfb6fffff]
[    0.495851] kernel: pci 0000:00:17.7:   bridge window [mem 0xe5d00000-0xe5dfffff 64bit pref]
[    0.504771] kernel: pci 0000:00:18.0: PCI bridge to [bus 1b]
[    0.504853] kernel: pci 0000:00:18.0:   bridge window [io  0x7000-0x7fff]
[    0.504944] kernel: pci 0000:00:18.0:   bridge window [mem 0xfd100000-0xfd1fffff]
[    0.505051] kernel: pci 0000:00:18.0:   bridge window [mem 0xe7800000-0xe78fffff 64bit pref]
[    0.514100] kernel: pci 0000:00:18.1: PCI bridge to [bus 1c]
[    0.514183] kernel: pci 0000:00:18.1:   bridge window [io  0xb000-0xbfff]
[    0.514273] kernel: pci 0000:00:18.1:   bridge window [mem 0xfcd00000-0xfcdfffff]
[    0.514385] kernel: pci 0000:00:18.1:   bridge window [mem 0xe7400000-0xe74fffff 64bit pref]
[    0.523307] kernel: pci 0000:00:18.2: PCI bridge to [bus 1d]
[    0.523403] kernel: pci 0000:00:18.2:   bridge window [mem 0xfc900000-0xfc9fffff]
[    0.523514] kernel: pci 0000:00:18.2:   bridge window [mem 0xe7000000-0xe70fffff 64bit pref]
[    0.532421] kernel: pci 0000:00:18.3: PCI bridge to [bus 1e]
[    0.532516] kernel: pci 0000:00:18.3:   bridge window [mem 0xfc500000-0xfc5fffff]
[    0.532627] kernel: pci 0000:00:18.3:   bridge window [mem 0xe6c00000-0xe6cfffff 64bit pref]
[    0.541550] kernel: pci 0000:00:18.4: PCI bridge to [bus 1f]
[    0.541647] kernel: pci 0000:00:18.4:   bridge window [mem 0xfc100000-0xfc1fffff]
[    0.541759] kernel: pci 0000:00:18.4:   bridge window [mem 0xe6800000-0xe68fffff 64bit pref]
[    0.550688] kernel: pci 0000:00:18.5: PCI bridge to [bus 20]
[    0.550785] kernel: pci 0000:00:18.5:   bridge window [mem 0xfbd00000-0xfbdfffff]
[    0.550897] kernel: pci 0000:00:18.5:   bridge window [mem 0xe6400000-0xe64fffff 64bit pref]
[    0.559822] kernel: pci 0000:00:18.6: PCI bridge to [bus 21]
[    0.559920] kernel: pci 0000:00:18.6:   bridge window [mem 0xfb900000-0xfb9fffff]
[    0.560032] kernel: pci 0000:00:18.6:   bridge window [mem 0xe6000000-0xe60fffff 64bit pref]
[    0.568963] kernel: pci 0000:00:18.7: PCI bridge to [bus 22]
[    0.569052] kernel: pci 0000:00:18.7:   bridge window [mem 0xfb500000-0xfb5fffff]
[    0.569164] kernel: pci 0000:00:18.7:   bridge window [mem 0xe5c00000-0xe5cfffff 64bit pref]
[    0.571104] kernel: ACPI: PCI Interrupt Link [LNKA] (IRQs 3 4 5 6 7 *9 10 11 14 15)
[    0.571272] kernel: ACPI: PCI Interrupt Link [LNKB] (IRQs 3 4 5 6 7 9 10 *11 14 15)
[    0.571432] kernel: ACPI: PCI Interrupt Link [LNKC] (IRQs 3 4 5 6 *7 9 10 11 14 15)
[    0.571591] kernel: ACPI: PCI Interrupt Link [LNKD] (IRQs 3 4 5 6 7 9 *10 11 14 15)
[    0.578123] kernel: iommu: Default domain type: Translated 
[    0.578123] kernel: SCSI subsystem initialized
[    0.578123] kernel: libata version 3.00 loaded.
[    0.578123] kernel: pci 0000:00:0f.0: vgaarb: setting as boot VGA device
[    0.578123] kernel: pci 0000:00:0f.0: vgaarb: VGA device added: decodes=io+mem,owns=io+mem,locks=none
[    0.578123] kernel: pci 0000:00:0f.0: vgaarb: bridge control possible
[    0.578123] kernel: vgaarb: loaded
[    0.578123] kernel: ACPI: bus type USB registered
[    0.578123] kernel: usbcore: registered new interface driver usbfs
[    0.578123] kernel: usbcore: registered new interface driver hub
[    0.578123] kernel: usbcore: registered new device driver usb
[    0.578123] kernel: pps_core: LinuxPPS API ver. 1 registered
[    0.578123] kernel: pps_core: Software ver. 5.3.6 - Copyright 2005-2007 Rodolfo Giometti <giometti@linux.it>
[    0.578123] kernel: PTP clock support registered
[    0.578123] kernel: EDAC MC: Ver: 3.0.0
[    0.578123] kernel: PCI: Using ACPI for IRQ routing
[    0.619591] kernel: PCI: pci_cache_line_size set to 64 bytes
[    0.620236] kernel: e820: reserve RAM buffer [mem 0x0009f400-0x0009ffff]
[    0.620238] kernel: e820: reserve RAM buffer [mem 0xbfee0000-0xbfffffff]
[    0.620343] kernel: NetLabel: Initializing
[    0.620398] kernel: NetLabel:  domain hash size = 128
[    0.620457] kernel: NetLabel:  protocols = UNLABELED CIPSOv4 CALIPSO
[    0.620558] kernel: NetLabel:  unlabeled traffic allowed by default
[    0.620550] kernel: audit: type=1409 audit(1673262557.508:2): netlabel: auid=0 ses=0 nlbl_domain=(default) nlbl_protocol=unlbl res=1
[    0.620640] kernel: audit: type=1406 audit(1673262557.508:3): netlabel: auid=0 ses=0 unlbl_accept=1 old=0
[    0.622176] kernel: hpet0: at MMIO 0xfed00000, IRQs 2, 8, 0, 0, 0, 0, 0, 0, 0, 0, 0, 0, 0, 0, 0, 0
[    0.622283] kernel: hpet0: 16 comparators, 64-bit 14.318180 MHz counter
[    0.624407] kernel: clocksource: Switched to clocksource tsc-early
[    0.630780] kernel: *** VALIDATE bpf ***
[    0.630883] kernel: VFS: Disk quotas dquot_6.6.0
[    0.630951] kernel: VFS: Dquot-cache hash table entries: 512 (order 0, 4096 bytes)
[    0.631054] kernel: *** VALIDATE ramfs ***
[    0.631108] kernel: *** VALIDATE hugetlbfs ***
[    0.631253] kernel: AppArmor: AppArmor Filesystem Enabled
[    0.631264] kernel: audit: type=1400 audit(1673262557.519:4): apparmor="STATUS" info="AppArmor Filesystem Enabled" pid=1 comm="swapper/0"
[    0.631335] kernel: pnp: PnP ACPI init
[    0.631682] kernel: system 00:00: [io  0x1000-0x103f] has been reserved
[    0.631757] kernel: system 00:00: [io  0x1040-0x104f] has been reserved
[    0.631833] kernel: system 00:00: [io  0x0cf0-0x0cf1] has been reserved
[    0.631911] kernel: system 00:00: Plug and Play ACPI device, IDs PNP0c02 (active)
[    0.631935] kernel: pnp 00:01: Plug and Play ACPI device, IDs PNP0b00 (active)
[    0.631950] kernel: pnp 00:02: Plug and Play ACPI device, IDs PNP0303 (active)
[    0.631966] kernel: pnp 00:03: Plug and Play ACPI device, IDs VMW0003 PNP0f13 (active)
[    0.632137] kernel: system 00:04: [mem 0xfed00000-0xfed003ff] has been reserved
[    0.632221] kernel: system 00:04: Plug and Play ACPI device, IDs PNP0103 PNP0c01 (active)
[    0.633904] kernel: system 00:05: [io  0xfce0-0xfcff] has been reserved
[    0.633982] kernel: system 00:05: [mem 0xf0000000-0xf7ffffff] has been reserved
[    0.634064] kernel: system 00:05: [mem 0xfe800000-0xfe9fffff] has been reserved
[    0.634148] kernel: system 00:05: Plug and Play ACPI device, IDs PNP0c02 (active)
[    0.638364] kernel: pnp: PnP ACPI: found 6 devices
[    0.640610] kernel: thermal_sys: Registered thermal governor 'fair_share'
[    0.640611] kernel: thermal_sys: Registered thermal governor 'bang_bang'
[    0.640689] kernel: thermal_sys: Registered thermal governor 'step_wise'
[    0.640764] kernel: thermal_sys: Registered thermal governor 'user_space'
[    0.640839] kernel: thermal_sys: Registered thermal governor 'power_allocator'
[    0.645419] kernel: clocksource: acpi_pm: mask: 0xffffff max_cycles: 0xffffff, max_idle_ns: 2085701024 ns
[    0.645635] kernel: pci 0000:00:15.0: bridge window [mem 0x00100000-0x000fffff 64bit pref] to [bus 03] add_size 200000 add_align 100000
[    0.645767] kernel: pci 0000:00:15.3: bridge window [io  0x1000-0x0fff] to [bus 06] add_size 1000
[    0.645869] kernel: pci 0000:00:15.4: bridge window [io  0x1000-0x0fff] to [bus 07] add_size 1000
[    0.645968] kernel: pci 0000:00:15.5: bridge window [io  0x1000-0x0fff] to [bus 08] add_size 1000
[    0.646067] kernel: pci 0000:00:15.6: bridge window [io  0x1000-0x0fff] to [bus 09] add_size 1000
[    0.646165] kernel: pci 0000:00:15.7: bridge window [io  0x1000-0x0fff] to [bus 0a] add_size 1000
[    0.646265] kernel: pci 0000:00:16.3: bridge window [io  0x1000-0x0fff] to [bus 0e] add_size 1000
[    0.646363] kernel: pci 0000:00:16.4: bridge window [io  0x1000-0x0fff] to [bus 0f] add_size 1000
[    0.646466] kernel: pci 0000:00:16.5: bridge window [io  0x1000-0x0fff] to [bus 10] add_size 1000
[    0.646565] kernel: pci 0000:00:16.6: bridge window [io  0x1000-0x0fff] to [bus 11] add_size 1000
[    0.646670] kernel: pci 0000:00:16.7: bridge window [io  0x1000-0x0fff] to [bus 12] add_size 1000
[    0.646792] kernel: pci 0000:00:17.3: bridge window [io  0x1000-0x0fff] to [bus 16] add_size 1000
[    0.646918] kernel: pci 0000:00:17.4: bridge window [io  0x1000-0x0fff] to [bus 17] add_size 1000
[    0.647020] kernel: pci 0000:00:17.5: bridge window [io  0x1000-0x0fff] to [bus 18] add_size 1000
[    0.647119] kernel: pci 0000:00:17.6: bridge window [io  0x1000-0x0fff] to [bus 19] add_size 1000
[    0.647218] kernel: pci 0000:00:17.7: bridge window [io  0x1000-0x0fff] to [bus 1a] add_size 1000
[    0.647317] kernel: pci 0000:00:18.2: bridge window [io  0x1000-0x0fff] to [bus 1d] add_size 1000
[    0.647416] kernel: pci 0000:00:18.3: bridge window [io  0x1000-0x0fff] to [bus 1e] add_size 1000
[    0.647515] kernel: pci 0000:00:18.4: bridge window [io  0x1000-0x0fff] to [bus 1f] add_size 1000
[    0.647618] kernel: pci 0000:00:18.5: bridge window [io  0x1000-0x0fff] to [bus 20] add_size 1000
[    0.647717] kernel: pci 0000:00:18.6: bridge window [io  0x1000-0x0fff] to [bus 21] add_size 1000
[    0.647854] kernel: pci 0000:00:18.7: bridge window [io  0x1000-0x0fff] to [bus 22] add_size 1000
[    0.647970] kernel: pci 0000:00:15.0: BAR 15: assigned [mem 0xc0000000-0xc01fffff 64bit pref]
[    0.648067] kernel: pci 0000:00:0f.0: BAR 6: assigned [mem 0xc0200000-0xc0207fff pref]
[    0.648158] kernel: pci 0000:00:10.0: BAR 6: assigned [mem 0xc0208000-0xc020bfff pref]
[    0.648248] kernel: pci 0000:00:15.3: BAR 13: no space for [io  size 0x1000]
[    0.648326] kernel: pci 0000:00:15.3: BAR 13: failed to assign [io  size 0x1000]
[    0.648409] kernel: pci 0000:00:15.4: BAR 13: no space for [io  size 0x1000]
[    0.648486] kernel: pci 0000:00:15.4: BAR 13: failed to assign [io  size 0x1000]
[    0.648568] kernel: pci 0000:00:15.5: BAR 13: no space for [io  size 0x1000]
[    0.648649] kernel: pci 0000:00:15.5: BAR 13: failed to assign [io  size 0x1000]
[    0.648731] kernel: pci 0000:00:15.6: BAR 13: no space for [io  size 0x1000]
[    0.648809] kernel: pci 0000:00:15.6: BAR 13: failed to assign [io  size 0x1000]
[    0.648892] kernel: pci 0000:00:15.7: BAR 13: no space for [io  size 0x1000]
[    0.648970] kernel: pci 0000:00:15.7: BAR 13: failed to assign [io  size 0x1000]
[    0.649059] kernel: pci 0000:00:16.3: BAR 13: no space for [io  size 0x1000]
[    0.649138] kernel: pci 0000:00:16.3: BAR 13: failed to assign [io  size 0x1000]
[    0.649219] kernel: pci 0000:00:16.4: BAR 13: no space for [io  size 0x1000]
[    0.649297] kernel: pci 0000:00:16.4: BAR 13: failed to assign [io  size 0x1000]
[    0.649379] kernel: pci 0000:00:16.5: BAR 13: no space for [io  size 0x1000]
[    0.649457] kernel: pci 0000:00:16.5: BAR 13: failed to assign [io  size 0x1000]
[    0.649539] kernel: pci 0000:00:16.6: BAR 13: no space for [io  size 0x1000]
[    0.649623] kernel: pci 0000:00:16.6: BAR 13: failed to assign [io  size 0x1000]
[    0.649710] kernel: pci 0000:00:16.7: BAR 13: no space for [io  size 0x1000]
[    0.649788] kernel: pci 0000:00:16.7: BAR 13: failed to assign [io  size 0x1000]
[    0.649870] kernel: pci 0000:00:17.3: BAR 13: no space for [io  size 0x1000]
[    0.649948] kernel: pci 0000:00:17.3: BAR 13: failed to assign [io  size 0x1000]
[    0.650029] kernel: pci 0000:00:17.4: BAR 13: no space for [io  size 0x1000]
[    0.650107] kernel: pci 0000:00:17.4: BAR 13: failed to assign [io  size 0x1000]
[    0.650188] kernel: pci 0000:00:17.5: BAR 13: no space for [io  size 0x1000]
[    0.650266] kernel: pci 0000:00:17.5: BAR 13: failed to assign [io  size 0x1000]
[    0.650347] kernel: pci 0000:00:17.6: BAR 13: no space for [io  size 0x1000]
[    0.650425] kernel: pci 0000:00:17.6: BAR 13: failed to assign [io  size 0x1000]
[    0.650510] kernel: pci 0000:00:17.7: BAR 13: no space for [io  size 0x1000]
[    0.650591] kernel: pci 0000:00:17.7: BAR 13: failed to assign [io  size 0x1000]
[    0.650673] kernel: pci 0000:00:18.2: BAR 13: no space for [io  size 0x1000]
[    0.650750] kernel: pci 0000:00:18.2: BAR 13: failed to assign [io  size 0x1000]
[    0.650832] kernel: pci 0000:00:18.3: BAR 13: no space for [io  size 0x1000]
[    0.650910] kernel: pci 0000:00:18.3: BAR 13: failed to assign [io  size 0x1000]
[    0.650993] kernel: pci 0000:00:18.4: BAR 13: no space for [io  size 0x1000]
[    0.651071] kernel: pci 0000:00:18.4: BAR 13: failed to assign [io  size 0x1000]
[    0.651153] kernel: pci 0000:00:18.5: BAR 13: no space for [io  size 0x1000]
[    0.651231] kernel: pci 0000:00:18.5: BAR 13: failed to assign [io  size 0x1000]
[    0.651312] kernel: pci 0000:00:18.6: BAR 13: no space for [io  size 0x1000]
[    0.651390] kernel: pci 0000:00:18.6: BAR 13: failed to assign [io  size 0x1000]
[    0.651472] kernel: pci 0000:00:18.7: BAR 13: no space for [io  size 0x1000]
[    0.651550] kernel: pci 0000:00:18.7: BAR 13: failed to assign [io  size 0x1000]
[    0.651634] kernel: pci 0000:00:18.7: BAR 13: no space for [io  size 0x1000]
[    0.651841] kernel: pci 0000:00:18.7: BAR 13: failed to assign [io  size 0x1000]
[    0.651923] kernel: pci 0000:00:18.6: BAR 13: no space for [io  size 0x1000]
[    0.652001] kernel: pci 0000:00:18.6: BAR 13: failed to assign [io  size 0x1000]
[    0.652083] kernel: pci 0000:00:18.5: BAR 13: no space for [io  size 0x1000]
[    0.652162] kernel: pci 0000:00:18.5: BAR 13: failed to assign [io  size 0x1000]
[    0.652243] kernel: pci 0000:00:18.4: BAR 13: no space for [io  size 0x1000]
[    0.652321] kernel: pci 0000:00:18.4: BAR 13: failed to assign [io  size 0x1000]
[    0.652402] kernel: pci 0000:00:18.3: BAR 13: no space for [io  size 0x1000]
[    0.652480] kernel: pci 0000:00:18.3: BAR 13: failed to assign [io  size 0x1000]
[    0.652561] kernel: pci 0000:00:18.2: BAR 13: no space for [io  size 0x1000]
[    0.652639] kernel: pci 0000:00:18.2: BAR 13: failed to assign [io  size 0x1000]
[    0.652720] kernel: pci 0000:00:17.7: BAR 13: no space for [io  size 0x1000]
[    0.652798] kernel: pci 0000:00:17.7: BAR 13: failed to assign [io  size 0x1000]
[    0.652879] kernel: pci 0000:00:17.6: BAR 13: no space for [io  size 0x1000]
[    0.652957] kernel: pci 0000:00:17.6: BAR 13: failed to assign [io  size 0x1000]
[    0.653044] kernel: pci 0000:00:17.5: BAR 13: no space for [io  size 0x1000]
[    0.653122] kernel: pci 0000:00:17.5: BAR 13: failed to assign [io  size 0x1000]
[    0.653205] kernel: pci 0000:00:17.4: BAR 13: no space for [io  size 0x1000]
[    0.653290] kernel: pci 0000:00:17.4: BAR 13: failed to assign [io  size 0x1000]
[    0.653371] kernel: pci 0000:00:17.3: BAR 13: no space for [io  size 0x1000]
[    0.653455] kernel: pci 0000:00:17.3: BAR 13: failed to assign [io  size 0x1000]
[    0.653537] kernel: pci 0000:00:16.7: BAR 13: no space for [io  size 0x1000]
[    0.653614] kernel: pci 0000:00:16.7: BAR 13: failed to assign [io  size 0x1000]
[    0.653696] kernel: pci 0000:00:16.6: BAR 13: no space for [io  size 0x1000]
[    0.653774] kernel: pci 0000:00:16.6: BAR 13: failed to assign [io  size 0x1000]
[    0.653855] kernel: pci 0000:00:16.5: BAR 13: no space for [io  size 0x1000]
[    0.653933] kernel: pci 0000:00:16.5: BAR 13: failed to assign [io  size 0x1000]
[    0.654014] kernel: pci 0000:00:16.4: BAR 13: no space for [io  size 0x1000]
[    0.654092] kernel: pci 0000:00:16.4: BAR 13: failed to assign [io  size 0x1000]
[    0.654173] kernel: pci 0000:00:16.3: BAR 13: no space for [io  size 0x1000]
[    0.654251] kernel: pci 0000:00:16.3: BAR 13: failed to assign [io  size 0x1000]
[    0.654332] kernel: pci 0000:00:15.7: BAR 13: no space for [io  size 0x1000]
[    0.654410] kernel: pci 0000:00:15.7: BAR 13: failed to assign [io  size 0x1000]
[    0.654492] kernel: pci 0000:00:15.6: BAR 13: no space for [io  size 0x1000]
[    0.654569] kernel: pci 0000:00:15.6: BAR 13: failed to assign [io  size 0x1000]
[    0.654650] kernel: pci 0000:00:15.5: BAR 13: no space for [io  size 0x1000]
[    0.654728] kernel: pci 0000:00:15.5: BAR 13: failed to assign [io  size 0x1000]
[    0.654809] kernel: pci 0000:00:15.4: BAR 13: no space for [io  size 0x1000]
[    0.654886] kernel: pci 0000:00:15.4: BAR 13: failed to assign [io  size 0x1000]
[    0.654968] kernel: pci 0000:00:15.3: BAR 13: no space for [io  size 0x1000]
[    0.655045] kernel: pci 0000:00:15.3: BAR 13: failed to assign [io  size 0x1000]
[    0.655127] kernel: pci 0000:00:01.0: PCI bridge to [bus 01]
[    0.655266] kernel: pci 0000:02:01.0: BAR 6: assigned [mem 0xfd500000-0xfd50ffff pref]
[    0.655356] kernel: pci 0000:00:11.0: PCI bridge to [bus 02]
[    0.655430] kernel: pci 0000:00:11.0:   bridge window [io  0x2000-0x3fff]
[    0.655530] kernel: pci 0000:00:11.0:   bridge window [mem 0xfd500000-0xfdffffff]
[    0.655631] kernel: pci 0000:00:11.0:   bridge window [mem 0xe7b00000-0xe7ffffff 64bit pref]
[    0.655755] kernel: pci 0000:03:00.0: BAR 6: assigned [mem 0xfd400000-0xfd40ffff pref]
[    0.655845] kernel: pci 0000:00:15.0: PCI bridge to [bus 03]
[    0.655917] kernel: pci 0000:00:15.0:   bridge window [io  0x4000-0x4fff]
[    0.656019] kernel: pci 0000:00:15.0:   bridge window [mem 0xfd400000-0xfd4fffff]
[    0.656116] kernel: pci 0000:00:15.0:   bridge window [mem 0xc0000000-0xc01fffff 64bit pref]
[    0.656260] kernel: pci 0000:00:15.1: PCI bridge to [bus 04]
[    0.656333] kernel: pci 0000:00:15.1:   bridge window [io  0x8000-0x8fff]
[    0.656430] kernel: pci 0000:00:15.1:   bridge window [mem 0xfd000000-0xfd0fffff]
[    0.656528] kernel: pci 0000:00:15.1:   bridge window [mem 0xe7700000-0xe77fffff 64bit pref]
[    0.656660] kernel: pci 0000:00:15.2: PCI bridge to [bus 05]
[    0.656733] kernel: pci 0000:00:15.2:   bridge window [io  0xc000-0xcfff]
[    0.656830] kernel: pci 0000:00:15.2:   bridge window [mem 0xfcc00000-0xfccfffff]
[    0.656927] kernel: pci 0000:00:15.2:   bridge window [mem 0xe7300000-0xe73fffff 64bit pref]
[    0.657062] kernel: pci 0000:00:15.3: PCI bridge to [bus 06]
[    0.657148] kernel: pci 0000:00:15.3:   bridge window [mem 0xfc800000-0xfc8fffff]
[    0.657245] kernel: pci 0000:00:15.3:   bridge window [mem 0xe6f00000-0xe6ffffff 64bit pref]
[    0.657374] kernel: pci 0000:00:15.4: PCI bridge to [bus 07]
[    0.657462] kernel: pci 0000:00:15.4:   bridge window [mem 0xfc400000-0xfc4fffff]
[    0.657559] kernel: pci 0000:00:15.4:   bridge window [mem 0xe6b00000-0xe6bfffff 64bit pref]
[    0.657689] kernel: pci 0000:00:15.5: PCI bridge to [bus 08]
[    0.657776] kernel: pci 0000:00:15.5:   bridge window [mem 0xfc000000-0xfc0fffff]
[    0.657872] kernel: pci 0000:00:15.5:   bridge window [mem 0xe6700000-0xe67fffff 64bit pref]
[    0.658003] kernel: pci 0000:00:15.6: PCI bridge to [bus 09]
[    0.658090] kernel: pci 0000:00:15.6:   bridge window [mem 0xfbc00000-0xfbcfffff]
[    0.658187] kernel: pci 0000:00:15.6:   bridge window [mem 0xe6300000-0xe63fffff 64bit pref]
[    0.658316] kernel: pci 0000:00:15.7: PCI bridge to [bus 0a]
[    0.658402] kernel: pci 0000:00:15.7:   bridge window [mem 0xfb800000-0xfb8fffff]
[    0.658500] kernel: pci 0000:00:15.7:   bridge window [mem 0xe5f00000-0xe5ffffff 64bit pref]
[    0.658629] kernel: pci 0000:00:16.0: PCI bridge to [bus 0b]
[    0.658701] kernel: pci 0000:00:16.0:   bridge window [io  0x5000-0x5fff]
[    0.658800] kernel: pci 0000:00:16.0:   bridge window [mem 0xfd300000-0xfd3fffff]
[    0.658896] kernel: pci 0000:00:16.0:   bridge window [mem 0xe7a00000-0xe7afffff 64bit pref]
[    0.659026] kernel: pci 0000:00:16.1: PCI bridge to [bus 0c]
[    0.659099] kernel: pci 0000:00:16.1:   bridge window [io  0x9000-0x9fff]
[    0.659196] kernel: pci 0000:00:16.1:   bridge window [mem 0xfcf00000-0xfcffffff]
[    0.659292] kernel: pci 0000:00:16.1:   bridge window [mem 0xe7600000-0xe76fffff 64bit pref]
[    0.659421] kernel: pci 0000:00:16.2: PCI bridge to [bus 0d]
[    0.659495] kernel: pci 0000:00:16.2:   bridge window [io  0xd000-0xdfff]
[    0.659594] kernel: pci 0000:00:16.2:   bridge window [mem 0xfcb00000-0xfcbfffff]
[    0.659700] kernel: pci 0000:00:16.2:   bridge window [mem 0xe7200000-0xe72fffff 64bit pref]
[    0.659830] kernel: pci 0000:00:16.3: PCI bridge to [bus 0e]
[    0.659917] kernel: pci 0000:00:16.3:   bridge window [mem 0xfc700000-0xfc7fffff]
[    0.660014] kernel: pci 0000:00:16.3:   bridge window [mem 0xe6e00000-0xe6efffff 64bit pref]
[    0.660144] kernel: pci 0000:00:16.4: PCI bridge to [bus 0f]
[    0.660230] kernel: pci 0000:00:16.4:   bridge window [mem 0xfc300000-0xfc3fffff]
[    0.660327] kernel: pci 0000:00:16.4:   bridge window [mem 0xe6a00000-0xe6afffff 64bit pref]
[    0.660467] kernel: pci 0000:00:16.5: PCI bridge to [bus 10]
[    0.660554] kernel: pci 0000:00:16.5:   bridge window [mem 0xfbf00000-0xfbffffff]
[    0.660653] kernel: pci 0000:00:16.5:   bridge window [mem 0xe6600000-0xe66fffff 64bit pref]
[    0.660783] kernel: pci 0000:00:16.6: PCI bridge to [bus 11]
[    0.660871] kernel: pci 0000:00:16.6:   bridge window [mem 0xfbb00000-0xfbbfffff]
[    0.660967] kernel: pci 0000:00:16.6:   bridge window [mem 0xe6200000-0xe62fffff 64bit pref]
[    0.661106] kernel: pci 0000:00:16.7: PCI bridge to [bus 12]
[    0.661193] kernel: pci 0000:00:16.7:   bridge window [mem 0xfb700000-0xfb7fffff]
[    0.661290] kernel: pci 0000:00:16.7:   bridge window [mem 0xe5e00000-0xe5efffff 64bit pref]
[    0.661418] kernel: pci 0000:00:17.0: PCI bridge to [bus 13]
[    0.661492] kernel: pci 0000:00:17.0:   bridge window [io  0x6000-0x6fff]
[    0.661590] kernel: pci 0000:00:17.0:   bridge window [mem 0xfd200000-0xfd2fffff]
[    0.661686] kernel: pci 0000:00:17.0:   bridge window [mem 0xe7900000-0xe79fffff 64bit pref]
[    0.661815] kernel: pci 0000:00:17.1: PCI bridge to [bus 14]
[    0.661888] kernel: pci 0000:00:17.1:   bridge window [io  0xa000-0xafff]
[    0.661985] kernel: pci 0000:00:17.1:   bridge window [mem 0xfce00000-0xfcefffff]
[    0.662082] kernel: pci 0000:00:17.1:   bridge window [mem 0xe7500000-0xe75fffff 64bit pref]
[    0.662211] kernel: pci 0000:00:17.2: PCI bridge to [bus 15]
[    0.662284] kernel: pci 0000:00:17.2:   bridge window [io  0xe000-0xefff]
[    0.662384] kernel: pci 0000:00:17.2:   bridge window [mem 0xfca00000-0xfcafffff]
[    0.662481] kernel: pci 0000:00:17.2:   bridge window [mem 0xe7100000-0xe71fffff 64bit pref]
[    0.662611] kernel: pci 0000:00:17.3: PCI bridge to [bus 16]
[    0.662698] kernel: pci 0000:00:17.3:   bridge window [mem 0xfc600000-0xfc6fffff]
[    0.662795] kernel: pci 0000:00:17.3:   bridge window [mem 0xe6d00000-0xe6dfffff 64bit pref]
[    0.662925] kernel: pci 0000:00:17.4: PCI bridge to [bus 17]
[    0.663012] kernel: pci 0000:00:17.4:   bridge window [mem 0xfc200000-0xfc2fffff]
[    0.663109] kernel: pci 0000:00:17.4:   bridge window [mem 0xe6900000-0xe69fffff 64bit pref]
[    0.663238] kernel: pci 0000:00:17.5: PCI bridge to [bus 18]
[    0.663325] kernel: pci 0000:00:17.5:   bridge window [mem 0xfbe00000-0xfbefffff]
[    0.663422] kernel: pci 0000:00:17.5:   bridge window [mem 0xe6500000-0xe65fffff 64bit pref]
[    0.663555] kernel: pci 0000:00:17.6: PCI bridge to [bus 19]
[    0.663643] kernel: pci 0000:00:17.6:   bridge window [mem 0xfba00000-0xfbafffff]
[    0.663740] kernel: pci 0000:00:17.6:   bridge window [mem 0xe6100000-0xe61fffff 64bit pref]
[    0.663870] kernel: pci 0000:00:17.7: PCI bridge to [bus 1a]
[    0.663957] kernel: pci 0000:00:17.7:   bridge window [mem 0xfb600000-0xfb6fffff]
[    0.664054] kernel: pci 0000:00:17.7:   bridge window [mem 0xe5d00000-0xe5dfffff 64bit pref]
[    0.664191] kernel: pci 0000:00:18.0: PCI bridge to [bus 1b]
[    0.664265] kernel: pci 0000:00:18.0:   bridge window [io  0x7000-0x7fff]
[    0.664363] kernel: pci 0000:00:18.0:   bridge window [mem 0xfd100000-0xfd1fffff]
[    0.664460] kernel: pci 0000:00:18.0:   bridge window [mem 0xe7800000-0xe78fffff 64bit pref]
[    0.664590] kernel: pci 0000:00:18.1: PCI bridge to [bus 1c]
[    0.664663] kernel: pci 0000:00:18.1:   bridge window [io  0xb000-0xbfff]
[    0.664760] kernel: pci 0000:00:18.1:   bridge window [mem 0xfcd00000-0xfcdfffff]
[    0.664857] kernel: pci 0000:00:18.1:   bridge window [mem 0xe7400000-0xe74fffff 64bit pref]
[    0.664986] kernel: pci 0000:00:18.2: PCI bridge to [bus 1d]
[    0.665079] kernel: pci 0000:00:18.2:   bridge window [mem 0xfc900000-0xfc9fffff]
[    0.665176] kernel: pci 0000:00:18.2:   bridge window [mem 0xe7000000-0xe70fffff 64bit pref]
[    0.665306] kernel: pci 0000:00:18.3: PCI bridge to [bus 1e]
[    0.665393] kernel: pci 0000:00:18.3:   bridge window [mem 0xfc500000-0xfc5fffff]
[    0.665490] kernel: pci 0000:00:18.3:   bridge window [mem 0xe6c00000-0xe6cfffff 64bit pref]
[    0.665620] kernel: pci 0000:00:18.4: PCI bridge to [bus 1f]
[    0.665707] kernel: pci 0000:00:18.4:   bridge window [mem 0xfc100000-0xfc1fffff]
[    0.665804] kernel: pci 0000:00:18.4:   bridge window [mem 0xe6800000-0xe68fffff 64bit pref]
[    0.665935] kernel: pci 0000:00:18.5: PCI bridge to [bus 20]
[    0.666021] kernel: pci 0000:00:18.5:   bridge window [mem 0xfbd00000-0xfbdfffff]
[    0.666245] kernel: pci 0000:00:18.5:   bridge window [mem 0xe6400000-0xe64fffff 64bit pref]
[    0.666375] kernel: pci 0000:00:18.6: PCI bridge to [bus 21]
[    0.666462] kernel: pci 0000:00:18.6:   bridge window [mem 0xfb900000-0xfb9fffff]
[    0.666559] kernel: pci 0000:00:18.6:   bridge window [mem 0xe6000000-0xe60fffff 64bit pref]
[    0.666689] kernel: pci 0000:00:18.7: PCI bridge to [bus 22]
[    0.666777] kernel: pci 0000:00:18.7:   bridge window [mem 0xfb500000-0xfb5fffff]
[    0.666874] kernel: pci 0000:00:18.7:   bridge window [mem 0xe5c00000-0xe5cfffff 64bit pref]
[    0.667003] kernel: pci_bus 0000:00: resource 4 [mem 0x000a0000-0x000bffff window]
[    0.667086] kernel: pci_bus 0000:00: resource 5 [mem 0x000d0000-0x000d3fff window]
[    0.667169] kernel: pci_bus 0000:00: resource 6 [mem 0x000d4000-0x000d7fff window]
[    0.667251] kernel: pci_bus 0000:00: resource 7 [mem 0x000d8000-0x000dbfff window]
[    0.667334] kernel: pci_bus 0000:00: resource 8 [mem 0xc0000000-0xfebfffff window]
[    0.667416] kernel: pci_bus 0000:00: resource 9 [io  0x0000-0x0cf7 window]
[    0.667492] kernel: pci_bus 0000:00: resource 10 [io  0x0d00-0xfeff window]
[    0.667570] kernel: pci_bus 0000:02: resource 0 [io  0x2000-0x3fff]
[    0.667640] kernel: pci_bus 0000:02: resource 1 [mem 0xfd500000-0xfdffffff]
[    0.667717] kernel: pci_bus 0000:02: resource 2 [mem 0xe7b00000-0xe7ffffff 64bit pref]
[    0.667806] kernel: pci_bus 0000:02: resource 4 [mem 0x000a0000-0x000bffff window]
[    0.667889] kernel: pci_bus 0000:02: resource 5 [mem 0x000d0000-0x000d3fff window]
[    0.667971] kernel: pci_bus 0000:02: resource 6 [mem 0x000d4000-0x000d7fff window]
[    0.668053] kernel: pci_bus 0000:02: resource 7 [mem 0x000d8000-0x000dbfff window]
[    0.668136] kernel: pci_bus 0000:02: resource 8 [mem 0xc0000000-0xfebfffff window]
[    0.668218] kernel: pci_bus 0000:02: resource 9 [io  0x0000-0x0cf7 window]
[    0.668294] kernel: pci_bus 0000:02: resource 10 [io  0x0d00-0xfeff window]
[    0.668371] kernel: pci_bus 0000:03: resource 0 [io  0x4000-0x4fff]
[    0.668442] kernel: pci_bus 0000:03: resource 1 [mem 0xfd400000-0xfd4fffff]
[    0.668519] kernel: pci_bus 0000:03: resource 2 [mem 0xc0000000-0xc01fffff 64bit pref]
[    0.668608] kernel: pci_bus 0000:04: resource 0 [io  0x8000-0x8fff]
[    0.668678] kernel: pci_bus 0000:04: resource 1 [mem 0xfd000000-0xfd0fffff]
[    0.668755] kernel: pci_bus 0000:04: resource 2 [mem 0xe7700000-0xe77fffff 64bit pref]
[    0.668844] kernel: pci_bus 0000:05: resource 0 [io  0xc000-0xcfff]
[    0.668914] kernel: pci_bus 0000:05: resource 1 [mem 0xfcc00000-0xfccfffff]
[    0.668990] kernel: pci_bus 0000:05: resource 2 [mem 0xe7300000-0xe73fffff 64bit pref]
[    0.669086] kernel: pci_bus 0000:06: resource 1 [mem 0xfc800000-0xfc8fffff]
[    0.669163] kernel: pci_bus 0000:06: resource 2 [mem 0xe6f00000-0xe6ffffff 64bit pref]
[    0.669251] kernel: pci_bus 0000:07: resource 1 [mem 0xfc400000-0xfc4fffff]
[    0.669328] kernel: pci_bus 0000:07: resource 2 [mem 0xe6b00000-0xe6bfffff 64bit pref]
[    0.669417] kernel: pci_bus 0000:08: resource 1 [mem 0xfc000000-0xfc0fffff]
[    0.669497] kernel: pci_bus 0000:08: resource 2 [mem 0xe6700000-0xe67fffff 64bit pref]
[    0.669586] kernel: pci_bus 0000:09: resource 1 [mem 0xfbc00000-0xfbcfffff]
[    0.669668] kernel: pci_bus 0000:09: resource 2 [mem 0xe6300000-0xe63fffff 64bit pref]
[    0.669766] kernel: pci_bus 0000:0a: resource 1 [mem 0xfb800000-0xfb8fffff]
[    0.669843] kernel: pci_bus 0000:0a: resource 2 [mem 0xe5f00000-0xe5ffffff 64bit pref]
[    0.669932] kernel: pci_bus 0000:0b: resource 0 [io  0x5000-0x5fff]
[    0.670003] kernel: pci_bus 0000:0b: resource 1 [mem 0xfd300000-0xfd3fffff]
[    0.670080] kernel: pci_bus 0000:0b: resource 2 [mem 0xe7a00000-0xe7afffff 64bit pref]
[    0.670169] kernel: pci_bus 0000:0c: resource 0 [io  0x9000-0x9fff]
[    0.670238] kernel: pci_bus 0000:0c: resource 1 [mem 0xfcf00000-0xfcffffff]
[    0.670315] kernel: pci_bus 0000:0c: resource 2 [mem 0xe7600000-0xe76fffff 64bit pref]
[    0.670404] kernel: pci_bus 0000:0d: resource 0 [io  0xd000-0xdfff]
[    0.670476] kernel: pci_bus 0000:0d: resource 1 [mem 0xfcb00000-0xfcbfffff]
[    0.670552] kernel: pci_bus 0000:0d: resource 2 [mem 0xe7200000-0xe72fffff 64bit pref]
[    0.670644] kernel: pci_bus 0000:0e: resource 1 [mem 0xfc700000-0xfc7fffff]
[    0.670721] kernel: pci_bus 0000:0e: resource 2 [mem 0xe6e00000-0xe6efffff 64bit pref]
[    0.670810] kernel: pci_bus 0000:0f: resource 1 [mem 0xfc300000-0xfc3fffff]
[    0.670887] kernel: pci_bus 0000:0f: resource 2 [mem 0xe6a00000-0xe6afffff 64bit pref]
[    0.670976] kernel: pci_bus 0000:10: resource 1 [mem 0xfbf00000-0xfbffffff]
[    0.671053] kernel: pci_bus 0000:10: resource 2 [mem 0xe6600000-0xe66fffff 64bit pref]
[    0.671142] kernel: pci_bus 0000:11: resource 1 [mem 0xfbb00000-0xfbbfffff]
[    0.671219] kernel: pci_bus 0000:11: resource 2 [mem 0xe6200000-0xe62fffff 64bit pref]
[    0.671308] kernel: pci_bus 0000:12: resource 1 [mem 0xfb700000-0xfb7fffff]
[    0.671385] kernel: pci_bus 0000:12: resource 2 [mem 0xe5e00000-0xe5efffff 64bit pref]
[    0.671473] kernel: pci_bus 0000:13: resource 0 [io  0x6000-0x6fff]
[    0.671543] kernel: pci_bus 0000:13: resource 1 [mem 0xfd200000-0xfd2fffff]
[    0.671623] kernel: pci_bus 0000:13: resource 2 [mem 0xe7900000-0xe79fffff 64bit pref]
[    0.671712] kernel: pci_bus 0000:14: resource 0 [io  0xa000-0xafff]
[    0.671782] kernel: pci_bus 0000:14: resource 1 [mem 0xfce00000-0xfcefffff]
[    0.671858] kernel: pci_bus 0000:14: resource 2 [mem 0xe7500000-0xe75fffff 64bit pref]
[    0.671947] kernel: pci_bus 0000:15: resource 0 [io  0xe000-0xefff]
[    0.672017] kernel: pci_bus 0000:15: resource 1 [mem 0xfca00000-0xfcafffff]
[    0.672093] kernel: pci_bus 0000:15: resource 2 [mem 0xe7100000-0xe71fffff 64bit pref]
[    0.672182] kernel: pci_bus 0000:16: resource 1 [mem 0xfc600000-0xfc6fffff]
[    0.672258] kernel: pci_bus 0000:16: resource 2 [mem 0xe6d00000-0xe6dfffff 64bit pref]
[    0.672348] kernel: pci_bus 0000:17: resource 1 [mem 0xfc200000-0xfc2fffff]
[    0.672424] kernel: pci_bus 0000:17: resource 2 [mem 0xe6900000-0xe69fffff 64bit pref]
[    0.672517] kernel: pci_bus 0000:18: resource 1 [mem 0xfbe00000-0xfbefffff]
[    0.672593] kernel: pci_bus 0000:18: resource 2 [mem 0xe6500000-0xe65fffff 64bit pref]
[    0.672682] kernel: pci_bus 0000:19: resource 1 [mem 0xfba00000-0xfbafffff]
[    0.672759] kernel: pci_bus 0000:19: resource 2 [mem 0xe6100000-0xe61fffff 64bit pref]
[    0.672848] kernel: pci_bus 0000:1a: resource 1 [mem 0xfb600000-0xfb6fffff]
[    0.672925] kernel: pci_bus 0000:1a: resource 2 [mem 0xe5d00000-0xe5dfffff 64bit pref]
[    0.673013] kernel: pci_bus 0000:1b: resource 0 [io  0x7000-0x7fff]
[    0.673100] kernel: pci_bus 0000:1b: resource 1 [mem 0xfd100000-0xfd1fffff]
[    0.673177] kernel: pci_bus 0000:1b: resource 2 [mem 0xe7800000-0xe78fffff 64bit pref]
[    0.673266] kernel: pci_bus 0000:1c: resource 0 [io  0xb000-0xbfff]
[    0.673336] kernel: pci_bus 0000:1c: resource 1 [mem 0xfcd00000-0xfcdfffff]
[    0.673413] kernel: pci_bus 0000:1c: resource 2 [mem 0xe7400000-0xe74fffff 64bit pref]
[    0.673502] kernel: pci_bus 0000:1d: resource 1 [mem 0xfc900000-0xfc9fffff]
[    0.673578] kernel: pci_bus 0000:1d: resource 2 [mem 0xe7000000-0xe70fffff 64bit pref]
[    0.673667] kernel: pci_bus 0000:1e: resource 1 [mem 0xfc500000-0xfc5fffff]
[    0.673744] kernel: pci_bus 0000:1e: resource 2 [mem 0xe6c00000-0xe6cfffff 64bit pref]
[    0.673833] kernel: pci_bus 0000:1f: resource 1 [mem 0xfc100000-0xfc1fffff]
[    0.673909] kernel: pci_bus 0000:1f: resource 2 [mem 0xe6800000-0xe68fffff 64bit pref]
[    0.673998] kernel: pci_bus 0000:20: resource 1 [mem 0xfbd00000-0xfbdfffff]
[    0.674074] kernel: pci_bus 0000:20: resource 2 [mem 0xe6400000-0xe64fffff 64bit pref]
[    0.674164] kernel: pci_bus 0000:21: resource 1 [mem 0xfb900000-0xfb9fffff]
[    0.674240] kernel: pci_bus 0000:21: resource 2 [mem 0xe6000000-0xe60fffff 64bit pref]
[    0.674329] kernel: pci_bus 0000:22: resource 1 [mem 0xfb500000-0xfb5fffff]
[    0.674406] kernel: pci_bus 0000:22: resource 2 [mem 0xe5c00000-0xe5cfffff 64bit pref]
[    0.674744] kernel: NET: Registered protocol family 2
[    0.675000] kernel: IP idents hash table entries: 131072 (order: 8, 1048576 bytes, linear)
[    0.675928] kernel: tcp_listen_portaddr_hash hash table entries: 4096 (order: 4, 65536 bytes, linear)
[    0.676132] kernel: TCP established hash table entries: 65536 (order: 7, 524288 bytes, linear)
[    0.676447] kernel: TCP bind hash table entries: 65536 (order: 8, 1048576 bytes, linear)
[    0.676619] kernel: TCP: Hash tables configured (established 65536 bind 65536)
[    0.676761] kernel: UDP hash table entries: 4096 (order: 5, 131072 bytes, linear)
[    0.676877] kernel: UDP-Lite hash table entries: 4096 (order: 5, 131072 bytes, linear)
[    0.677005] kernel: NET: Registered protocol family 1
[    0.677084] kernel: NET: Registered protocol family 44
[    0.677149] kernel: pci 0000:00:00.0: Limiting direct PCI/PCI transfers
[    0.677309] kernel: pci 0000:00:0f.0: Video device with shadowed ROM at [mem 0x000c0000-0x000dffff]
[    0.677700] kernel: PCI: CLS 32 bytes, default 64
[    0.677798] kernel: Trying to unpack rootfs image as initramfs...
[    0.872795] kernel: Freeing initrd memory: 82820K
[    0.872926] kernel: PCI-DMA: Using software bounce buffering for IO (SWIOTLB)
[    0.873015] kernel: software IO TLB: mapped [mem 0xbbee0000-0xbfee0000] (64MB)
[    0.873261] kernel: check: Scanning for low memory corruption every 60 seconds
[    0.873715] kernel: Initialise system trusted keyrings
[    0.873783] kernel: Key type blacklist registered
[    0.873878] kernel: workingset: timestamp_bits=36 max_order=21 bucket_order=0
[    0.875081] kernel: zbud: loaded
[    0.875380] kernel: squashfs: version 4.0 (2009/01/31) Phillip Lougher
[    0.875624] kernel: fuse: init (API version 7.31)
[    0.875692] kernel: *** VALIDATE fuse ***
[    0.875742] kernel: *** VALIDATE fuse ***
[    0.875868] kernel: Platform Keyring initialized
[    0.878703] kernel: Key type asymmetric registered
[    0.878761] kernel: Asymmetric key parser 'x509' registered
[    0.878830] kernel: Block layer SCSI generic (bsg) driver version 0.4 loaded (major 244)
[    0.878960] kernel: io scheduler mq-deadline registered
[    0.879690] kernel: pcieport 0000:00:15.0: PME: Signaling with IRQ 24
[    0.879836] kernel: pcieport 0000:00:15.0: pciehp: Slot #160 AttnBtn+ PwrCtrl+ MRL- AttnInd- PwrInd- HotPlug+ Surprise- Interlock- NoCompl+ LLActRep+
[    0.880789] kernel: pcieport 0000:00:15.1: PME: Signaling with IRQ 25
[    0.880931] kernel: pcieport 0000:00:15.1: pciehp: Slot #161 AttnBtn+ PwrCtrl+ MRL- AttnInd- PwrInd- HotPlug+ Surprise- Interlock- NoCompl+ LLActRep+
[    0.881958] kernel: pcieport 0000:00:15.2: PME: Signaling with IRQ 26
[    0.882320] kernel: pcieport 0000:00:15.2: pciehp: Slot #162 AttnBtn+ PwrCtrl+ MRL- AttnInd- PwrInd- HotPlug+ Surprise- Interlock- NoCompl+ LLActRep+
[    0.883194] kernel: pcieport 0000:00:15.3: PME: Signaling with IRQ 27
[    0.883331] kernel: pcieport 0000:00:15.3: pciehp: Slot #163 AttnBtn+ PwrCtrl+ MRL- AttnInd- PwrInd- HotPlug+ Surprise- Interlock- NoCompl+ LLActRep+
[    0.884161] kernel: pcieport 0000:00:15.4: PME: Signaling with IRQ 28
[    0.884299] kernel: pcieport 0000:00:15.4: pciehp: Slot #164 AttnBtn+ PwrCtrl+ MRL- AttnInd- PwrInd- HotPlug+ Surprise- Interlock- NoCompl+ LLActRep+
[    0.885134] kernel: pcieport 0000:00:15.5: PME: Signaling with IRQ 29
[    0.885269] kernel: pcieport 0000:00:15.5: pciehp: Slot #165 AttnBtn+ PwrCtrl+ MRL- AttnInd- PwrInd- HotPlug+ Surprise- Interlock- NoCompl+ LLActRep+
[    0.886086] kernel: pcieport 0000:00:15.6: PME: Signaling with IRQ 30
[    0.886225] kernel: pcieport 0000:00:15.6: pciehp: Slot #166 AttnBtn+ PwrCtrl+ MRL- AttnInd- PwrInd- HotPlug+ Surprise- Interlock- NoCompl+ LLActRep+
[    0.887045] kernel: pcieport 0000:00:15.7: PME: Signaling with IRQ 31
[    0.887181] kernel: pcieport 0000:00:15.7: pciehp: Slot #167 AttnBtn+ PwrCtrl+ MRL- AttnInd- PwrInd- HotPlug+ Surprise- Interlock- NoCompl+ LLActRep+
[    0.887993] kernel: pcieport 0000:00:16.0: PME: Signaling with IRQ 32
[    0.888133] kernel: pcieport 0000:00:16.0: pciehp: Slot #192 AttnBtn+ PwrCtrl+ MRL- AttnInd- PwrInd- HotPlug+ Surprise- Interlock- NoCompl+ LLActRep+
[    0.888959] kernel: pcieport 0000:00:16.1: PME: Signaling with IRQ 33
[    0.889101] kernel: pcieport 0000:00:16.1: pciehp: Slot #193 AttnBtn+ PwrCtrl+ MRL- AttnInd- PwrInd- HotPlug+ Surprise- Interlock- NoCompl+ LLActRep+
[    0.889936] kernel: pcieport 0000:00:16.2: PME: Signaling with IRQ 34
[    0.890071] kernel: pcieport 0000:00:16.2: pciehp: Slot #194 AttnBtn+ PwrCtrl+ MRL- AttnInd- PwrInd- HotPlug+ Surprise- Interlock- NoCompl+ LLActRep+
[    0.890901] kernel: pcieport 0000:00:16.3: PME: Signaling with IRQ 35
[    0.891038] kernel: pcieport 0000:00:16.3: pciehp: Slot #195 AttnBtn+ PwrCtrl+ MRL- AttnInd- PwrInd- HotPlug+ Surprise- Interlock- NoCompl+ LLActRep+
[    0.891857] kernel: pcieport 0000:00:16.4: PME: Signaling with IRQ 36
[    0.891993] kernel: pcieport 0000:00:16.4: pciehp: Slot #196 AttnBtn+ PwrCtrl+ MRL- AttnInd- PwrInd- HotPlug+ Surprise- Interlock- NoCompl+ LLActRep+
[    0.892807] kernel: pcieport 0000:00:16.5: PME: Signaling with IRQ 37
[    0.892942] kernel: pcieport 0000:00:16.5: pciehp: Slot #197 AttnBtn+ PwrCtrl+ MRL- AttnInd- PwrInd- HotPlug+ Surprise- Interlock- NoCompl+ LLActRep+
[    0.893771] kernel: pcieport 0000:00:16.6: PME: Signaling with IRQ 38
[    0.893915] kernel: pcieport 0000:00:16.6: pciehp: Slot #198 AttnBtn+ PwrCtrl+ MRL- AttnInd- PwrInd- HotPlug+ Surprise- Interlock- NoCompl+ LLActRep+
[    0.894745] kernel: pcieport 0000:00:16.7: PME: Signaling with IRQ 39
[    0.894880] kernel: pcieport 0000:00:16.7: pciehp: Slot #199 AttnBtn+ PwrCtrl+ MRL- AttnInd- PwrInd- HotPlug+ Surprise- Interlock- NoCompl+ LLActRep+
[    0.895694] kernel: pcieport 0000:00:17.0: PME: Signaling with IRQ 40
[    0.895829] kernel: pcieport 0000:00:17.0: pciehp: Slot #224 AttnBtn+ PwrCtrl+ MRL- AttnInd- PwrInd- HotPlug+ Surprise- Interlock- NoCompl+ LLActRep+
[    0.896651] kernel: pcieport 0000:00:17.1: PME: Signaling with IRQ 41
[    0.896786] kernel: pcieport 0000:00:17.1: pciehp: Slot #225 AttnBtn+ PwrCtrl+ MRL- AttnInd- PwrInd- HotPlug+ Surprise- Interlock- NoCompl+ LLActRep+
[    0.897604] kernel: pcieport 0000:00:17.2: PME: Signaling with IRQ 42
[    0.897741] kernel: pcieport 0000:00:17.2: pciehp: Slot #226 AttnBtn+ PwrCtrl+ MRL- AttnInd- PwrInd- HotPlug+ Surprise- Interlock- NoCompl+ LLActRep+
[    0.898579] kernel: pcieport 0000:00:17.3: PME: Signaling with IRQ 43
[    0.898713] kernel: pcieport 0000:00:17.3: pciehp: Slot #227 AttnBtn+ PwrCtrl+ MRL- AttnInd- PwrInd- HotPlug+ Surprise- Interlock- NoCompl+ LLActRep+
[    0.899527] kernel: pcieport 0000:00:17.4: PME: Signaling with IRQ 44
[    0.899665] kernel: pcieport 0000:00:17.4: pciehp: Slot #228 AttnBtn+ PwrCtrl+ MRL- AttnInd- PwrInd- HotPlug+ Surprise- Interlock- NoCompl+ LLActRep+
[    0.900486] kernel: pcieport 0000:00:17.5: PME: Signaling with IRQ 45
[    0.900621] kernel: pcieport 0000:00:17.5: pciehp: Slot #229 AttnBtn+ PwrCtrl+ MRL- AttnInd- PwrInd- HotPlug+ Surprise- Interlock- NoCompl+ LLActRep+
[    0.901442] kernel: pcieport 0000:00:17.6: PME: Signaling with IRQ 46
[    0.901582] kernel: pcieport 0000:00:17.6: pciehp: Slot #230 AttnBtn+ PwrCtrl+ MRL- AttnInd- PwrInd- HotPlug+ Surprise- Interlock- NoCompl+ LLActRep+
[    0.902460] kernel: pcieport 0000:00:17.7: PME: Signaling with IRQ 47
[    0.902595] kernel: pcieport 0000:00:17.7: pciehp: Slot #231 AttnBtn+ PwrCtrl+ MRL- AttnInd- PwrInd- HotPlug+ Surprise- Interlock- NoCompl+ LLActRep+
[    0.903409] kernel: pcieport 0000:00:18.0: PME: Signaling with IRQ 48
[    0.903549] kernel: pcieport 0000:00:18.0: pciehp: Slot #256 AttnBtn+ PwrCtrl+ MRL- AttnInd- PwrInd- HotPlug+ Surprise- Interlock- NoCompl+ LLActRep+
[    0.904371] kernel: pcieport 0000:00:18.1: PME: Signaling with IRQ 49
[    0.904506] kernel: pcieport 0000:00:18.1: pciehp: Slot #257 AttnBtn+ PwrCtrl+ MRL- AttnInd- PwrInd- HotPlug+ Surprise- Interlock- NoCompl+ LLActRep+
[    0.905325] kernel: pcieport 0000:00:18.2: PME: Signaling with IRQ 50
[    0.905462] kernel: pcieport 0000:00:18.2: pciehp: Slot #258 AttnBtn+ PwrCtrl+ MRL- AttnInd- PwrInd- HotPlug+ Surprise- Interlock- NoCompl+ LLActRep+
[    0.906279] kernel: pcieport 0000:00:18.3: PME: Signaling with IRQ 51
[    0.906415] kernel: pcieport 0000:00:18.3: pciehp: Slot #259 AttnBtn+ PwrCtrl+ MRL- AttnInd- PwrInd- HotPlug+ Surprise- Interlock- NoCompl+ LLActRep+
[    0.907241] kernel: pcieport 0000:00:18.4: PME: Signaling with IRQ 52
[    0.907381] kernel: pcieport 0000:00:18.4: pciehp: Slot #260 AttnBtn+ PwrCtrl+ MRL- AttnInd- PwrInd- HotPlug+ Surprise- Interlock- NoCompl+ LLActRep+
[    0.908202] kernel: pcieport 0000:00:18.5: PME: Signaling with IRQ 53
[    0.908337] kernel: pcieport 0000:00:18.5: pciehp: Slot #261 AttnBtn+ PwrCtrl+ MRL- AttnInd- PwrInd- HotPlug+ Surprise- Interlock- NoCompl+ LLActRep+
[    0.909161] kernel: pcieport 0000:00:18.6: PME: Signaling with IRQ 54
[    0.909299] kernel: pcieport 0000:00:18.6: pciehp: Slot #262 AttnBtn+ PwrCtrl+ MRL- AttnInd- PwrInd- HotPlug+ Surprise- Interlock- NoCompl+ LLActRep+
[    0.910127] kernel: pcieport 0000:00:18.7: PME: Signaling with IRQ 55
[    0.910265] kernel: pcieport 0000:00:18.7: pciehp: Slot #263 AttnBtn+ PwrCtrl+ MRL- AttnInd- PwrInd- HotPlug+ Surprise- Interlock- NoCompl+ LLActRep+
[    0.910762] kernel: shpchp: Standard Hot Plug PCI Controller Driver version: 0.4
[    0.910902] kernel: intel_idle: Please enable MWAIT in BIOS SETUP
[    0.911172] kernel: ACPI: AC Adapter [ACAD] (on-line)
[    0.911306] kernel: input: Power Button as /devices/LNXSYSTM:00/LNXPWRBN:00/input/input0
[    0.911426] kernel: ACPI: Power Button [PWRF]
[    0.911833] kernel: Serial: 8250/16550 driver, 32 ports, IRQ sharing enabled
[    0.913012] kernel: Linux agpgart interface v0.103
[    0.913202] kernel: agpgart-intel 0000:00:00.0: Intel 440BX Chipset
[    0.913566] kernel: agpgart-intel 0000:00:00.0: AGP aperture is 256M @ 0x0
[    1.041046] kernel: loop: module loaded
[    1.041227] kernel: ata_piix 0000:00:07.1: version 2.13
[    1.041658] kernel: scsi host0: ata_piix
[    1.041807] kernel: scsi host1: ata_piix
[    1.041877] kernel: ata1: PATA max UDMA/33 cmd 0x1f0 ctl 0x3f6 bmdma 0x1060 irq 14
[    1.041960] kernel: ata2: PATA max UDMA/33 cmd 0x170 ctl 0x376 bmdma 0x1068 irq 15
[    1.042120] kernel: tun: Universal TUN/TAP device driver, 1.6
[    1.042394] kernel: PPP generic driver version 2.4.2
[    1.042491] kernel: VFIO - User Level meta-driver version: 0.3
[    1.042615] kernel: ehci_hcd: USB 2.0 'Enhanced' Host Controller (EHCI) Driver
[    1.042696] kernel: ehci-pci: EHCI PCI platform driver
[    1.042768] kernel: ehci-platform: EHCI generic platform driver
[    1.042840] kernel: ohci_hcd: USB 1.1 'Open' Host Controller (OHCI) Driver
[    1.042917] kernel: ohci-pci: OHCI PCI platform driver
[    1.042982] kernel: ohci-platform: OHCI generic platform driver
[    1.043054] kernel: uhci_hcd: USB Universal Host Controller Interface driver
[    1.043180] kernel: i8042: PNP: PS/2 Controller [PNP0303:KBC,PNP0f13:MOUS] at 0x60,0x64 irq 1,12
[    1.043981] kernel: serio: i8042 KBD port at 0x60,0x64 irq 1
[    1.044050] kernel: serio: i8042 AUX port at 0x60,0x64 irq 12
[    1.044197] kernel: mousedev: PS/2 mouse device common for all mice
[    1.044830] kernel: rtc_cmos 00:01: registered as rtc0
[    1.044915] kernel: rtc_cmos 00:01: alarms up to one month, y3k, 114 bytes nvram, hpet irqs
[    1.045015] kernel: i2c /dev entries driver
[    1.045112] kernel: device-mapper: uevent: version 1.0.3
[    1.045278] kernel: device-mapper: ioctl: 4.41.0-ioctl (2019-09-16) initialised: dm-devel@redhat.com
[    1.045416] kernel: input: AT Translated Set 2 keyboard as /devices/platform/i8042/serio0/input/input1
[    1.045593] kernel: platform eisa.0: Probing EISA bus 0
[    1.045745] kernel: platform eisa.0: EISA: Cannot allocate resource for mainboard
[    1.045828] kernel: platform eisa.0: Cannot allocate resource for EISA slot 1
[    1.045907] kernel: platform eisa.0: Cannot allocate resource for EISA slot 2
[    1.045985] kernel: platform eisa.0: Cannot allocate resource for EISA slot 3
[    1.046063] kernel: platform eisa.0: Cannot allocate resource for EISA slot 4
[    1.046142] kernel: platform eisa.0: Cannot allocate resource for EISA slot 5
[    1.046219] kernel: platform eisa.0: Cannot allocate resource for EISA slot 6
[    1.046298] kernel: platform eisa.0: Cannot allocate resource for EISA slot 7
[    1.046376] kernel: platform eisa.0: Cannot allocate resource for EISA slot 8
[    1.046454] kernel: platform eisa.0: EISA: Detected 0 cards
[    1.046519] kernel: intel_pstate: CPU model not supported
[    1.046608] kernel: ledtrig-cpu: registered to indicate activity on CPUs
[    1.046789] kernel: drop_monitor: Initializing network drop monitor service
[    1.046995] kernel: NET: Registered protocol family 10
[    1.051809] kernel: Segment Routing with IPv6
[    1.051880] kernel: NET: Registered protocol family 17
[    1.051980] kernel: Key type dns_resolver registered
[    1.052183] kernel: RAS: Correctable Errors collector initialized.
[    1.052259] kernel: IPI shorthand broadcast: enabled
[    1.052324] kernel: sched_clock: Marking stable (1043450964, 8655301)->(1057811190, -5704925)
[    1.052479] kernel: registered taskstats version 1
[    1.052544] kernel: Loading compiled-in X.509 certificates
[    1.053174] kernel: Loaded X.509 cert 'Build time autogenerated kernel key: 14c1fcd338762a2eeacd3b20a829b037b9235452'
[    1.053769] kernel: Loaded X.509 cert 'Canonical Ltd. Live Patch Signing: 14df34d1a87cf37625abec039ef2bf521249b969'
[    1.054354] kernel: Loaded X.509 cert 'Canonical Ltd. Kernel Module Signing: 88f752e560a1e0737e31163a466ad7b70a850c19'
[    1.054469] kernel: blacklist: Loading compiled-in revocation X.509 certificates
[    1.054565] kernel: Loaded X.509 cert 'Canonical Ltd. Secure Boot Signing: 61482aa2830d0ab2ad5af10b7250da9033ddcef0'
[    1.054701] kernel: zswap: loaded using pool lzo/zbud
[    1.054832] kernel: Key type ._fscrypt registered
[    1.054888] kernel: Key type .fscrypt registered
[    1.059034] kernel: Key type big_key registered
[    1.061018] kernel: Key type encrypted registered
[    1.061097] kernel: AppArmor: AppArmor sha1 policy hashing enabled
[    1.061173] kernel: ima: No TPM chip found, activating TPM-bypass!
[    1.061246] kernel: ima: Allocated hash algorithm: sha1
[    1.061311] kernel: ima: No architecture policies found
[    1.061379] kernel: evm: Initialising EVM extended attributes:
[    1.061445] kernel: evm: security.selinux
[    1.061493] kernel: evm: security.SMACK64
[    1.061542] kernel: evm: security.SMACK64EXEC
[    1.061593] kernel: evm: security.SMACK64TRANSMUTE
[    1.061648] kernel: evm: security.SMACK64MMAP
[    1.061700] kernel: evm: security.apparmor
[    1.061748] kernel: evm: security.ima
[    1.061793] kernel: evm: security.capability
[    1.061844] kernel: evm: HMAC attrs: 0x1
[    1.062849] kernel: audit: type=1400 audit(1673262557.951:5): apparmor="STATUS" info="AppArmor sha1 policy hashing enabled" pid=1 comm="swapper/0"
[    1.063126] kernel: PM:   Magic number: 7:426:175
[    1.063261] kernel: acpi device:38: hash matches
[    1.063322] kernel: acpi device:0b: hash matches
[    1.063476] kernel: rtc_cmos 00:01: setting system clock to 2023-01-09T11:09:18 UTC (1673262558)
[    1.223748] kernel: Freeing unused decrypted memory: 2040K
[    1.224448] kernel: Freeing unused kernel image memory: 2756K
[    1.224516] kernel: Write protecting the kernel read-only data: 26624k
[    1.225166] kernel: Freeing unused kernel image memory: 2008K
[    1.225420] kernel: Freeing unused kernel image memory: 744K
[    1.233000] kernel: x86/mm: Checked W+X mappings: passed, no W+X pages found.
[    1.233097] kernel: Run /init as init process
[    1.350967] kernel: piix4_smbus 0000:00:07.3: SMBus Host Controller not enabled!
[    1.354649] kernel: Fusion MPT base driver 3.04.20
[    1.354713] kernel: Copyright (c) 1999-2008 LSI Corporation
[    1.356507] kernel: Fusion MPT SPI Host driver 3.04.20
[    1.359872] kernel: ahci 0000:02:01.0: version 3.0
[    1.360891] kernel: ahci 0000:02:01.0: AHCI 0001.0300 32 slots 30 ports 6 Gbps 0x3fffffff impl SATA mode
[    1.361001] kernel: ahci 0000:02:01.0: flags: 64bit ncq clo only 
[    1.362875] kernel: VMware vmxnet3 virtual NIC driver - version 1.4.17.0-k-NAPI
[    1.362985] kernel: vmxnet3 0000:03:00.0: # of Tx queues : 2, # of Rx queues : 2
[    1.364445] kernel: vmxnet3 0000:03:00.0 eth0: NIC Link is Up 10000 Mbps
[    1.366640] kernel: mptbase: ioc0: Initiating bringup
[    1.370083] kernel: [drm] DMA map mode: Caching DMA mappings.
[    1.370433] kernel: [drm] Capabilities:
[    1.370481] kernel: [drm]   Rect copy.
[    1.370527] kernel: [drm]   Cursor.
[    1.370570] kernel: [drm]   Cursor bypass.
[    1.370619] kernel: [drm]   Cursor bypass 2.
[    1.370669] kernel: [drm]   8bit emulation.
[    1.370718] kernel: [drm]   Alpha cursor.
[    1.370766] kernel: [drm]   Extended Fifo.
[    1.370815] kernel: [drm]   Multimon.
[    1.370859] kernel: [drm]   Pitchlock.
[    1.370904] kernel: [drm]   Irq mask.
[    1.370949] kernel: [drm]   Display Topology.
[    1.371000] kernel: [drm]   GMR.
[    1.371040] kernel: [drm]   Traces.
[    1.371083] kernel: [drm]   GMR2.
[    1.371125] kernel: [drm]   Screen Object 2.
[    1.371175] kernel: [drm]   Command Buffers.
[    1.371225] kernel: [drm]   Command Buffers 2.
[    1.371277] kernel: [drm]   Guest Backed Resources.
[    1.371333] kernel: [drm]   DX Features.
[    1.371380] kernel: [drm]   HP Command Queue.
[    1.371432] kernel: [drm] Max GMR ids is 64
[    1.371481] kernel: [drm] Max number of GMR pages is 65536
[    1.371543] kernel: [drm] Max dedicated hypervisor surface memory is 0 kiB
[    1.371619] kernel: [drm] Maximum display memory size is 16384 kiB
[    1.371687] kernel: [drm] VRAM at 0xe8000000 size is 4096 kiB
[    1.371752] kernel: [drm] MMIO at 0xfe000000 size is 256 kiB
[    1.372204] kernel: [TTM] Zone  kernel: Available graphics memory: 4074338 KiB
[    1.372287] kernel: [TTM] Zone   dma32: Available graphics memory: 2097152 KiB
[    1.372366] kernel: [TTM] Initializing pool allocator
[    1.372539] kernel: [TTM] Initializing DMA pool allocator
[    1.372828] kernel: [drm] Supports vblank timestamp caching Rev 2 (21.10.2013).
[    1.372910] kernel: [drm] No driver support for vblank timestamp query.
[    1.373180] kernel: [drm] Screen Target Display device initialized
[    1.373418] kernel: [drm] width 640
[    1.373472] kernel: [drm] height 480
[    1.373522] kernel: [drm] bpp 32
[    1.374453] kernel: [drm] Fifo max 0x00040000 min 0x00001000 cap 0x0000077f
[    1.375411] kernel: [drm] Using command buffers with DMA pool.
[    1.375489] kernel: [drm] DX: no.
[    1.375536] kernel: [drm] Atomic: yes.
[    1.375583] kernel: [drm] SM4_1: no.
[    1.379787] kernel: fbcon: svgadrmfb (fb0) is primary device
[    1.382327] kernel: Console: switching to colour frame buffer device 100x37
[    1.383506] kernel: input: VirtualPS/2 VMware VMMouse as /devices/platform/i8042/serio1/input/input4
[    1.383760] kernel: input: VirtualPS/2 VMware VMMouse as /devices/platform/i8042/serio1/input/input3
[    1.384080] kernel: [drm] Initialized vmwgfx 2.15.0 20180704 for 0000:00:0f.0 on minor 0
[    1.387521] kernel: scsi host2: ahci
[    1.387989] kernel: scsi host3: ahci
[    1.389384] kernel: scsi host4: ahci
[    1.389894] kernel: scsi host5: ahci
[    1.393125] kernel: cryptd: max_cpu_qlen set to 1000
[    1.396520] kernel: AVX2 version of gcm_enc/dec engaged.
[    1.396540] kernel: AES CTR mode by8 optimization enabled
[    1.396660] kernel: scsi host6: ahci
[    1.402047] kernel: scsi host7: ahci
[    1.404417] kernel: scsi host8: ahci
[    1.405116] kernel: scsi host9: ahci
[    1.409661] kernel: scsi host10: ahci
[    1.413176] kernel: scsi host11: ahci
[    1.414170] kernel: scsi host12: ahci
[    1.415216] kernel: scsi host13: ahci
[    1.416671] kernel: scsi host14: ahci
[    1.417192] kernel: scsi host15: ahci
[    1.421469] kernel: scsi host16: ahci
[    1.421957] kernel: scsi host17: ahci
[    1.422393] kernel: scsi host18: ahci
[    1.422486] kernel: vmxnet3 0000:03:00.0 ens160: renamed from eth0
[    1.422813] kernel: scsi host19: ahci
[    1.425323] kernel: scsi host20: ahci
[    1.426246] kernel: scsi host21: ahci
[    1.428733] kernel: scsi host22: ahci
[    1.430237] kernel: scsi host23: ahci
[    1.430640] kernel: scsi host24: ahci
[    1.431125] kernel: scsi host25: ahci
[    1.431487] kernel: scsi host26: ahci
[    1.434176] kernel: scsi host27: ahci
[    1.434649] kernel: scsi host28: ahci
[    1.435880] kernel: scsi host29: ahci
[    1.436632] kernel: scsi host30: ahci
[    1.437393] kernel: scsi host31: ahci
[    1.437652] kernel: ata3: SATA max UDMA/133 abar m4096@0xfd5ff000 port 0xfd5ff100 irq 56
[    1.437905] kernel: ata4: SATA max UDMA/133 abar m4096@0xfd5ff000 port 0xfd5ff180 irq 56
[    1.438125] kernel: ata5: SATA max UDMA/133 abar m4096@0xfd5ff000 port 0xfd5ff200 irq 56
[    1.438329] kernel: ata6: SATA max UDMA/133 abar m4096@0xfd5ff000 port 0xfd5ff280 irq 56
[    1.438534] kernel: ata7: SATA max UDMA/133 abar m4096@0xfd5ff000 port 0xfd5ff300 irq 56
[    1.438739] kernel: ata8: SATA max UDMA/133 abar m4096@0xfd5ff000 port 0xfd5ff380 irq 56
[    1.438945] kernel: ata9: SATA max UDMA/133 abar m4096@0xfd5ff000 port 0xfd5ff400 irq 56
[    1.439141] kernel: ata10: SATA max UDMA/133 abar m4096@0xfd5ff000 port 0xfd5ff480 irq 56
[    1.439346] kernel: ata11: SATA max UDMA/133 abar m4096@0xfd5ff000 port 0xfd5ff500 irq 56
[    1.439544] kernel: ata12: SATA max UDMA/133 abar m4096@0xfd5ff000 port 0xfd5ff580 irq 56
[    1.439743] kernel: ata13: SATA max UDMA/133 abar m4096@0xfd5ff000 port 0xfd5ff600 irq 56
[    1.439933] kernel: ata14: SATA max UDMA/133 abar m4096@0xfd5ff000 port 0xfd5ff680 irq 56
[    1.440146] kernel: ata15: SATA max UDMA/133 abar m4096@0xfd5ff000 port 0xfd5ff700 irq 56
[    1.440340] kernel: ata16: SATA max UDMA/133 abar m4096@0xfd5ff000 port 0xfd5ff780 irq 56
[    1.440531] kernel: ata17: SATA max UDMA/133 abar m4096@0xfd5ff000 port 0xfd5ff800 irq 56
[    1.440710] kernel: ata18: SATA max UDMA/133 abar m4096@0xfd5ff000 port 0xfd5ff880 irq 56
[    1.440889] kernel: ata19: SATA max UDMA/133 abar m4096@0xfd5ff000 port 0xfd5ff900 irq 56
[    1.441088] kernel: ata20: SATA max UDMA/133 abar m4096@0xfd5ff000 port 0xfd5ff980 irq 56
[    1.441277] kernel: ata21: SATA max UDMA/133 abar m4096@0xfd5ff000 port 0xfd5ffa00 irq 56
[    1.441497] kernel: ata22: SATA max UDMA/133 abar m4096@0xfd5ff000 port 0xfd5ffa80 irq 56
[    1.441678] kernel: ata23: SATA max UDMA/133 abar m4096@0xfd5ff000 port 0xfd5ffb00 irq 56
[    1.441869] kernel: ata24: SATA max UDMA/133 abar m4096@0xfd5ff000 port 0xfd5ffb80 irq 56
[    1.442050] kernel: ata25: SATA max UDMA/133 abar m4096@0xfd5ff000 port 0xfd5ffc00 irq 56
[    1.442221] kernel: ata26: SATA max UDMA/133 abar m4096@0xfd5ff000 port 0xfd5ffc80 irq 56
[    1.442379] kernel: ata27: SATA max UDMA/133 abar m4096@0xfd5ff000 port 0xfd5ffd00 irq 56
[    1.442543] kernel: ata28: SATA max UDMA/133 abar m4096@0xfd5ff000 port 0xfd5ffd80 irq 56
[    1.442697] kernel: ata29: SATA max UDMA/133 abar m4096@0xfd5ff000 port 0xfd5ffe00 irq 56
[    1.442860] kernel: ata30: SATA max UDMA/133 abar m4096@0xfd5ff000 port 0xfd5ffe80 irq 56
[    1.443042] kernel: ata31: SATA max UDMA/133 abar m4096@0xfd5ff000 port 0xfd5fff00 irq 56
[    1.443221] kernel: ata32: SATA max UDMA/133 abar m4096@0xfd5ff000 port 0xfd5fff80 irq 56
[    1.485202] kernel: ioc0: LSI53C1030 B0: Capabilities={Initiator}
[    1.729811] kernel: scsi host32: ioc0: LSI53C1030 B0, FwRev=01032920h, Ports=1, MaxQ=128, IRQ=17
[    1.755456] kernel: ata5: SATA link down (SStatus 0 SControl 300)
[    1.755827] kernel: ata4: SATA link down (SStatus 0 SControl 300)
[    1.756105] kernel: ata3: SATA link up 6.0 Gbps (SStatus 133 SControl 300)
[    1.756431] kernel: ata3.00: ATAPI: VMware Virtual SATA CDRW Drive, 00000001, max UDMA/33
[    1.756794] kernel: ata3.00: configured for UDMA/33
[    1.757231] kernel: ata6: SATA link down (SStatus 0 SControl 300)
[    1.757535] kernel: scsi 2:0:0:0: CD-ROM            NECVMWar VMware SATA CD00 1.00 PQ: 0 ANSI: 5
[    1.759760] kernel: ata17: SATA link down (SStatus 0 SControl 300)
[    1.760131] kernel: ata16: SATA link down (SStatus 0 SControl 300)
[    1.760459] kernel: ata21: SATA link down (SStatus 0 SControl 300)
[    1.760838] kernel: ata7: SATA link down (SStatus 0 SControl 300)
[    1.761194] kernel: ata27: SATA link down (SStatus 0 SControl 300)
[    1.761531] kernel: ata25: SATA link down (SStatus 0 SControl 300)
[    1.761864] kernel: ata18: SATA link down (SStatus 0 SControl 300)
[    1.762199] kernel: ata23: SATA link down (SStatus 0 SControl 300)
[    1.762530] kernel: ata26: SATA link down (SStatus 0 SControl 300)
[    1.762867] kernel: ata22: SATA link down (SStatus 0 SControl 300)
[    1.763199] kernel: ata11: SATA link down (SStatus 0 SControl 300)
[    1.763535] kernel: ata19: SATA link down (SStatus 0 SControl 300)
[    1.763876] kernel: ata20: SATA link down (SStatus 0 SControl 300)
[    1.764211] kernel: ata9: SATA link down (SStatus 0 SControl 300)
[    1.764559] kernel: ata15: SATA link down (SStatus 0 SControl 300)
[    1.764917] kernel: ata10: SATA link down (SStatus 0 SControl 300)
[    1.765287] kernel: ata8: SATA link down (SStatus 0 SControl 300)
[    1.765723] kernel: ata12: SATA link down (SStatus 0 SControl 300)
[    1.766121] kernel: ata29: SATA link down (SStatus 0 SControl 300)
[    1.766505] kernel: ata14: SATA link down (SStatus 0 SControl 300)
[    1.766893] kernel: ata24: SATA link down (SStatus 0 SControl 300)
[    1.767275] kernel: ata31: SATA link down (SStatus 0 SControl 300)
[    1.767661] kernel: ata32: SATA link down (SStatus 0 SControl 300)
[    1.768045] kernel: ata30: SATA link down (SStatus 0 SControl 300)
[    1.768429] kernel: ata28: SATA link down (SStatus 0 SControl 300)
[    1.768814] kernel: ata13: SATA link down (SStatus 0 SControl 300)
[    1.785216] kernel: sr 2:0:0:0: [sr0] scsi3-mmc drive: 1x/1x writer dvd-ram cd/rw xa/form2 cdda tray
[    1.785685] kernel: cdrom: Uniform CD-ROM driver Revision: 3.20
[    1.821073] kernel: sr 2:0:0:0: Attached scsi CD-ROM sr0
[    1.821402] kernel: sr 2:0:0:0: Attached scsi generic sg0 type 5
[    1.901060] kernel: tsc: Refined TSC clocksource calibration: 2394.376 MHz
[    1.901497] kernel: clocksource: tsc: mask: 0xffffffffffffffff max_cycles: 0x228376e40a5, max_idle_ns: 440795311654 ns
[    1.902349] kernel: clocksource: Switched to clocksource tsc
[    1.902358] kernel: scsi 32:0:0:0: Direct-Access     VMware   Virtual disk     2.0  PQ: 0 ANSI: 6
[    1.925034] kernel: scsi target32:0:0: Beginning Domain Validation
[    1.925996] kernel: scsi target32:0:0: Domain Validation skipping write tests
[    1.926427] kernel: scsi target32:0:0: Ending Domain Validation
[    1.926860] kernel: scsi target32:0:0: FAST-80 WIDE SCSI 160.0 MB/s DT (12.5 ns, offset 127)
[    1.928257] kernel: sd 32:0:0:0: Attached scsi generic sg1 type 0
[    1.928376] kernel: sd 32:0:0:0: [sda] 209715200 512-byte logical blocks: (107 GB/100 GiB)
[    1.929202] kernel: sd 32:0:0:0: [sda] Write Protect is off
[    1.929655] kernel: sd 32:0:0:0: [sda] Mode Sense: 31 00 00 00
[    1.929678] kernel: sd 32:0:0:0: [sda] Cache data unavailable
[    1.930133] kernel: sd 32:0:0:0: [sda] Assuming drive cache: write through
[    1.952460] kernel:  sda: sda1 sda2 sda3
[    1.973192] kernel: sd 32:0:0:0: [sda] Attached SCSI disk
[    2.185037] kernel: raid6: avx512x4 gen() 33798 MB/s
[    2.233032] kernel: raid6: avx512x4 xor() 16010 MB/s
[    2.281032] kernel: raid6: avx512x2 gen() 32094 MB/s
[    2.329027] kernel: raid6: avx512x2 xor() 20147 MB/s
[    2.377032] kernel: raid6: avx512x1 gen() 28079 MB/s
[    2.425030] kernel: raid6: avx512x1 xor() 16193 MB/s
[    2.473033] kernel: raid6: avx2x4   gen() 27871 MB/s
[    2.521033] kernel: raid6: avx2x4   xor() 16219 MB/s
[    2.569035] kernel: raid6: avx2x2   gen() 25474 MB/s
[    2.617040] kernel: raid6: avx2x2   xor() 16127 MB/s
