[    0.000000] kernel: Linux version 5.4.0-122-generic (buildd@lcy02-amd64-095) (gcc version 9.4.0 (Ubuntu 9.4.0-1ubuntu1~20.04.1)) #138-Ubuntu SMP Wed Jun 22 15:00:31 UTC 2022 (Ubuntu 5.4.0-122.138-generic 5.4.192)
[    0.000000] kernel: Command line: BOOT_IMAGE=/vmlinuz-5.4.0-122-generic root=/dev/mapper/ubuntu-root ro audit=1 maybe-ubiquity
[    0.000000] kernel: KERNEL supported cpus:
[    0.000000] kernel:   Intel GenuineIntel
[    0.000000] kernel:   AMD AuthenticAMD
[    0.000000] kernel:   Hygon HygonGenuine
[    0.000000] kernel:   Centaur CentaurHauls
[    0.000000] kernel:   zhaoxin   Shanghai  
[    0.000000] kernel: Disabled fast string operations
[    0.000000] kernel: x86/fpu: Supporting XSAVE feature 0x001: 'x87 floating point registers'
[    0.000000] kernel: x86/fpu: Supporting XSAVE feature 0x002: 'SSE registers'
[    0.000000] kernel: x86/fpu: Supporting XSAVE feature 0x004: 'AVX registers'
[    0.000000] kernel: x86/fpu: Supporting XSAVE feature 0x020: 'AVX-512 opmask'
[    0.000000] kernel: x86/fpu: Supporting XSAVE feature 0x040: 'AVX-512 Hi256'
[    0.000000] kernel: x86/fpu: Supporting XSAVE feature 0x080: 'AVX-512 ZMM_Hi256'
[    0.000000] kernel: x86/fpu: Supporting XSAVE feature 0x200: 'Protection Keys User registers'
[    0.000000] kernel: x86/fpu: xstate_offset[2]:  576, xstate_sizes[2]:  256
[    0.000000] kernel: x86/fpu: xstate_offset[5]:  832, xstate_sizes[5]:   64
[    0.000000] kernel: x86/fpu: xstate_offset[6]:  896, xstate_sizes[6]:  512
[    0.000000] kernel: x86/fpu: xstate_offset[7]: 1408, xstate_sizes[7]: 1024
[    0.000000] kernel: x86/fpu: xstate_offset[9]: 2432, xstate_sizes[9]:    8
[    0.000000] kernel: x86/fpu: Enabled xstate features 0x2e7, context size is 2440 bytes, using 'compacted' format.
[    0.000000] kernel: BIOS-provided physical RAM map:
[    0.000000] kernel: BIOS-e820: [mem 0x0000000000000000-0x000000000009f3ff] usable
[    0.000000] kernel: BIOS-e820: [mem 0x000000000009f400-0x000000000009ffff] reserved
[    0.000000] kernel: BIOS-e820: [mem 0x00000000000dc000-0x00000000000fffff] reserved
[    0.000000] kernel: BIOS-e820: [mem 0x0000000000100000-0x00000000bfedffff] usable
[    0.000000] kernel: BIOS-e820: [mem 0x00000000bfee0000-0x00000000bfefefff] ACPI data
[    0.000000] kernel: BIOS-e820: [mem 0x00000000bfeff000-0x00000000bfefffff] ACPI NVS
[    0.000000] kernel: BIOS-e820: [mem 0x00000000bff00000-0x00000000bfffffff] usable
[    0.000000] kernel: BIOS-e820: [mem 0x00000000f0000000-0x00000000f7ffffff] reserved
[    0.000000] kernel: BIOS-e820: [mem 0x00000000fec00000-0x00000000fec0ffff] reserved
[    0.000000] kernel: BIOS-e820: [mem 0x00000000fee00000-0x00000000fee00fff] reserved
[    0.000000] kernel: BIOS-e820: [mem 0x00000000fffe0000-0x00000000ffffffff] reserved
[    0.000000] kernel: BIOS-e820: [mem 0x0000000100000000-0x000000023fffffff] usable
[    0.000000] kernel: NX (Execute Disable) protection: active
[    0.000000] kernel: SMBIOS 2.7 present.
[    0.000000] kernel: DMI: VMware, Inc. VMware Virtual Platform/440BX Desktop Reference Platform, BIOS 6.00 11/12/2020
[    0.000000] kernel: vmware: hypercall mode: 0x00
[    0.000000] kernel: Hypervisor detected: VMware
[    0.000000] kernel: vmware: TSC freq read from hypervisor : 2394.374 MHz
[    0.000000] kernel: vmware: Host bus clock speed read from hypervisor : 66000000 Hz
[    0.000000] kernel: vmware: using sched offset of 4554103968 ns
[    0.000001] kernel: tsc: Detected 2394.374 MHz processor
[    0.004167] kernel: e820: update [mem 0x00000000-0x00000fff] usable ==> reserved
[    0.004168] kernel: e820: remove [mem 0x000a0000-0x000fffff] usable
[    0.004172] kernel: last_pfn = 0x240000 max_arch_pfn = 0x400000000
[    0.004192] kernel: MTRR default type: uncachable
[    0.004192] kernel: MTRR fixed ranges enabled:
[    0.004193] kernel:   00000-9FFFF write-back
[    0.004194] kernel:   A0000-BFFFF uncachable
[    0.004194] kernel:   C0000-CFFFF write-protect
[    0.004195] kernel:   D0000-EFFFF uncachable
[    0.004195] kernel:   F0000-FFFFF write-protect
[    0.004196] kernel: MTRR variable ranges enabled:
[    0.004197] kernel:   0 base 00000000000 mask 7FC00000000 write-back
[    0.004198] kernel:   1 base 000C0000000 mask 7FFC0000000 uncachable
[    0.004198] kernel:   2 disabled
[    0.004199] kernel:   3 disabled
[    0.004199] kernel:   4 disabled
[    0.004199] kernel:   5 disabled
[    0.004200] kernel:   6 disabled
[    0.004200] kernel:   7 disabled
[    0.004210] kernel: x86/PAT: Configuration [0-7]: WB  WC  UC- UC  WB  WP  UC- WT  
[    0.004223] kernel: total RAM covered: 15360M
[    0.004645] kernel: Found optimal setting for mtrr clean up
[    0.004646] kernel:  gran_size: 64K         chunk_size: 64K         num_reg: 4          lose cover RAM: 0G
[    0.004690] kernel: e820: update [mem 0xc0000000-0xffffffff] usable ==> reserved
[    0.004695] kernel: last_pfn = 0xc0000 max_arch_pfn = 0x400000000
[    0.008966] kernel: found SMP MP-table at [mem 0x000f6a70-0x000f6a7f]
[    0.009091] kernel: check: Scanning 1 areas for low memory corruption
[    0.009128] kernel: Using GB pages for direct mapping
[    0.009361] kernel: RAMDISK: [mem 0x2de2d000-0x32f0dfff]
[    0.009367] kernel: ACPI: Early table checksum verification disabled
[    0.009370] kernel: ACPI: RSDP 0x00000000000F6A00 000024 (v02 PTLTD )
[    0.009373] kernel: ACPI: XSDT 0x00000000BFEEEA0F 00005C (v01 INTEL  440BX    06040000 VMW  01324272)
[    0.009378] kernel: ACPI: FACP 0x00000000BFEFEE73 0000F4 (v04 INTEL  440BX    06040000 PTL  000F4240)
[    0.009383] kernel: ACPI: DSDT 0x00000000BFEEEC95 0101DE (v01 PTLTD  Custom   06040000 MSFT 03000001)
[    0.009385] kernel: ACPI: FACS 0x00000000BFEFFFC0 000040
[    0.009387] kernel: ACPI: FACS 0x00000000BFEFFFC0 000040
[    0.009389] kernel: ACPI: BOOT 0x00000000BFEEEC6D 000028 (v01 PTLTD  $SBFTBL$ 06040000  LTP 00000001)
[    0.009392] kernel: ACPI: APIC 0x00000000BFEEEC0F 00005E (v01 PTLTD  ? APIC   06040000  LTP 00000000)
[    0.009394] kernel: ACPI: MCFG 0x00000000BFEEEBD3 00003C (v01 PTLTD  $PCITBL$ 06040000  LTP 00000001)
[    0.009396] kernel: ACPI: SRAT 0x00000000BFEEEB0B 0000C8 (v02 VMWARE MEMPLUG  06040000 VMW  00000001)
[    0.009398] kernel: ACPI: HPET 0x00000000BFEEEAD3 000038 (v01 VMWARE VMW HPET 06040000 VMW  00000001)
[    0.009401] kernel: ACPI: WAET 0x00000000BFEEEAAB 000028 (v01 VMWARE VMW WAET 06040000 VMW  00000001)
[    0.009403] kernel: ACPI: Reserving FACP table memory at [mem 0xbfefee73-0xbfefef66]
[    0.009404] kernel: ACPI: Reserving DSDT table memory at [mem 0xbfeeec95-0xbfefee72]
[    0.009405] kernel: ACPI: Reserving FACS table memory at [mem 0xbfefffc0-0xbfefffff]
[    0.009405] kernel: ACPI: Reserving FACS table memory at [mem 0xbfefffc0-0xbfefffff]
[    0.009406] kernel: ACPI: Reserving BOOT table memory at [mem 0xbfeeec6d-0xbfeeec94]
[    0.009407] kernel: ACPI: Reserving APIC table memory at [mem 0xbfeeec0f-0xbfeeec6c]
[    0.009408] kernel: ACPI: Reserving MCFG table memory at [mem 0xbfeeebd3-0xbfeeec0e]
[    0.009408] kernel: ACPI: Reserving SRAT table memory at [mem 0xbfeeeb0b-0xbfeeebd2]
[    0.009409] kernel: ACPI: Reserving HPET table memory at [mem 0xbfeeead3-0xbfeeeb0a]
[    0.009410] kernel: ACPI: Reserving WAET table memory at [mem 0xbfeeeaab-0xbfeeead2]
[    0.009427] kernel: ACPI: Local APIC address 0xfee00000
[    0.009516] kernel: SRAT: PXM 0 -> APIC 0x00 -> Node 0
[    0.009517] kernel: SRAT: PXM 0 -> APIC 0x02 -> Node 0
[    0.009520] kernel: ACPI: SRAT: Node 0 PXM 0 [mem 0x00000000-0x0009ffff]
[    0.009522] kernel: ACPI: SRAT: Node 0 PXM 0 [mem 0x00100000-0xbfffffff]
[    0.009524] kernel: ACPI: SRAT: Node 0 PXM 0 [mem 0x100000000-0x23fffffff]
[    0.009527] kernel: NUMA: Node 0 [mem 0x00000000-0x0009ffff] + [mem 0x00100000-0xbfffffff] -> [mem 0x00000000-0xbfffffff]
[    0.009529] kernel: NUMA: Node 0 [mem 0x00000000-0xbfffffff] + [mem 0x100000000-0x23fffffff] -> [mem 0x00000000-0x23fffffff]
[    0.009543] kernel: NODE_DATA(0) allocated [mem 0x23ffd5000-0x23fffffff]
[    0.009752] kernel: Zone ranges:
[    0.009752] kernel:   DMA      [mem 0x0000000000001000-0x0000000000ffffff]
[    0.009753] kernel:   DMA32    [mem 0x0000000001000000-0x00000000ffffffff]
[    0.009754] kernel:   Normal   [mem 0x0000000100000000-0x000000023fffffff]
[    0.009755] kernel:   Device   empty
[    0.009756] kernel: Movable zone start for each node
[    0.009759] kernel: Early memory node ranges
[    0.009760] kernel:   node   0: [mem 0x0000000000001000-0x000000000009efff]
[    0.009761] kernel:   node   0: [mem 0x0000000000100000-0x00000000bfedffff]
[    0.009762] kernel:   node   0: [mem 0x00000000bff00000-0x00000000bfffffff]
[    0.009762] kernel:   node   0: [mem 0x0000000100000000-0x000000023fffffff]
[    0.009773] kernel: Zeroed struct page in unavailable ranges: 130 pages
[    0.009774] kernel: Initmem setup node 0 [mem 0x0000000000001000-0x000000023fffffff]
[    0.009775] kernel: On node 0 totalpages: 2097022
[    0.009776] kernel:   DMA zone: 64 pages used for memmap
[    0.009777] kernel:   DMA zone: 21 pages reserved
[    0.009777] kernel:   DMA zone: 3998 pages, LIFO batch:0
[    0.009861] kernel:   DMA32 zone: 12224 pages used for memmap
[    0.009862] kernel:   DMA32 zone: 782304 pages, LIFO batch:63
[    0.026418] kernel:   Normal zone: 20480 pages used for memmap
[    0.026419] kernel:   Normal zone: 1310720 pages, LIFO batch:63
[    0.054545] kernel: ACPI: PM-Timer IO Port: 0x1008
[    0.054548] kernel: ACPI: Local APIC address 0xfee00000
[    0.054555] kernel: ACPI: LAPIC_NMI (acpi_id[0x00] high edge lint[0x1])
[    0.054556] kernel: ACPI: LAPIC_NMI (acpi_id[0x01] high edge lint[0x1])
[    0.054590] kernel: IOAPIC[0]: apic_id 1, version 17, address 0xfec00000, GSI 0-23
[    0.054592] kernel: ACPI: INT_SRC_OVR (bus 0 bus_irq 0 global_irq 2 high edge)
[    0.054594] kernel: ACPI: IRQ0 used by override.
[    0.054594] kernel: ACPI: IRQ9 used by override.
[    0.054596] kernel: Using ACPI (MADT) for SMP configuration information
[    0.054597] kernel: ACPI: HPET id: 0x8086af01 base: 0xfed00000
[    0.054600] kernel: TSC deadline timer available
[    0.054602] kernel: smpboot: Allowing 2 CPUs, 0 hotplug CPUs
[    0.054620] kernel: PM: Registered nosave memory: [mem 0x00000000-0x00000fff]
[    0.054623] kernel: PM: Registered nosave memory: [mem 0x0009f000-0x0009ffff]
[    0.054625] kernel: PM: Registered nosave memory: [mem 0x000a0000-0x000dbfff]
[    0.054626] kernel: PM: Registered nosave memory: [mem 0x000dc000-0x000fffff]
[    0.054629] kernel: PM: Registered nosave memory: [mem 0xbfee0000-0xbfefefff]
[    0.054630] kernel: PM: Registered nosave memory: [mem 0xbfeff000-0xbfefffff]
[    0.054633] kernel: PM: Registered nosave memory: [mem 0xc0000000-0xefffffff]
[    0.054634] kernel: PM: Registered nosave memory: [mem 0xf0000000-0xf7ffffff]
[    0.054636] kernel: PM: Registered nosave memory: [mem 0xf8000000-0xfebfffff]
[    0.054637] kernel: PM: Registered nosave memory: [mem 0xfec00000-0xfec0ffff]
[    0.054638] kernel: PM: Registered nosave memory: [mem 0xfec10000-0xfedfffff]
[    0.054640] kernel: PM: Registered nosave memory: [mem 0xfee00000-0xfee00fff]
[    0.054641] kernel: PM: Registered nosave memory: [mem 0xfee01000-0xfffdffff]
[    0.054642] kernel: PM: Registered nosave memory: [mem 0xfffe0000-0xffffffff]
[    0.054645] kernel: [mem 0xc0000000-0xefffffff] available for PCI devices
[    0.054646] kernel: Booting paravirtualized kernel on VMware hypervisor
[    0.054650] kernel: clocksource: refined-jiffies: mask: 0xffffffff max_cycles: 0xffffffff, max_idle_ns: 7645519600211568 ns
[    0.054658] kernel: setup_percpu: NR_CPUS:8192 nr_cpumask_bits:2 nr_cpu_ids:2 nr_node_ids:1
[    0.055003] kernel: percpu: Embedded 60 pages/cpu s208896 r8192 d28672 u1048576
[    0.055007] kernel: pcpu-alloc: s208896 r8192 d28672 u1048576 alloc=1*2097152
[    0.055008] kernel: pcpu-alloc: [0] 0 1 
[    0.055026] kernel: Built 1 zonelists, mobility grouping on.  Total pages: 2064233
[    0.055027] kernel: Policy zone: Normal
[    0.055029] kernel: Kernel command line: BOOT_IMAGE=/vmlinuz-5.4.0-122-generic root=/dev/mapper/ubuntu-root ro audit=1 maybe-ubiquity
[    0.055073] kernel: audit: enabled (after initialization)
[    0.056252] kernel: Dentry cache hash table entries: 1048576 (order: 11, 8388608 bytes, linear)
[    0.056832] kernel: Inode-cache hash table entries: 524288 (order: 10, 4194304 bytes, linear)
[    0.056886] kernel: mem auto-init: stack:off, heap alloc:on, heap free:off
[    0.066596] kernel: Calgary: detecting Calgary via BIOS EBDA area
[    0.066597] kernel: Calgary: Unable to locate Rio Grande table in EBDA - bailing!
[    0.086834] kernel: Memory: 8058276K/8388088K available (14339K kernel code, 2400K rwdata, 9496K rodata, 2756K init, 4944K bss, 329812K reserved, 0K cma-reserved)
[    0.086841] kernel: random: get_random_u64 called from kmem_cache_open+0x2d/0x410 with crng_init=0
[    0.086953] kernel: SLUB: HWalign=64, Order=0-3, MinObjects=0, CPUs=2, Nodes=1
[    0.086964] kernel: ftrace: allocating 44652 entries in 175 pages
[    0.102990] kernel: rcu: Hierarchical RCU implementation.
[    0.102992] kernel: rcu:         RCU restricting CPUs from NR_CPUS=8192 to nr_cpu_ids=2.
[    0.102993] kernel:         Tasks RCU enabled.
[    0.102994] kernel: rcu: RCU calculated value of scheduler-enlistment delay is 25 jiffies.
[    0.102995] kernel: rcu: Adjusting geometry for rcu_fanout_leaf=16, nr_cpu_ids=2
[    0.105368] kernel: NR_IRQS: 524544, nr_irqs: 440, preallocated irqs: 16
[    0.105656] kernel: random: crng done (trusting CPU's manufacturer)
[    0.107461] kernel: Console: colour VGA+ 80x25
[    0.115827] kernel: printk: console [tty0] enabled
[    0.115886] kernel: ACPI: Core revision 20190816
[    0.116119] kernel: clocksource: hpet: mask: 0xffffffff max_cycles: 0xffffffff, max_idle_ns: 133484882848 ns
[    0.116249] kernel: APIC: Switch to symmetric I/O mode setup
[    0.116407] kernel: x2apic enabled
[    0.116728] kernel: Switched APIC routing to physical x2apic.
[    0.117883] kernel: ..TIMER: vector=0x30 apic1=0 pin1=2 apic2=-1 pin2=-1
[    0.118064] kernel: clocksource: tsc-early: mask: 0xffffffffffffffff max_cycles: 0x228374dae5d, max_idle_ns: 440795268352 ns
[    0.118331] kernel: Calibrating delay loop (skipped) preset value.. 4788.74 BogoMIPS (lpj=9577498)
[    0.118542] kernel: pid_max: default: 32768 minimum: 301
[    0.118686] kernel: LSM: Security Framework initializing
[    0.118814] kernel: Yama: becoming mindful.
[    0.118931] kernel: AppArmor: AppArmor initialized
[    0.119088] kernel: Mount-cache hash table entries: 16384 (order: 5, 131072 bytes, linear)
[    0.119307] kernel: Mountpoint-cache hash table entries: 16384 (order: 5, 131072 bytes, linear)
[    0.119522] kernel: *** VALIDATE tmpfs ***
[    0.119734] kernel: *** VALIDATE proc ***
[    0.119870] kernel: *** VALIDATE cgroup1 ***
[    0.119965] kernel: *** VALIDATE cgroup2 ***
[    0.120119] kernel: Disabled fast string operations
[    0.122388] kernel: Last level iTLB entries: 4KB 64, 2MB 8, 4MB 8
[    0.122527] kernel: Last level dTLB entries: 4KB 64, 2MB 0, 4MB 0, 1GB 4
[    0.122680] kernel: Spectre V1 : Mitigation: usercopy/swapgs barriers and __user pointer sanitization
[    0.122896] kernel: Spectre V2 : Mitigation: Enhanced IBRS
[    0.123042] kernel: Spectre V2 : Spectre v2 / SpectreRSB mitigation: Filling RSB on context switch
[    0.123287] kernel: Spectre V2 : mitigation: Enabling conditional Indirect Branch Prediction Barrier
[    0.126015] kernel: Speculative Store Bypass: Mitigation: Speculative Store Bypass disabled via prctl and seccomp
[    0.126299] kernel: MMIO Stale Data: Vulnerable: Clear CPU buffers attempted, no microcode
[    0.126518] kernel: Freeing SMP alternatives memory: 40K
[    0.129250] kernel: smpboot: CPU0: Intel(R) Xeon(R) Gold 6240R CPU @ 2.40GHz (family: 0x6, model: 0x55, stepping: 0x7)
[    0.129667] kernel: Performance Events: Skylake events, core PMU driver.
[    0.129871] kernel: core: CPUID marked event: 'cpu cycles' unavailable
[    0.130047] kernel: core: CPUID marked event: 'instructions' unavailable
[    0.130227] kernel: core: CPUID marked event: 'bus cycles' unavailable
[    0.130329] kernel: core: CPUID marked event: 'cache references' unavailable
[    0.130329] kernel: core: CPUID marked event: 'cache misses' unavailable
[    0.130329] kernel: core: CPUID marked event: 'branch instructions' unavailable
[    0.130329] kernel: core: CPUID marked event: 'branch misses' unavailable
[    0.130329] kernel: ... version:                1
[    0.130329] kernel: ... bit width:              48
[    0.130329] kernel: ... generic registers:      4
[    0.130329] kernel: ... value mask:             0000ffffffffffff
[    0.130329] kernel: ... max period:             000000007fffffff
[    0.130329] kernel: ... fixed-purpose events:   0
[    0.130329] kernel: ... event mask:             000000000000000f
[    0.130329] kernel: rcu: Hierarchical SRCU implementation.
[    0.130329] kernel: NMI watchdog: Perf NMI watchdog permanently disabled
[    0.130341] kernel: smp: Bringing up secondary CPUs ...
[    0.130600] kernel: x86: Booting SMP configuration:
[    0.130732] kernel: .... node  #0, CPUs:      #1
[    0.016713] kernel: Disabled fast string operations
[    0.016713] kernel: smpboot: CPU 1 Converting physical 2 to logical package 1
[    0.016713] kernel: smpboot: CPU 1 Converting physical 0 to logical die 1
[    0.131526] kernel: smp: Brought up 1 node, 2 CPUs
[    0.131526] kernel: smpboot: Max logical packages: 2
[    0.131526] kernel: smpboot: Total of 2 processors activated (9577.49 BogoMIPS)
[    0.131526] kernel: devtmpfs: initialized
[    0.131526] kernel: x86/mm: Memory block size: 128MB
[    0.131526] kernel: PM: Registering ACPI NVS region [mem 0xbfeff000-0xbfefffff] (4096 bytes)
[    0.131526] kernel: clocksource: jiffies: mask: 0xffffffff max_cycles: 0xffffffff, max_idle_ns: 7645041785100000 ns
[    0.131526] kernel: futex hash table entries: 512 (order: 3, 32768 bytes, linear)
[    0.131526] kernel: pinctrl core: initialized pinctrl subsystem
[    0.131526] kernel: PM: RTC time: 12:20:56, date: 2023-01-06
[    0.131526] kernel: NET: Registered protocol family 16
[    0.131526] kernel: audit: initializing netlink subsys (enabled)
[    0.131526] kernel: audit: type=2000 audit(1673007656.012:1): state=initialized audit_enabled=1 res=1
[    0.134356] kernel: EISA bus registered
[    0.134476] kernel: cpuidle: using governor ladder
[    0.134535] kernel: cpuidle: using governor menu
[    0.134613] kernel: Simple Boot Flag at 0x36 set to 0x80
[    0.134694] kernel: ACPI: bus type PCI registered
[    0.134751] kernel: acpiphp: ACPI Hot Plug PCI Controller Driver version: 0.5
[    0.134955] kernel: PCI: MMCONFIG for domain 0000 [bus 00-7f] at [mem 0xf0000000-0xf7ffffff] (base 0xf0000000)
[    0.135066] kernel: PCI: MMCONFIG at [mem 0xf0000000-0xf7ffffff] reserved in E820
[    0.135155] kernel: PCI: Using configuration type 1 for base access
[    0.136648] kernel: HugeTLB registered 1.00 GiB page size, pre-allocated 0 pages
[    0.136648] kernel: HugeTLB registered 2.00 MiB page size, pre-allocated 0 pages
[    0.138391] kernel: ACPI: Added _OSI(Module Device)
[    0.138452] kernel: ACPI: Added _OSI(Processor Device)
[    0.138511] kernel: ACPI: Added _OSI(3.0 _SCP Extensions)
[    0.138573] kernel: ACPI: Added _OSI(Processor Aggregator Device)
[    0.138641] kernel: ACPI: Added _OSI(Linux-Dell-Video)
[    0.138701] kernel: ACPI: Added _OSI(Linux-Lenovo-NV-HDMI-Audio)
[    0.138768] kernel: ACPI: Added _OSI(Linux-HPI-Hybrid-Graphics)
[    0.148024] kernel: ACPI: 1 ACPI AML tables successfully acquired and loaded
[    0.149578] kernel: ACPI: [Firmware Bug]: BIOS _OSI(Linux) query ignored
[    0.152482] kernel: ACPI: Interpreter enabled
[    0.152548] kernel: ACPI: (supports S0 S1 S4 S5)
[    0.152603] kernel: ACPI: Using IOAPIC for interrupt routing
[    0.152685] kernel: PCI: Using host bridge windows from ACPI; if necessary, use "pci=nocrs" and report a bug
[    0.153245] kernel: ACPI: Enabled 4 GPEs in block 00 to 0F
[    0.189453] kernel: ACPI: PCI Root Bridge [PCI0] (domain 0000 [bus 00-7f])
[    0.189538] kernel: acpi PNP0A03:00: _OSC: OS supports [ExtendedConfig ASPM ClockPM Segments MSI HPX-Type3]
[    0.189832] kernel: acpi PNP0A03:00: _OSC: platform does not support [AER LTR]
[    0.190101] kernel: acpi PNP0A03:00: _OSC: OS now controls [PCIeHotplug SHPCHotplug PME PCIeCapability]
[    0.191834] kernel: PCI host bridge to bus 0000:00
[    0.191892] kernel: pci_bus 0000:00: root bus resource [mem 0x000a0000-0x000bffff window]
[    0.191986] kernel: pci_bus 0000:00: root bus resource [mem 0x000d0000-0x000d3fff window]
[    0.192079] kernel: pci_bus 0000:00: root bus resource [mem 0x000d4000-0x000d7fff window]
[    0.192170] kernel: pci_bus 0000:00: root bus resource [mem 0x000d8000-0x000dbfff window]
[    0.192262] kernel: pci_bus 0000:00: root bus resource [mem 0xc0000000-0xfebfffff window]
[    0.192354] kernel: pci_bus 0000:00: root bus resource [io  0x0000-0x0cf7 window]
[    0.192436] kernel: pci_bus 0000:00: root bus resource [io  0x0d00-0xfeff window]
[    0.192518] kernel: pci_bus 0000:00: root bus resource [bus 00-7f]
[    0.192625] kernel: pci 0000:00:00.0: [8086:7190] type 00 class 0x060000
[    0.193522] kernel: pci 0000:00:01.0: [8086:7191] type 01 class 0x060400
[    0.195663] kernel: pci 0000:00:07.0: [8086:7110] type 00 class 0x060100
[    0.196357] kernel: pci 0000:00:07.1: [8086:7111] type 00 class 0x01018a
[    0.197069] kernel: pci 0000:00:07.1: reg 0x20: [io  0x1060-0x106f]
[    0.197385] kernel: pci 0000:00:07.1: legacy IDE quirk: reg 0x10: [io  0x01f0-0x01f7]
[    0.197470] kernel: pci 0000:00:07.1: legacy IDE quirk: reg 0x14: [io  0x03f6]
[    0.197550] kernel: pci 0000:00:07.1: legacy IDE quirk: reg 0x18: [io  0x0170-0x0177]
[    0.197634] kernel: pci 0000:00:07.1: legacy IDE quirk: reg 0x1c: [io  0x0376]
[    0.197934] kernel: pci 0000:00:07.3: [8086:7113] type 00 class 0x068000
[    0.198748] kernel: pci 0000:00:07.3: quirk: [io  0x1000-0x103f] claimed by PIIX4 ACPI
[    0.198848] kernel: pci 0000:00:07.3: quirk: [io  0x1040-0x104f] claimed by PIIX4 SMB
[    0.199220] kernel: pci 0000:00:07.7: [15ad:0740] type 00 class 0x088000
[    0.199669] kernel: pci 0000:00:07.7: reg 0x10: [io  0x1080-0x10bf]
[    0.200020] kernel: pci 0000:00:07.7: reg 0x14: [mem 0xfebfe000-0xfebfffff 64bit]
[    0.203641] kernel: pci 0000:00:0f.0: [15ad:0405] type 00 class 0x030000
[    0.204454] kernel: pci 0000:00:0f.0: reg 0x10: [io  0x1070-0x107f]
[    0.205156] kernel: pci 0000:00:0f.0: reg 0x14: [mem 0xe8000000-0xefffffff pref]
[    0.205854] kernel: pci 0000:00:0f.0: reg 0x18: [mem 0xfe000000-0xfe7fffff]
[    0.208189] kernel: pci 0000:00:0f.0: reg 0x30: [mem 0x00000000-0x00007fff pref]
[    0.208949] kernel: pci 0000:00:10.0: [1000:0030] type 00 class 0x010000
[    0.209464] kernel: pci 0000:00:10.0: reg 0x10: [io  0x1400-0x14ff]
[    0.209922] kernel: pci 0000:00:10.0: reg 0x14: [mem 0xfeba0000-0xfebbffff 64bit]
[    0.210332] kernel: pci 0000:00:10.0: reg 0x1c: [mem 0xfebc0000-0xfebdffff 64bit]
[    0.211136] kernel: pci 0000:00:10.0: reg 0x30: [mem 0x00000000-0x00003fff pref]
[    0.211826] kernel: pci 0000:00:11.0: [15ad:0790] type 01 class 0x060401
[    0.213646] kernel: pci 0000:00:15.0: [15ad:07a0] type 01 class 0x060400
[    0.214453] kernel: pci 0000:00:15.0: PME# supported from D0 D3hot D3cold
[    0.214785] kernel: pci 0000:00:15.1: [15ad:07a0] type 01 class 0x060400
[    0.215581] kernel: pci 0000:00:15.1: PME# supported from D0 D3hot D3cold
[    0.215909] kernel: pci 0000:00:15.2: [15ad:07a0] type 01 class 0x060400
[    0.216699] kernel: pci 0000:00:15.2: PME# supported from D0 D3hot D3cold
[    0.217039] kernel: pci 0000:00:15.3: [15ad:07a0] type 01 class 0x060400
[    0.217832] kernel: pci 0000:00:15.3: PME# supported from D0 D3hot D3cold
[    0.218158] kernel: pci 0000:00:15.4: [15ad:07a0] type 01 class 0x060400
[    0.218962] kernel: pci 0000:00:15.4: PME# supported from D0 D3hot D3cold
[    0.219291] kernel: pci 0000:00:15.5: [15ad:07a0] type 01 class 0x060400
[    0.220082] kernel: pci 0000:00:15.5: PME# supported from D0 D3hot D3cold
[    0.220419] kernel: pci 0000:00:15.6: [15ad:07a0] type 01 class 0x060400
[    0.221208] kernel: pci 0000:00:15.6: PME# supported from D0 D3hot D3cold
[    0.221538] kernel: pci 0000:00:15.7: [15ad:07a0] type 01 class 0x060400
[    0.222327] kernel: pci 0000:00:15.7: PME# supported from D0 D3hot D3cold
[    0.222848] kernel: pci 0000:00:16.0: [15ad:07a0] type 01 class 0x060400
[    0.223635] kernel: pci 0000:00:16.0: PME# supported from D0 D3hot D3cold
[    0.223963] kernel: pci 0000:00:16.1: [15ad:07a0] type 01 class 0x060400
[    0.224756] kernel: pci 0000:00:16.1: PME# supported from D0 D3hot D3cold
[    0.225080] kernel: pci 0000:00:16.2: [15ad:07a0] type 01 class 0x060400
[    0.225870] kernel: pci 0000:00:16.2: PME# supported from D0 D3hot D3cold
[    0.226205] kernel: pci 0000:00:16.3: [15ad:07a0] type 01 class 0x060400
[    0.226995] kernel: pci 0000:00:16.3: PME# supported from D0 D3hot D3cold
[    0.227323] kernel: pci 0000:00:16.4: [15ad:07a0] type 01 class 0x060400
[    0.228113] kernel: pci 0000:00:16.4: PME# supported from D0 D3hot D3cold
[    0.228440] kernel: pci 0000:00:16.5: [15ad:07a0] type 01 class 0x060400
[    0.229227] kernel: pci 0000:00:16.5: PME# supported from D0 D3hot D3cold
[    0.229552] kernel: pci 0000:00:16.6: [15ad:07a0] type 01 class 0x060400
[    0.230341] kernel: pci 0000:00:16.6: PME# supported from D0 D3hot D3cold
[    0.230668] kernel: pci 0000:00:16.7: [15ad:07a0] type 01 class 0x060400
[    0.231463] kernel: pci 0000:00:16.7: PME# supported from D0 D3hot D3cold
[    0.232062] kernel: pci 0000:00:17.0: [15ad:07a0] type 01 class 0x060400
[    0.232855] kernel: pci 0000:00:17.0: PME# supported from D0 D3hot D3cold
[    0.233184] kernel: pci 0000:00:17.1: [15ad:07a0] type 01 class 0x060400
[    0.233979] kernel: pci 0000:00:17.1: PME# supported from D0 D3hot D3cold
[    0.234309] kernel: pci 0000:00:17.2: [15ad:07a0] type 01 class 0x060400
[    0.235048] kernel: pci 0000:00:17.2: PME# supported from D0 D3hot D3cold
[    0.235380] kernel: pci 0000:00:17.3: [15ad:07a0] type 01 class 0x060400
[    0.236171] kernel: pci 0000:00:17.3: PME# supported from D0 D3hot D3cold
[    0.236503] kernel: pci 0000:00:17.4: [15ad:07a0] type 01 class 0x060400
[    0.237295] kernel: pci 0000:00:17.4: PME# supported from D0 D3hot D3cold
[    0.237626] kernel: pci 0000:00:17.5: [15ad:07a0] type 01 class 0x060400
[    0.238414] kernel: pci 0000:00:17.5: PME# supported from D0 D3hot D3cold
[    0.238742] kernel: pci 0000:00:17.6: [15ad:07a0] type 01 class 0x060400
[    0.239539] kernel: pci 0000:00:17.6: PME# supported from D0 D3hot D3cold
[    0.239868] kernel: pci 0000:00:17.7: [15ad:07a0] type 01 class 0x060400
[    0.240654] kernel: pci 0000:00:17.7: PME# supported from D0 D3hot D3cold
[    0.241244] kernel: pci 0000:00:18.0: [15ad:07a0] type 01 class 0x060400
[    0.242030] kernel: pci 0000:00:18.0: PME# supported from D0 D3hot D3cold
[    0.242362] kernel: pci 0000:00:18.1: [15ad:07a0] type 01 class 0x060400
[    0.243147] kernel: pci 0000:00:18.1: PME# supported from D0 D3hot D3cold
[    0.243479] kernel: pci 0000:00:18.2: [15ad:07a0] type 01 class 0x060400
[    0.244269] kernel: pci 0000:00:18.2: PME# supported from D0 D3hot D3cold
[    0.244610] kernel: pci 0000:00:18.3: [15ad:07a0] type 01 class 0x060400
[    0.245398] kernel: pci 0000:00:18.3: PME# supported from D0 D3hot D3cold
[    0.245730] kernel: pci 0000:00:18.4: [15ad:07a0] type 01 class 0x060400
[    0.246519] kernel: pci 0000:00:18.4: PME# supported from D0 D3hot D3cold
[    0.246847] kernel: pci 0000:00:18.5: [15ad:07a0] type 01 class 0x060400
[    0.247765] kernel: pci 0000:00:18.5: PME# supported from D0 D3hot D3cold
[    0.248094] kernel: pci 0000:00:18.6: [15ad:07a0] type 01 class 0x060400
[    0.248881] kernel: pci 0000:00:18.6: PME# supported from D0 D3hot D3cold
[    0.249209] kernel: pci 0000:00:18.7: [15ad:07a0] type 01 class 0x060400
[    0.249997] kernel: pci 0000:00:18.7: PME# supported from D0 D3hot D3cold
[    0.252463] kernel: pci_bus 0000:01: extended config space not accessible
[    0.260987] kernel: pci 0000:00:01.0: PCI bridge to [bus 01]
[    0.261214] kernel: pci_bus 0000:02: extended config space not accessible
[    0.261472] kernel: acpiphp: Slot [32] registered
[    0.261539] kernel: acpiphp: Slot [33] registered
[    0.261613] kernel: acpiphp: Slot [34] registered
[    0.261689] kernel: acpiphp: Slot [35] registered
[    0.261760] kernel: acpiphp: Slot [36] registered
[    0.261832] kernel: acpiphp: Slot [37] registered
[    0.261904] kernel: acpiphp: Slot [38] registered
[    0.261977] kernel: acpiphp: Slot [39] registered
[    0.262049] kernel: acpiphp: Slot [40] registered
[    0.262122] kernel: acpiphp: Slot [41] registered
[    0.262195] kernel: acpiphp: Slot [42] registered
[    0.262266] kernel: acpiphp: Slot [43] registered
[    0.262340] kernel: acpiphp: Slot [44] registered
[    0.262411] kernel: acpiphp: Slot [45] registered
[    0.262483] kernel: acpiphp: Slot [46] registered
[    0.262559] kernel: acpiphp: Slot [47] registered
[    0.262630] kernel: acpiphp: Slot [48] registered
[    0.262702] kernel: acpiphp: Slot [49] registered
[    0.262774] kernel: acpiphp: Slot [50] registered
[    0.262846] kernel: acpiphp: Slot [51] registered
[    0.262917] kernel: acpiphp: Slot [52] registered
[    0.262991] kernel: acpiphp: Slot [53] registered
[    0.263063] kernel: acpiphp: Slot [54] registered
[    0.263136] kernel: acpiphp: Slot [55] registered
[    0.263210] kernel: acpiphp: Slot [56] registered
[    0.263282] kernel: acpiphp: Slot [57] registered
[    0.263353] kernel: acpiphp: Slot [58] registered
[    0.263426] kernel: acpiphp: Slot [59] registered
[    0.263498] kernel: acpiphp: Slot [60] registered
[    0.263570] kernel: acpiphp: Slot [61] registered
[    0.263641] kernel: acpiphp: Slot [62] registered
[    0.263714] kernel: acpiphp: Slot [63] registered
[    0.264110] kernel: pci 0000:02:01.0: [15ad:07e0] type 00 class 0x010601
[    0.265378] kernel: pci 0000:02:01.0: reg 0x24: [mem 0xfd5ff000-0xfd5fffff]
[    0.265643] kernel: pci 0000:02:01.0: reg 0x30: [mem 0x00000000-0x0000ffff pref]
[    0.266026] kernel: pci 0000:02:01.0: PME# supported from D3hot
[    0.274702] kernel: pci 0000:00:11.0: PCI bridge to [bus 02] (subtractive decode)
[    0.274800] kernel: pci 0000:00:11.0:   bridge window [io  0x2000-0x3fff]
[    0.274894] kernel: pci 0000:00:11.0:   bridge window [mem 0xfd500000-0xfdffffff]
[    0.275005] kernel: pci 0000:00:11.0:   bridge window [mem 0xe7b00000-0xe7ffffff 64bit pref]
[    0.275100] kernel: pci 0000:00:11.0:   bridge window [mem 0x000a0000-0x000bffff window] (subtractive decode)
[    0.275208] kernel: pci 0000:00:11.0:   bridge window [mem 0x000d0000-0x000d3fff window] (subtractive decode)
[    0.275317] kernel: pci 0000:00:11.0:   bridge window [mem 0x000d4000-0x000d7fff window] (subtractive decode)
[    0.275425] kernel: pci 0000:00:11.0:   bridge window [mem 0x000d8000-0x000dbfff window] (subtractive decode)
[    0.275533] kernel: pci 0000:00:11.0:   bridge window [mem 0xc0000000-0xfebfffff window] (subtractive decode)
[    0.275641] kernel: pci 0000:00:11.0:   bridge window [io  0x0000-0x0cf7 window] (subtractive decode)
[    0.275743] kernel: pci 0000:00:11.0:   bridge window [io  0x0d00-0xfeff window] (subtractive decode)
[    0.276150] kernel: pci 0000:03:00.0: [15ad:07b0] type 00 class 0x020000
[    0.276810] kernel: pci 0000:03:00.0: reg 0x10: [mem 0xfd4fc000-0xfd4fcfff]
[    0.277369] kernel: pci 0000:03:00.0: reg 0x14: [mem 0xfd4fd000-0xfd4fdfff]
[    0.277923] kernel: pci 0000:03:00.0: reg 0x18: [mem 0xfd4fe000-0xfd4fffff]
[    0.278332] kernel: pci 0000:03:00.0: reg 0x1c: [io  0x4000-0x400f]
[    0.279840] kernel: pci 0000:03:00.0: reg 0x30: [mem 0x00000000-0x0000ffff pref]
[    0.280307] kernel: pci 0000:03:00.0: supports D1 D2
[    0.280365] kernel: pci 0000:03:00.0: PME# supported from D0 D1 D2 D3hot D3cold
[    0.280737] kernel: pci 0000:03:00.0: disabling ASPM on pre-1.1 PCIe device.  You can enable it with 'pcie_aspm=force'
[    0.289283] kernel: pci 0000:00:15.0: PCI bridge to [bus 03]
[    0.289365] kernel: pci 0000:00:15.0:   bridge window [io  0x4000-0x4fff]
[    0.289456] kernel: pci 0000:00:15.0:   bridge window [mem 0xfd400000-0xfd4fffff]
[    0.298192] kernel: pci 0000:00:15.1: PCI bridge to [bus 04]
[    0.298273] kernel: pci 0000:00:15.1:   bridge window [io  0x8000-0x8fff]
[    0.298347] kernel: pci 0000:00:15.1:   bridge window [mem 0xfd000000-0xfd0fffff]
[    0.298459] kernel: pci 0000:00:15.1:   bridge window [mem 0xe7700000-0xe77fffff 64bit pref]
[    0.307172] kernel: pci 0000:00:15.2: PCI bridge to [bus 05]
[    0.307254] kernel: pci 0000:00:15.2:   bridge window [io  0xc000-0xcfff]
[    0.307345] kernel: pci 0000:00:15.2:   bridge window [mem 0xfcc00000-0xfccfffff]
[    0.307457] kernel: pci 0000:00:15.2:   bridge window [mem 0xe7300000-0xe73fffff 64bit pref]
[    0.316174] kernel: pci 0000:00:15.3: PCI bridge to [bus 06]
[    0.316271] kernel: pci 0000:00:15.3:   bridge window [mem 0xfc800000-0xfc8fffff]
[    0.316388] kernel: pci 0000:00:15.3:   bridge window [mem 0xe6f00000-0xe6ffffff 64bit pref]
[    0.325092] kernel: pci 0000:00:15.4: PCI bridge to [bus 07]
[    0.325188] kernel: pci 0000:00:15.4:   bridge window [mem 0xfc400000-0xfc4fffff]
[    0.325300] kernel: pci 0000:00:15.4:   bridge window [mem 0xe6b00000-0xe6bfffff 64bit pref]
[    0.334007] kernel: pci 0000:00:15.5: PCI bridge to [bus 08]
[    0.334103] kernel: pci 0000:00:15.5:   bridge window [mem 0xfc000000-0xfc0fffff]
[    0.334215] kernel: pci 0000:00:15.5:   bridge window [mem 0xe6700000-0xe67fffff 64bit pref]
[    0.342909] kernel: pci 0000:00:15.6: PCI bridge to [bus 09]
[    0.343004] kernel: pci 0000:00:15.6:   bridge window [mem 0xfbc00000-0xfbcfffff]
[    0.343115] kernel: pci 0000:00:15.6:   bridge window [mem 0xe6300000-0xe63fffff 64bit pref]
[    0.351818] kernel: pci 0000:00:15.7: PCI bridge to [bus 0a]
[    0.351914] kernel: pci 0000:00:15.7:   bridge window [mem 0xfb800000-0xfb8fffff]
[    0.352029] kernel: pci 0000:00:15.7:   bridge window [mem 0xe5f00000-0xe5ffffff 64bit pref]
[    0.360725] kernel: pci 0000:00:16.0: PCI bridge to [bus 0b]
[    0.360808] kernel: pci 0000:00:16.0:   bridge window [io  0x5000-0x5fff]
[    0.360900] kernel: pci 0000:00:16.0:   bridge window [mem 0xfd300000-0xfd3fffff]
[    0.361011] kernel: pci 0000:00:16.0:   bridge window [mem 0xe7a00000-0xe7afffff 64bit pref]
[    0.369718] kernel: pci 0000:00:16.1: PCI bridge to [bus 0c]
[    0.369799] kernel: pci 0000:00:16.1:   bridge window [io  0x9000-0x9fff]
[    0.369890] kernel: pci 0000:00:16.1:   bridge window [mem 0xfcf00000-0xfcffffff]
[    0.370002] kernel: pci 0000:00:16.1:   bridge window [mem 0xe7600000-0xe76fffff 64bit pref]
[    0.378706] kernel: pci 0000:00:16.2: PCI bridge to [bus 0d]
[    0.378787] kernel: pci 0000:00:16.2:   bridge window [io  0xd000-0xdfff]
[    0.378878] kernel: pci 0000:00:16.2:   bridge window [mem 0xfcb00000-0xfcbfffff]
[    0.378990] kernel: pci 0000:00:16.2:   bridge window [mem 0xe7200000-0xe72fffff 64bit pref]
[    0.387681] kernel: pci 0000:00:16.3: PCI bridge to [bus 0e]
[    0.387775] kernel: pci 0000:00:16.3:   bridge window [mem 0xfc700000-0xfc7fffff]
[    0.387887] kernel: pci 0000:00:16.3:   bridge window [mem 0xe6e00000-0xe6efffff 64bit pref]
[    0.396589] kernel: pci 0000:00:16.4: PCI bridge to [bus 0f]
[    0.396685] kernel: pci 0000:00:16.4:   bridge window [mem 0xfc300000-0xfc3fffff]
[    0.396797] kernel: pci 0000:00:16.4:   bridge window [mem 0xe6a00000-0xe6afffff 64bit pref]
[    0.405514] kernel: pci 0000:00:16.5: PCI bridge to [bus 10]
[    0.405610] kernel: pci 0000:00:16.5:   bridge window [mem 0xfbf00000-0xfbffffff]
[    0.405723] kernel: pci 0000:00:16.5:   bridge window [mem 0xe6600000-0xe66fffff 64bit pref]
[    0.414420] kernel: pci 0000:00:16.6: PCI bridge to [bus 11]
[    0.414517] kernel: pci 0000:00:16.6:   bridge window [mem 0xfbb00000-0xfbbfffff]
[    0.414628] kernel: pci 0000:00:16.6:   bridge window [mem 0xe6200000-0xe62fffff 64bit pref]
[    0.423321] kernel: pci 0000:00:16.7: PCI bridge to [bus 12]
[    0.423418] kernel: pci 0000:00:16.7:   bridge window [mem 0xfb700000-0xfb7fffff]
[    0.423529] kernel: pci 0000:00:16.7:   bridge window [mem 0xe5e00000-0xe5efffff 64bit pref]
[    0.432224] kernel: pci 0000:00:17.0: PCI bridge to [bus 13]
[    0.432305] kernel: pci 0000:00:17.0:   bridge window [io  0x6000-0x6fff]
[    0.432398] kernel: pci 0000:00:17.0:   bridge window [mem 0xfd200000-0xfd2fffff]
[    0.432513] kernel: pci 0000:00:17.0:   bridge window [mem 0xe7900000-0xe79fffff 64bit pref]
[    0.441211] kernel: pci 0000:00:17.1: PCI bridge to [bus 14]
[    0.441291] kernel: pci 0000:00:17.1:   bridge window [io  0xa000-0xafff]
[    0.441382] kernel: pci 0000:00:17.1:   bridge window [mem 0xfce00000-0xfcefffff]
[    0.441492] kernel: pci 0000:00:17.1:   bridge window [mem 0xe7500000-0xe75fffff 64bit pref]
[    0.450234] kernel: pci 0000:00:17.2: PCI bridge to [bus 15]
[    0.450316] kernel: pci 0000:00:17.2:   bridge window [io  0xe000-0xefff]
[    0.450350] kernel: pci 0000:00:17.2:   bridge window [mem 0xfca00000-0xfcafffff]
[    0.450461] kernel: pci 0000:00:17.2:   bridge window [mem 0xe7100000-0xe71fffff 64bit pref]
[    0.459157] kernel: pci 0000:00:17.3: PCI bridge to [bus 16]
[    0.459252] kernel: pci 0000:00:17.3:   bridge window [mem 0xfc600000-0xfc6fffff]
[    0.459364] kernel: pci 0000:00:17.3:   bridge window [mem 0xe6d00000-0xe6dfffff 64bit pref]
[    0.468064] kernel: pci 0000:00:17.4: PCI bridge to [bus 17]
[    0.468161] kernel: pci 0000:00:17.4:   bridge window [mem 0xfc200000-0xfc2fffff]
[    0.468275] kernel: pci 0000:00:17.4:   bridge window [mem 0xe6900000-0xe69fffff 64bit pref]
[    0.476979] kernel: pci 0000:00:17.5: PCI bridge to [bus 18]
[    0.477076] kernel: pci 0000:00:17.5:   bridge window [mem 0xfbe00000-0xfbefffff]
[    0.477187] kernel: pci 0000:00:17.5:   bridge window [mem 0xe6500000-0xe65fffff 64bit pref]
[    0.485893] kernel: pci 0000:00:17.6: PCI bridge to [bus 19]
[    0.485988] kernel: pci 0000:00:17.6:   bridge window [mem 0xfba00000-0xfbafffff]
[    0.486099] kernel: pci 0000:00:17.6:   bridge window [mem 0xe6100000-0xe61fffff 64bit pref]
[    0.494804] kernel: pci 0000:00:17.7: PCI bridge to [bus 1a]
[    0.494900] kernel: pci 0000:00:17.7:   bridge window [mem 0xfb600000-0xfb6fffff]
[    0.495011] kernel: pci 0000:00:17.7:   bridge window [mem 0xe5d00000-0xe5dfffff 64bit pref]
[    0.503716] kernel: pci 0000:00:18.0: PCI bridge to [bus 1b]
[    0.503797] kernel: pci 0000:00:18.0:   bridge window [io  0x7000-0x7fff]
[    0.503889] kernel: pci 0000:00:18.0:   bridge window [mem 0xfd100000-0xfd1fffff]
[    0.504000] kernel: pci 0000:00:18.0:   bridge window [mem 0xe7800000-0xe78fffff 64bit pref]
[    0.512830] kernel: pci 0000:00:18.1: PCI bridge to [bus 1c]
[    0.512911] kernel: pci 0000:00:18.1:   bridge window [io  0xb000-0xbfff]
[    0.513002] kernel: pci 0000:00:18.1:   bridge window [mem 0xfcd00000-0xfcdfffff]
[    0.513113] kernel: pci 0000:00:18.1:   bridge window [mem 0xe7400000-0xe74fffff 64bit pref]
[    0.521813] kernel: pci 0000:00:18.2: PCI bridge to [bus 1d]
[    0.521909] kernel: pci 0000:00:18.2:   bridge window [mem 0xfc900000-0xfc9fffff]
[    0.522020] kernel: pci 0000:00:18.2:   bridge window [mem 0xe7000000-0xe70fffff 64bit pref]
[    0.530724] kernel: pci 0000:00:18.3: PCI bridge to [bus 1e]
[    0.530820] kernel: pci 0000:00:18.3:   bridge window [mem 0xfc500000-0xfc5fffff]
[    0.530932] kernel: pci 0000:00:18.3:   bridge window [mem 0xe6c00000-0xe6cfffff 64bit pref]
[    0.539646] kernel: pci 0000:00:18.4: PCI bridge to [bus 1f]
[    0.539742] kernel: pci 0000:00:18.4:   bridge window [mem 0xfc100000-0xfc1fffff]
[    0.539854] kernel: pci 0000:00:18.4:   bridge window [mem 0xe6800000-0xe68fffff 64bit pref]
[    0.548558] kernel: pci 0000:00:18.5: PCI bridge to [bus 20]
[    0.548653] kernel: pci 0000:00:18.5:   bridge window [mem 0xfbd00000-0xfbdfffff]
[    0.548765] kernel: pci 0000:00:18.5:   bridge window [mem 0xe6400000-0xe64fffff 64bit pref]
[    0.557466] kernel: pci 0000:00:18.6: PCI bridge to [bus 21]
[    0.557562] kernel: pci 0000:00:18.6:   bridge window [mem 0xfb900000-0xfb9fffff]
[    0.557674] kernel: pci 0000:00:18.6:   bridge window [mem 0xe6000000-0xe60fffff 64bit pref]
[    0.566382] kernel: pci 0000:00:18.7: PCI bridge to [bus 22]
[    0.566480] kernel: pci 0000:00:18.7:   bridge window [mem 0xfb500000-0xfb5fffff]
[    0.566592] kernel: pci 0000:00:18.7:   bridge window [mem 0xe5c00000-0xe5cfffff 64bit pref]
[    0.568506] kernel: ACPI: PCI Interrupt Link [LNKA] (IRQs 3 4 5 6 7 *9 10 11 14 15)
[    0.568671] kernel: ACPI: PCI Interrupt Link [LNKB] (IRQs 3 4 5 6 7 9 10 *11 14 15)
[    0.568832] kernel: ACPI: PCI Interrupt Link [LNKC] (IRQs 3 4 5 6 *7 9 10 11 14 15)
[    0.568991] kernel: ACPI: PCI Interrupt Link [LNKD] (IRQs 3 4 5 6 7 9 *10 11 14 15)
[    0.575450] kernel: iommu: Default domain type: Translated 
[    0.575450] kernel: SCSI subsystem initialized
[    0.575450] kernel: libata version 3.00 loaded.
[    0.575450] kernel: pci 0000:00:0f.0: vgaarb: setting as boot VGA device
[    0.575450] kernel: pci 0000:00:0f.0: vgaarb: VGA device added: decodes=io+mem,owns=io+mem,locks=none
[    0.575450] kernel: pci 0000:00:0f.0: vgaarb: bridge control possible
[    0.575450] kernel: vgaarb: loaded
[    0.575450] kernel: ACPI: bus type USB registered
[    0.575450] kernel: usbcore: registered new interface driver usbfs
[    0.575450] kernel: usbcore: registered new interface driver hub
[    0.575450] kernel: usbcore: registered new device driver usb
[    0.575450] kernel: pps_core: LinuxPPS API ver. 1 registered
[    0.575450] kernel: pps_core: Software ver. 5.3.6 - Copyright 2005-2007 Rodolfo Giometti <giometti@linux.it>
[    0.575450] kernel: PTP clock support registered
[    0.575450] kernel: EDAC MC: Ver: 3.0.0
[    0.575450] kernel: PCI: Using ACPI for IRQ routing
[    0.615852] kernel: PCI: pci_cache_line_size set to 64 bytes
[    0.616497] kernel: e820: reserve RAM buffer [mem 0x0009f400-0x0009ffff]
[    0.616498] kernel: e820: reserve RAM buffer [mem 0xbfee0000-0xbfffffff]
[    0.616592] kernel: NetLabel: Initializing
[    0.616644] kernel: NetLabel:  domain hash size = 128
[    0.616702] kernel: NetLabel:  protocols = UNLABELED CIPSOv4 CALIPSO
[    0.616802] kernel: NetLabel:  unlabeled traffic allowed by default
[    0.616795] kernel: audit: type=1409 audit(1673007656.496:2): netlabel: auid=0 ses=0 nlbl_domain=(default) nlbl_protocol=unlbl res=1
[    0.616882] kernel: audit: type=1406 audit(1673007656.496:3): netlabel: auid=0 ses=0 unlbl_accept=1 old=0
[    0.618455] kernel: hpet0: at MMIO 0xfed00000, IRQs 2, 8, 0, 0, 0, 0, 0, 0, 0, 0, 0, 0, 0, 0, 0, 0
[    0.618561] kernel: hpet0: 16 comparators, 64-bit 14.318180 MHz counter
[    0.620680] kernel: clocksource: Switched to clocksource tsc-early
[    0.628587] kernel: *** VALIDATE bpf ***
[    0.628685] kernel: VFS: Disk quotas dquot_6.6.0
[    0.628751] kernel: VFS: Dquot-cache hash table entries: 512 (order 0, 4096 bytes)
[    0.628851] kernel: *** VALIDATE ramfs ***
[    0.628904] kernel: *** VALIDATE hugetlbfs ***
[    0.629041] kernel: AppArmor: AppArmor Filesystem Enabled
[    0.629048] kernel: audit: type=1400 audit(1673007656.507:4): apparmor="STATUS" info="AppArmor Filesystem Enabled" pid=1 comm="swapper/0"
[    0.629119] kernel: pnp: PnP ACPI init
[    0.629446] kernel: system 00:00: [io  0x1000-0x103f] has been reserved
[    0.629521] kernel: system 00:00: [io  0x1040-0x104f] has been reserved
[    0.629596] kernel: system 00:00: [io  0x0cf0-0x0cf1] has been reserved
[    0.629673] kernel: system 00:00: Plug and Play ACPI device, IDs PNP0c02 (active)
[    0.629696] kernel: pnp 00:01: Plug and Play ACPI device, IDs PNP0b00 (active)
[    0.629712] kernel: pnp 00:02: Plug and Play ACPI device, IDs PNP0303 (active)
[    0.629727] kernel: pnp 00:03: Plug and Play ACPI device, IDs VMW0003 PNP0f13 (active)
[    0.629892] kernel: system 00:04: [mem 0xfed00000-0xfed003ff] has been reserved
[    0.629975] kernel: system 00:04: Plug and Play ACPI device, IDs PNP0103 PNP0c01 (active)
[    0.631650] kernel: system 00:05: [io  0xfce0-0xfcff] has been reserved
[    0.631729] kernel: system 00:05: [mem 0xf0000000-0xf7ffffff] has been reserved
[    0.631812] kernel: system 00:05: [mem 0xfe800000-0xfe9fffff] has been reserved
[    0.631894] kernel: system 00:05: Plug and Play ACPI device, IDs PNP0c02 (active)
[    0.636138] kernel: pnp: PnP ACPI: found 6 devices
[    0.638365] kernel: thermal_sys: Registered thermal governor 'fair_share'
[    0.638365] kernel: thermal_sys: Registered thermal governor 'bang_bang'
[    0.638442] kernel: thermal_sys: Registered thermal governor 'step_wise'
[    0.638516] kernel: thermal_sys: Registered thermal governor 'user_space'
[    0.638590] kernel: thermal_sys: Registered thermal governor 'power_allocator'
[    0.643167] kernel: clocksource: acpi_pm: mask: 0xffffff max_cycles: 0xffffff, max_idle_ns: 2085701024 ns
[    0.643380] kernel: pci 0000:00:15.0: bridge window [mem 0x00100000-0x000fffff 64bit pref] to [bus 03] add_size 200000 add_align 100000
[    0.643511] kernel: pci 0000:00:15.3: bridge window [io  0x1000-0x0fff] to [bus 06] add_size 1000
[    0.643612] kernel: pci 0000:00:15.4: bridge window [io  0x1000-0x0fff] to [bus 07] add_size 1000
[    0.643710] kernel: pci 0000:00:15.5: bridge window [io  0x1000-0x0fff] to [bus 08] add_size 1000
[    0.643808] kernel: pci 0000:00:15.6: bridge window [io  0x1000-0x0fff] to [bus 09] add_size 1000
[    0.643907] kernel: pci 0000:00:15.7: bridge window [io  0x1000-0x0fff] to [bus 0a] add_size 1000
[    0.644005] kernel: pci 0000:00:16.3: bridge window [io  0x1000-0x0fff] to [bus 0e] add_size 1000
[    0.644103] kernel: pci 0000:00:16.4: bridge window [io  0x1000-0x0fff] to [bus 0f] add_size 1000
[    0.644202] kernel: pci 0000:00:16.5: bridge window [io  0x1000-0x0fff] to [bus 10] add_size 1000
[    0.644304] kernel: pci 0000:00:16.6: bridge window [io  0x1000-0x0fff] to [bus 11] add_size 1000
[    0.644402] kernel: pci 0000:00:16.7: bridge window [io  0x1000-0x0fff] to [bus 12] add_size 1000
[    0.644501] kernel: pci 0000:00:17.3: bridge window [io  0x1000-0x0fff] to [bus 16] add_size 1000
[    0.644599] kernel: pci 0000:00:17.4: bridge window [io  0x1000-0x0fff] to [bus 17] add_size 1000
[    0.644698] kernel: pci 0000:00:17.5: bridge window [io  0x1000-0x0fff] to [bus 18] add_size 1000
[    0.644796] kernel: pci 0000:00:17.6: bridge window [io  0x1000-0x0fff] to [bus 19] add_size 1000
[    0.644894] kernel: pci 0000:00:17.7: bridge window [io  0x1000-0x0fff] to [bus 1a] add_size 1000
[    0.644993] kernel: pci 0000:00:18.2: bridge window [io  0x1000-0x0fff] to [bus 1d] add_size 1000
[    0.645091] kernel: pci 0000:00:18.3: bridge window [io  0x1000-0x0fff] to [bus 1e] add_size 1000
[    0.645190] kernel: pci 0000:00:18.4: bridge window [io  0x1000-0x0fff] to [bus 1f] add_size 1000
[    0.645288] kernel: pci 0000:00:18.5: bridge window [io  0x1000-0x0fff] to [bus 20] add_size 1000
[    0.645386] kernel: pci 0000:00:18.6: bridge window [io  0x1000-0x0fff] to [bus 21] add_size 1000
[    0.645484] kernel: pci 0000:00:18.7: bridge window [io  0x1000-0x0fff] to [bus 22] add_size 1000
[    0.645595] kernel: pci 0000:00:15.0: BAR 15: assigned [mem 0xc0000000-0xc01fffff 64bit pref]
[    0.645691] kernel: pci 0000:00:0f.0: BAR 6: assigned [mem 0xc0200000-0xc0207fff pref]
[    0.645781] kernel: pci 0000:00:10.0: BAR 6: assigned [mem 0xc0208000-0xc020bfff pref]
[    0.645879] kernel: pci 0000:00:15.3: BAR 13: no space for [io  size 0x1000]
[    0.645960] kernel: pci 0000:00:15.3: BAR 13: failed to assign [io  size 0x1000]
[    0.646045] kernel: pci 0000:00:15.4: BAR 13: no space for [io  size 0x1000]
[    0.646125] kernel: pci 0000:00:15.4: BAR 13: failed to assign [io  size 0x1000]
[    0.646209] kernel: pci 0000:00:15.5: BAR 13: no space for [io  size 0x1000]
[    0.646286] kernel: pci 0000:00:15.5: BAR 13: failed to assign [io  size 0x1000]
[    0.646373] kernel: pci 0000:00:15.6: BAR 13: no space for [io  size 0x1000]
[    0.646451] kernel: pci 0000:00:15.6: BAR 13: failed to assign [io  size 0x1000]
[    0.646532] kernel: pci 0000:00:15.7: BAR 13: no space for [io  size 0x1000]
[    0.646609] kernel: pci 0000:00:15.7: BAR 13: failed to assign [io  size 0x1000]
[    0.646690] kernel: pci 0000:00:16.3: BAR 13: no space for [io  size 0x1000]
[    0.646768] kernel: pci 0000:00:16.3: BAR 13: failed to assign [io  size 0x1000]
[    0.646849] kernel: pci 0000:00:16.4: BAR 13: no space for [io  size 0x1000]
[    0.646926] kernel: pci 0000:00:16.4: BAR 13: failed to assign [io  size 0x1000]
[    0.647007] kernel: pci 0000:00:16.5: BAR 13: no space for [io  size 0x1000]
[    0.647084] kernel: pci 0000:00:16.5: BAR 13: failed to assign [io  size 0x1000]
[    0.647166] kernel: pci 0000:00:16.6: BAR 13: no space for [io  size 0x1000]
[    0.647243] kernel: pci 0000:00:16.6: BAR 13: failed to assign [io  size 0x1000]
[    0.647324] kernel: pci 0000:00:16.7: BAR 13: no space for [io  size 0x1000]
[    0.647402] kernel: pci 0000:00:16.7: BAR 13: failed to assign [io  size 0x1000]
[    0.647483] kernel: pci 0000:00:17.3: BAR 13: no space for [io  size 0x1000]
[    0.647561] kernel: pci 0000:00:17.3: BAR 13: failed to assign [io  size 0x1000]
[    0.647642] kernel: pci 0000:00:17.4: BAR 13: no space for [io  size 0x1000]
[    0.647719] kernel: pci 0000:00:17.4: BAR 13: failed to assign [io  size 0x1000]
[    0.647800] kernel: pci 0000:00:17.5: BAR 13: no space for [io  size 0x1000]
[    0.647877] kernel: pci 0000:00:17.5: BAR 13: failed to assign [io  size 0x1000]
[    0.647958] kernel: pci 0000:00:17.6: BAR 13: no space for [io  size 0x1000]
[    0.648035] kernel: pci 0000:00:17.6: BAR 13: failed to assign [io  size 0x1000]
[    0.648116] kernel: pci 0000:00:17.7: BAR 13: no space for [io  size 0x1000]
[    0.648194] kernel: pci 0000:00:17.7: BAR 13: failed to assign [io  size 0x1000]
[    0.648278] kernel: pci 0000:00:18.2: BAR 13: no space for [io  size 0x1000]
[    0.648355] kernel: pci 0000:00:18.2: BAR 13: failed to assign [io  size 0x1000]
[    0.648436] kernel: pci 0000:00:18.3: BAR 13: no space for [io  size 0x1000]
[    0.648513] kernel: pci 0000:00:18.3: BAR 13: failed to assign [io  size 0x1000]
[    0.648596] kernel: pci 0000:00:18.4: BAR 13: no space for [io  size 0x1000]
[    0.648673] kernel: pci 0000:00:18.4: BAR 13: failed to assign [io  size 0x1000]
[    0.648755] kernel: pci 0000:00:18.5: BAR 13: no space for [io  size 0x1000]
[    0.648832] kernel: pci 0000:00:18.5: BAR 13: failed to assign [io  size 0x1000]
[    0.648913] kernel: pci 0000:00:18.6: BAR 13: no space for [io  size 0x1000]
[    0.648990] kernel: pci 0000:00:18.6: BAR 13: failed to assign [io  size 0x1000]
[    0.649071] kernel: pci 0000:00:18.7: BAR 13: no space for [io  size 0x1000]
[    0.649148] kernel: pci 0000:00:18.7: BAR 13: failed to assign [io  size 0x1000]
[    0.649232] kernel: pci 0000:00:18.7: BAR 13: no space for [io  size 0x1000]
[    0.649437] kernel: pci 0000:00:18.7: BAR 13: failed to assign [io  size 0x1000]
[    0.649519] kernel: pci 0000:00:18.6: BAR 13: no space for [io  size 0x1000]
[    0.649597] kernel: pci 0000:00:18.6: BAR 13: failed to assign [io  size 0x1000]
[    0.649678] kernel: pci 0000:00:18.5: BAR 13: no space for [io  size 0x1000]
[    0.649755] kernel: pci 0000:00:18.5: BAR 13: failed to assign [io  size 0x1000]
[    0.649836] kernel: pci 0000:00:18.4: BAR 13: no space for [io  size 0x1000]
[    0.649913] kernel: pci 0000:00:18.4: BAR 13: failed to assign [io  size 0x1000]
[    0.649995] kernel: pci 0000:00:18.3: BAR 13: no space for [io  size 0x1000]
[    0.650072] kernel: pci 0000:00:18.3: BAR 13: failed to assign [io  size 0x1000]
[    0.650153] kernel: pci 0000:00:18.2: BAR 13: no space for [io  size 0x1000]
[    0.650230] kernel: pci 0000:00:18.2: BAR 13: failed to assign [io  size 0x1000]
[    0.650311] kernel: pci 0000:00:17.7: BAR 13: no space for [io  size 0x1000]
[    0.650394] kernel: pci 0000:00:17.7: BAR 13: failed to assign [io  size 0x1000]
[    0.650475] kernel: pci 0000:00:17.6: BAR 13: no space for [io  size 0x1000]
[    0.650552] kernel: pci 0000:00:17.6: BAR 13: failed to assign [io  size 0x1000]
[    0.650634] kernel: pci 0000:00:17.5: BAR 13: no space for [io  size 0x1000]
[    0.650711] kernel: pci 0000:00:17.5: BAR 13: failed to assign [io  size 0x1000]
[    0.650792] kernel: pci 0000:00:17.4: BAR 13: no space for [io  size 0x1000]
[    0.650869] kernel: pci 0000:00:17.4: BAR 13: failed to assign [io  size 0x1000]
[    0.650950] kernel: pci 0000:00:17.3: BAR 13: no space for [io  size 0x1000]
[    0.651028] kernel: pci 0000:00:17.3: BAR 13: failed to assign [io  size 0x1000]
[    0.651109] kernel: pci 0000:00:16.7: BAR 13: no space for [io  size 0x1000]
[    0.651186] kernel: pci 0000:00:16.7: BAR 13: failed to assign [io  size 0x1000]
[    0.651270] kernel: pci 0000:00:16.6: BAR 13: no space for [io  size 0x1000]
[    0.651348] kernel: pci 0000:00:16.6: BAR 13: failed to assign [io  size 0x1000]
[    0.651430] kernel: pci 0000:00:16.5: BAR 13: no space for [io  size 0x1000]
[    0.651507] kernel: pci 0000:00:16.5: BAR 13: failed to assign [io  size 0x1000]
[    0.651588] kernel: pci 0000:00:16.4: BAR 13: no space for [io  size 0x1000]
[    0.651666] kernel: pci 0000:00:16.4: BAR 13: failed to assign [io  size 0x1000]
[    0.651747] kernel: pci 0000:00:16.3: BAR 13: no space for [io  size 0x1000]
[    0.651824] kernel: pci 0000:00:16.3: BAR 13: failed to assign [io  size 0x1000]
[    0.651906] kernel: pci 0000:00:15.7: BAR 13: no space for [io  size 0x1000]
[    0.651983] kernel: pci 0000:00:15.7: BAR 13: failed to assign [io  size 0x1000]
[    0.652064] kernel: pci 0000:00:15.6: BAR 13: no space for [io  size 0x1000]
[    0.652141] kernel: pci 0000:00:15.6: BAR 13: failed to assign [io  size 0x1000]
[    0.652222] kernel: pci 0000:00:15.5: BAR 13: no space for [io  size 0x1000]
[    0.652300] kernel: pci 0000:00:15.5: BAR 13: failed to assign [io  size 0x1000]
[    0.652381] kernel: pci 0000:00:15.4: BAR 13: no space for [io  size 0x1000]
[    0.652458] kernel: pci 0000:00:15.4: BAR 13: failed to assign [io  size 0x1000]
[    0.652539] kernel: pci 0000:00:15.3: BAR 13: no space for [io  size 0x1000]
[    0.652616] kernel: pci 0000:00:15.3: BAR 13: failed to assign [io  size 0x1000]
[    0.652697] kernel: pci 0000:00:01.0: PCI bridge to [bus 01]
[    0.652834] kernel: pci 0000:02:01.0: BAR 6: assigned [mem 0xfd500000-0xfd50ffff pref]
[    0.652923] kernel: pci 0000:00:11.0: PCI bridge to [bus 02]
[    0.652996] kernel: pci 0000:00:11.0:   bridge window [io  0x2000-0x3fff]
[    0.653094] kernel: pci 0000:00:11.0:   bridge window [mem 0xfd500000-0xfdffffff]
[    0.653191] kernel: pci 0000:00:11.0:   bridge window [mem 0xe7b00000-0xe7ffffff 64bit pref]
[    0.653317] kernel: pci 0000:03:00.0: BAR 6: assigned [mem 0xfd400000-0xfd40ffff pref]
[    0.653406] kernel: pci 0000:00:15.0: PCI bridge to [bus 03]
[    0.653478] kernel: pci 0000:00:15.0:   bridge window [io  0x4000-0x4fff]
[    0.653576] kernel: pci 0000:00:15.0:   bridge window [mem 0xfd400000-0xfd4fffff]
[    0.653673] kernel: pci 0000:00:15.0:   bridge window [mem 0xc0000000-0xc01fffff 64bit pref]
[    0.653814] kernel: pci 0000:00:15.1: PCI bridge to [bus 04]
[    0.653887] kernel: pci 0000:00:15.1:   bridge window [io  0x8000-0x8fff]
[    0.653984] kernel: pci 0000:00:15.1:   bridge window [mem 0xfd000000-0xfd0fffff]
[    0.654081] kernel: pci 0000:00:15.1:   bridge window [mem 0xe7700000-0xe77fffff 64bit pref]
[    0.654211] kernel: pci 0000:00:15.2: PCI bridge to [bus 05]
[    0.654285] kernel: pci 0000:00:15.2:   bridge window [io  0xc000-0xcfff]
[    0.654388] kernel: pci 0000:00:15.2:   bridge window [mem 0xfcc00000-0xfccfffff]
[    0.654485] kernel: pci 0000:00:15.2:   bridge window [mem 0xe7300000-0xe73fffff 64bit pref]
[    0.654614] kernel: pci 0000:00:15.3: PCI bridge to [bus 06]
[    0.654701] kernel: pci 0000:00:15.3:   bridge window [mem 0xfc800000-0xfc8fffff]
[    0.654798] kernel: pci 0000:00:15.3:   bridge window [mem 0xe6f00000-0xe6ffffff 64bit pref]
[    0.654927] kernel: pci 0000:00:15.4: PCI bridge to [bus 07]
[    0.655013] kernel: pci 0000:00:15.4:   bridge window [mem 0xfc400000-0xfc4fffff]
[    0.655110] kernel: pci 0000:00:15.4:   bridge window [mem 0xe6b00000-0xe6bfffff 64bit pref]
[    0.655240] kernel: pci 0000:00:15.5: PCI bridge to [bus 08]
[    0.655328] kernel: pci 0000:00:15.5:   bridge window [mem 0xfc000000-0xfc0fffff]
[    0.655424] kernel: pci 0000:00:15.5:   bridge window [mem 0xe6700000-0xe67fffff 64bit pref]
[    0.655555] kernel: pci 0000:00:15.6: PCI bridge to [bus 09]
[    0.655642] kernel: pci 0000:00:15.6:   bridge window [mem 0xfbc00000-0xfbcfffff]
[    0.655738] kernel: pci 0000:00:15.6:   bridge window [mem 0xe6300000-0xe63fffff 64bit pref]
[    0.655868] kernel: pci 0000:00:15.7: PCI bridge to [bus 0a]
[    0.655955] kernel: pci 0000:00:15.7:   bridge window [mem 0xfb800000-0xfb8fffff]
[    0.656052] kernel: pci 0000:00:15.7:   bridge window [mem 0xe5f00000-0xe5ffffff 64bit pref]
[    0.656180] kernel: pci 0000:00:16.0: PCI bridge to [bus 0b]
[    0.656253] kernel: pci 0000:00:16.0:   bridge window [io  0x5000-0x5fff]
[    0.656352] kernel: pci 0000:00:16.0:   bridge window [mem 0xfd300000-0xfd3fffff]
[    0.656449] kernel: pci 0000:00:16.0:   bridge window [mem 0xe7a00000-0xe7afffff 64bit pref]
[    0.656578] kernel: pci 0000:00:16.1: PCI bridge to [bus 0c]
[    0.656651] kernel: pci 0000:00:16.1:   bridge window [io  0x9000-0x9fff]
[    0.656748] kernel: pci 0000:00:16.1:   bridge window [mem 0xfcf00000-0xfcffffff]
[    0.656844] kernel: pci 0000:00:16.1:   bridge window [mem 0xe7600000-0xe76fffff 64bit pref]
[    0.656973] kernel: pci 0000:00:16.2: PCI bridge to [bus 0d]
[    0.657048] kernel: pci 0000:00:16.2:   bridge window [io  0xd000-0xdfff]
[    0.657146] kernel: pci 0000:00:16.2:   bridge window [mem 0xfcb00000-0xfcbfffff]
[    0.657244] kernel: pci 0000:00:16.2:   bridge window [mem 0xe7200000-0xe72fffff 64bit pref]
[    0.657375] kernel: pci 0000:00:16.3: PCI bridge to [bus 0e]
[    0.657462] kernel: pci 0000:00:16.3:   bridge window [mem 0xfc700000-0xfc7fffff]
[    0.657558] kernel: pci 0000:00:16.3:   bridge window [mem 0xe6e00000-0xe6efffff 64bit pref]
[    0.657688] kernel: pci 0000:00:16.4: PCI bridge to [bus 0f]
[    0.657774] kernel: pci 0000:00:16.4:   bridge window [mem 0xfc300000-0xfc3fffff]
[    0.657871] kernel: pci 0000:00:16.4:   bridge window [mem 0xe6a00000-0xe6afffff 64bit pref]
[    0.658001] kernel: pci 0000:00:16.5: PCI bridge to [bus 10]
[    0.658088] kernel: pci 0000:00:16.5:   bridge window [mem 0xfbf00000-0xfbffffff]
[    0.658185] kernel: pci 0000:00:16.5:   bridge window [mem 0xe6600000-0xe66fffff 64bit pref]
[    0.658316] kernel: pci 0000:00:16.6: PCI bridge to [bus 11]
[    0.658409] kernel: pci 0000:00:16.6:   bridge window [mem 0xfbb00000-0xfbbfffff]
[    0.658506] kernel: pci 0000:00:16.6:   bridge window [mem 0xe6200000-0xe62fffff 64bit pref]
[    0.658637] kernel: pci 0000:00:16.7: PCI bridge to [bus 12]
[    0.658723] kernel: pci 0000:00:16.7:   bridge window [mem 0xfb700000-0xfb7fffff]
[    0.658821] kernel: pci 0000:00:16.7:   bridge window [mem 0xe5e00000-0xe5efffff 64bit pref]
[    0.658949] kernel: pci 0000:00:17.0: PCI bridge to [bus 13]
[    0.659022] kernel: pci 0000:00:17.0:   bridge window [io  0x6000-0x6fff]
[    0.659119] kernel: pci 0000:00:17.0:   bridge window [mem 0xfd200000-0xfd2fffff]
[    0.659218] kernel: pci 0000:00:17.0:   bridge window [mem 0xe7900000-0xe79fffff 64bit pref]
[    0.659349] kernel: pci 0000:00:17.1: PCI bridge to [bus 14]
[    0.659422] kernel: pci 0000:00:17.1:   bridge window [io  0xa000-0xafff]
[    0.659519] kernel: pci 0000:00:17.1:   bridge window [mem 0xfce00000-0xfcefffff]
[    0.659616] kernel: pci 0000:00:17.1:   bridge window [mem 0xe7500000-0xe75fffff 64bit pref]
[    0.659745] kernel: pci 0000:00:17.2: PCI bridge to [bus 15]
[    0.659817] kernel: pci 0000:00:17.2:   bridge window [io  0xe000-0xefff]
[    0.659915] kernel: pci 0000:00:17.2:   bridge window [mem 0xfca00000-0xfcafffff]
[    0.660011] kernel: pci 0000:00:17.2:   bridge window [mem 0xe7100000-0xe71fffff 64bit pref]
[    0.660141] kernel: pci 0000:00:17.3: PCI bridge to [bus 16]
[    0.660233] kernel: pci 0000:00:17.3:   bridge window [mem 0xfc600000-0xfc6fffff]
[    0.660334] kernel: pci 0000:00:17.3:   bridge window [mem 0xe6d00000-0xe6dfffff 64bit pref]
[    0.660468] kernel: pci 0000:00:17.4: PCI bridge to [bus 17]
[    0.660559] kernel: pci 0000:00:17.4:   bridge window [mem 0xfc200000-0xfc2fffff]
[    0.660658] kernel: pci 0000:00:17.4:   bridge window [mem 0xe6900000-0xe69fffff 64bit pref]
[    0.660788] kernel: pci 0000:00:17.5: PCI bridge to [bus 18]
[    0.660875] kernel: pci 0000:00:17.5:   bridge window [mem 0xfbe00000-0xfbefffff]
[    0.660973] kernel: pci 0000:00:17.5:   bridge window [mem 0xe6500000-0xe65fffff 64bit pref]
[    0.661104] kernel: pci 0000:00:17.6: PCI bridge to [bus 19]
[    0.661192] kernel: pci 0000:00:17.6:   bridge window [mem 0xfba00000-0xfbafffff]
[    0.661290] kernel: pci 0000:00:17.6:   bridge window [mem 0xe6100000-0xe61fffff 64bit pref]
[    0.661422] kernel: pci 0000:00:17.7: PCI bridge to [bus 1a]
[    0.661509] kernel: pci 0000:00:17.7:   bridge window [mem 0xfb600000-0xfb6fffff]
[    0.661607] kernel: pci 0000:00:17.7:   bridge window [mem 0xe5d00000-0xe5dfffff 64bit pref]
[    0.661738] kernel: pci 0000:00:18.0: PCI bridge to [bus 1b]
[    0.661811] kernel: pci 0000:00:18.0:   bridge window [io  0x7000-0x7fff]
[    0.661909] kernel: pci 0000:00:18.0:   bridge window [mem 0xfd100000-0xfd1fffff]
[    0.662007] kernel: pci 0000:00:18.0:   bridge window [mem 0xe7800000-0xe78fffff 64bit pref]
[    0.662138] kernel: pci 0000:00:18.1: PCI bridge to [bus 1c]
[    0.662211] kernel: pci 0000:00:18.1:   bridge window [io  0xb000-0xbfff]
[    0.662310] kernel: pci 0000:00:18.1:   bridge window [mem 0xfcd00000-0xfcdfffff]
[    0.662412] kernel: pci 0000:00:18.1:   bridge window [mem 0xe7400000-0xe74fffff 64bit pref]
[    0.662542] kernel: pci 0000:00:18.2: PCI bridge to [bus 1d]
[    0.662633] kernel: pci 0000:00:18.2:   bridge window [mem 0xfc900000-0xfc9fffff]
[    0.662731] kernel: pci 0000:00:18.2:   bridge window [mem 0xe7000000-0xe70fffff 64bit pref]
[    0.662861] kernel: pci 0000:00:18.3: PCI bridge to [bus 1e]
[    0.662949] kernel: pci 0000:00:18.3:   bridge window [mem 0xfc500000-0xfc5fffff]
[    0.663046] kernel: pci 0000:00:18.3:   bridge window [mem 0xe6c00000-0xe6cfffff 64bit pref]
[    0.663176] kernel: pci 0000:00:18.4: PCI bridge to [bus 1f]
[    0.663269] kernel: pci 0000:00:18.4:   bridge window [mem 0xfc100000-0xfc1fffff]
[    0.663367] kernel: pci 0000:00:18.4:   bridge window [mem 0xe6800000-0xe68fffff 64bit pref]
[    0.663500] kernel: pci 0000:00:18.5: PCI bridge to [bus 20]
[    0.663587] kernel: pci 0000:00:18.5:   bridge window [mem 0xfbd00000-0xfbdfffff]
[    0.663811] kernel: pci 0000:00:18.5:   bridge window [mem 0xe6400000-0xe64fffff 64bit pref]
[    0.663950] kernel: pci 0000:00:18.6: PCI bridge to [bus 21]
[    0.664038] kernel: pci 0000:00:18.6:   bridge window [mem 0xfb900000-0xfb9fffff]
[    0.664135] kernel: pci 0000:00:18.6:   bridge window [mem 0xe6000000-0xe60fffff 64bit pref]
[    0.664269] kernel: pci 0000:00:18.7: PCI bridge to [bus 22]
[    0.664356] kernel: pci 0000:00:18.7:   bridge window [mem 0xfb500000-0xfb5fffff]
[    0.664453] kernel: pci 0000:00:18.7:   bridge window [mem 0xe5c00000-0xe5cfffff 64bit pref]
[    0.664584] kernel: pci_bus 0000:00: resource 4 [mem 0x000a0000-0x000bffff window]
[    0.664667] kernel: pci_bus 0000:00: resource 5 [mem 0x000d0000-0x000d3fff window]
[    0.664749] kernel: pci_bus 0000:00: resource 6 [mem 0x000d4000-0x000d7fff window]
[    0.664831] kernel: pci_bus 0000:00: resource 7 [mem 0x000d8000-0x000dbfff window]
[    0.664914] kernel: pci_bus 0000:00: resource 8 [mem 0xc0000000-0xfebfffff window]
[    0.664996] kernel: pci_bus 0000:00: resource 9 [io  0x0000-0x0cf7 window]
[    0.665072] kernel: pci_bus 0000:00: resource 10 [io  0x0d00-0xfeff window]
[    0.665148] kernel: pci_bus 0000:02: resource 0 [io  0x2000-0x3fff]
[    0.665218] kernel: pci_bus 0000:02: resource 1 [mem 0xfd500000-0xfdffffff]
[    0.665295] kernel: pci_bus 0000:02: resource 2 [mem 0xe7b00000-0xe7ffffff 64bit pref]
[    0.665384] kernel: pci_bus 0000:02: resource 4 [mem 0x000a0000-0x000bffff window]
[    0.665466] kernel: pci_bus 0000:02: resource 5 [mem 0x000d0000-0x000d3fff window]
[    0.665548] kernel: pci_bus 0000:02: resource 6 [mem 0x000d4000-0x000d7fff window]
[    0.665630] kernel: pci_bus 0000:02: resource 7 [mem 0x000d8000-0x000dbfff window]
[    0.665712] kernel: pci_bus 0000:02: resource 8 [mem 0xc0000000-0xfebfffff window]
[    0.665794] kernel: pci_bus 0000:02: resource 9 [io  0x0000-0x0cf7 window]
[    0.665870] kernel: pci_bus 0000:02: resource 10 [io  0x0d00-0xfeff window]
[    0.665947] kernel: pci_bus 0000:03: resource 0 [io  0x4000-0x4fff]
[    0.666017] kernel: pci_bus 0000:03: resource 1 [mem 0xfd400000-0xfd4fffff]
[    0.666093] kernel: pci_bus 0000:03: resource 2 [mem 0xc0000000-0xc01fffff 64bit pref]
[    0.666182] kernel: pci_bus 0000:04: resource 0 [io  0x8000-0x8fff]
[    0.666251] kernel: pci_bus 0000:04: resource 1 [mem 0xfd000000-0xfd0fffff]
[    0.666328] kernel: pci_bus 0000:04: resource 2 [mem 0xe7700000-0xe77fffff 64bit pref]
[    0.666423] kernel: pci_bus 0000:05: resource 0 [io  0xc000-0xcfff]
[    0.666493] kernel: pci_bus 0000:05: resource 1 [mem 0xfcc00000-0xfccfffff]
[    0.666569] kernel: pci_bus 0000:05: resource 2 [mem 0xe7300000-0xe73fffff 64bit pref]
[    0.666658] kernel: pci_bus 0000:06: resource 1 [mem 0xfc800000-0xfc8fffff]
[    0.666734] kernel: pci_bus 0000:06: resource 2 [mem 0xe6f00000-0xe6ffffff 64bit pref]
[    0.666823] kernel: pci_bus 0000:07: resource 1 [mem 0xfc400000-0xfc4fffff]
[    0.666899] kernel: pci_bus 0000:07: resource 2 [mem 0xe6b00000-0xe6bfffff 64bit pref]
[    0.666987] kernel: pci_bus 0000:08: resource 1 [mem 0xfc000000-0xfc0fffff]
[    0.667064] kernel: pci_bus 0000:08: resource 2 [mem 0xe6700000-0xe67fffff 64bit pref]
[    0.667152] kernel: pci_bus 0000:09: resource 1 [mem 0xfbc00000-0xfbcfffff]
[    0.667228] kernel: pci_bus 0000:09: resource 2 [mem 0xe6300000-0xe63fffff 64bit pref]
[    0.667320] kernel: pci_bus 0000:0a: resource 1 [mem 0xfb800000-0xfb8fffff]
[    0.667397] kernel: pci_bus 0000:0a: resource 2 [mem 0xe5f00000-0xe5ffffff 64bit pref]
[    0.667486] kernel: pci_bus 0000:0b: resource 0 [io  0x5000-0x5fff]
[    0.667556] kernel: pci_bus 0000:0b: resource 1 [mem 0xfd300000-0xfd3fffff]
[    0.667632] kernel: pci_bus 0000:0b: resource 2 [mem 0xe7a00000-0xe7afffff 64bit pref]
[    0.667721] kernel: pci_bus 0000:0c: resource 0 [io  0x9000-0x9fff]
[    0.667790] kernel: pci_bus 0000:0c: resource 1 [mem 0xfcf00000-0xfcffffff]
[    0.667867] kernel: pci_bus 0000:0c: resource 2 [mem 0xe7600000-0xe76fffff 64bit pref]
[    0.667955] kernel: pci_bus 0000:0d: resource 0 [io  0xd000-0xdfff]
[    0.668025] kernel: pci_bus 0000:0d: resource 1 [mem 0xfcb00000-0xfcbfffff]
[    0.668101] kernel: pci_bus 0000:0d: resource 2 [mem 0xe7200000-0xe72fffff 64bit pref]
[    0.668190] kernel: pci_bus 0000:0e: resource 1 [mem 0xfc700000-0xfc7fffff]
[    0.668266] kernel: pci_bus 0000:0e: resource 2 [mem 0xe6e00000-0xe6efffff 64bit pref]
[    0.668355] kernel: pci_bus 0000:0f: resource 1 [mem 0xfc300000-0xfc3fffff]
[    0.668431] kernel: pci_bus 0000:0f: resource 2 [mem 0xe6a00000-0xe6afffff 64bit pref]
[    0.668520] kernel: pci_bus 0000:10: resource 1 [mem 0xfbf00000-0xfbffffff]
[    0.668596] kernel: pci_bus 0000:10: resource 2 [mem 0xe6600000-0xe66fffff 64bit pref]
[    0.668685] kernel: pci_bus 0000:11: resource 1 [mem 0xfbb00000-0xfbbfffff]
[    0.668762] kernel: pci_bus 0000:11: resource 2 [mem 0xe6200000-0xe62fffff 64bit pref]
[    0.668850] kernel: pci_bus 0000:12: resource 1 [mem 0xfb700000-0xfb7fffff]
[    0.668927] kernel: pci_bus 0000:12: resource 2 [mem 0xe5e00000-0xe5efffff 64bit pref]
[    0.669015] kernel: pci_bus 0000:13: resource 0 [io  0x6000-0x6fff]
[    0.669085] kernel: pci_bus 0000:13: resource 1 [mem 0xfd200000-0xfd2fffff]
[    0.669161] kernel: pci_bus 0000:13: resource 2 [mem 0xe7900000-0xe79fffff 64bit pref]
[    0.669250] kernel: pci_bus 0000:14: resource 0 [io  0xa000-0xafff]
[    0.669320] kernel: pci_bus 0000:14: resource 1 [mem 0xfce00000-0xfcefffff]
[    0.669396] kernel: pci_bus 0000:14: resource 2 [mem 0xe7500000-0xe75fffff 64bit pref]
[    0.669484] kernel: pci_bus 0000:15: resource 0 [io  0xe000-0xefff]
[    0.669554] kernel: pci_bus 0000:15: resource 1 [mem 0xfca00000-0xfcafffff]
[    0.669630] kernel: pci_bus 0000:15: resource 2 [mem 0xe7100000-0xe71fffff 64bit pref]
[    0.669719] kernel: pci_bus 0000:16: resource 1 [mem 0xfc600000-0xfc6fffff]
[    0.669795] kernel: pci_bus 0000:16: resource 2 [mem 0xe6d00000-0xe6dfffff 64bit pref]
[    0.669884] kernel: pci_bus 0000:17: resource 1 [mem 0xfc200000-0xfc2fffff]
[    0.669961] kernel: pci_bus 0000:17: resource 2 [mem 0xe6900000-0xe69fffff 64bit pref]
[    0.670049] kernel: pci_bus 0000:18: resource 1 [mem 0xfbe00000-0xfbefffff]
[    0.670126] kernel: pci_bus 0000:18: resource 2 [mem 0xe6500000-0xe65fffff 64bit pref]
[    0.670214] kernel: pci_bus 0000:19: resource 1 [mem 0xfba00000-0xfbafffff]
[    0.670294] kernel: pci_bus 0000:19: resource 2 [mem 0xe6100000-0xe61fffff 64bit pref]
[    0.670392] kernel: pci_bus 0000:1a: resource 1 [mem 0xfb600000-0xfb6fffff]
[    0.670469] kernel: pci_bus 0000:1a: resource 2 [mem 0xe5d00000-0xe5dfffff 64bit pref]
[    0.670557] kernel: pci_bus 0000:1b: resource 0 [io  0x7000-0x7fff]
[    0.670627] kernel: pci_bus 0000:1b: resource 1 [mem 0xfd100000-0xfd1fffff]
[    0.670703] kernel: pci_bus 0000:1b: resource 2 [mem 0xe7800000-0xe78fffff 64bit pref]
[    0.670792] kernel: pci_bus 0000:1c: resource 0 [io  0xb000-0xbfff]
[    0.670862] kernel: pci_bus 0000:1c: resource 1 [mem 0xfcd00000-0xfcdfffff]
[    0.670938] kernel: pci_bus 0000:1c: resource 2 [mem 0xe7400000-0xe74fffff 64bit pref]
[    0.671026] kernel: pci_bus 0000:1d: resource 1 [mem 0xfc900000-0xfc9fffff]
[    0.671103] kernel: pci_bus 0000:1d: resource 2 [mem 0xe7000000-0xe70fffff 64bit pref]
[    0.671191] kernel: pci_bus 0000:1e: resource 1 [mem 0xfc500000-0xfc5fffff]
[    0.671267] kernel: pci_bus 0000:1e: resource 2 [mem 0xe6c00000-0xe6cfffff 64bit pref]
[    0.671356] kernel: pci_bus 0000:1f: resource 1 [mem 0xfc100000-0xfc1fffff]
[    0.671434] kernel: pci_bus 0000:1f: resource 2 [mem 0xe6800000-0xe68fffff 64bit pref]
[    0.671523] kernel: pci_bus 0000:20: resource 1 [mem 0xfbd00000-0xfbdfffff]
[    0.671599] kernel: pci_bus 0000:20: resource 2 [mem 0xe6400000-0xe64fffff 64bit pref]
[    0.671688] kernel: pci_bus 0000:21: resource 1 [mem 0xfb900000-0xfb9fffff]
[    0.671764] kernel: pci_bus 0000:21: resource 2 [mem 0xe6000000-0xe60fffff 64bit pref]
[    0.671853] kernel: pci_bus 0000:22: resource 1 [mem 0xfb500000-0xfb5fffff]
[    0.671929] kernel: pci_bus 0000:22: resource 2 [mem 0xe5c00000-0xe5cfffff 64bit pref]
[    0.672253] kernel: NET: Registered protocol family 2
[    0.672556] kernel: IP idents hash table entries: 131072 (order: 8, 1048576 bytes, linear)
[    0.673489] kernel: tcp_listen_portaddr_hash hash table entries: 4096 (order: 4, 65536 bytes, linear)
[    0.673685] kernel: TCP established hash table entries: 65536 (order: 7, 524288 bytes, linear)
[    0.674045] kernel: TCP bind hash table entries: 65536 (order: 8, 1048576 bytes, linear)
[    0.674222] kernel: TCP: Hash tables configured (established 65536 bind 65536)
[    0.674389] kernel: UDP hash table entries: 4096 (order: 5, 131072 bytes, linear)
[    0.674509] kernel: UDP-Lite hash table entries: 4096 (order: 5, 131072 bytes, linear)
[    0.674643] kernel: NET: Registered protocol family 1
[    0.674707] kernel: NET: Registered protocol family 44
[    0.674772] kernel: pci 0000:00:00.0: Limiting direct PCI/PCI transfers
[    0.674931] kernel: pci 0000:00:0f.0: Video device with shadowed ROM at [mem 0x000c0000-0x000dffff]
[    0.675330] kernel: PCI: CLS 32 bytes, default 64
[    0.675429] kernel: Trying to unpack rootfs image as initramfs...
[    0.870390] kernel: Freeing initrd memory: 82820K
[    0.870490] kernel: PCI-DMA: Using software bounce buffering for IO (SWIOTLB)
[    0.870579] kernel: software IO TLB: mapped [mem 0xbbee0000-0xbfee0000] (64MB)
[    0.870797] kernel: check: Scanning for low memory corruption every 60 seconds
[    0.871253] kernel: Initialise system trusted keyrings
[    0.871322] kernel: Key type blacklist registered
[    0.871418] kernel: workingset: timestamp_bits=36 max_order=21 bucket_order=0
[    0.872453] kernel: zbud: loaded
[    0.872748] kernel: squashfs: version 4.0 (2009/01/31) Phillip Lougher
[    0.872956] kernel: fuse: init (API version 7.31)
[    0.873024] kernel: *** VALIDATE fuse ***
[    0.873073] kernel: *** VALIDATE fuse ***
[    0.873196] kernel: Platform Keyring initialized
[    0.875895] kernel: Key type asymmetric registered
[    0.875957] kernel: Asymmetric key parser 'x509' registered
[    0.876031] kernel: Block layer SCSI generic (bsg) driver version 0.4 loaded (major 244)
[    0.876161] kernel: io scheduler mq-deadline registered
[    0.876873] kernel: pcieport 0000:00:15.0: PME: Signaling with IRQ 24
[    0.877017] kernel: pcieport 0000:00:15.0: pciehp: Slot #160 AttnBtn+ PwrCtrl+ MRL- AttnInd- PwrInd- HotPlug+ Surprise- Interlock- NoCompl+ LLActRep+
[    0.877878] kernel: pcieport 0000:00:15.1: PME: Signaling with IRQ 25
[    0.878018] kernel: pcieport 0000:00:15.1: pciehp: Slot #161 AttnBtn+ PwrCtrl+ MRL- AttnInd- PwrInd- HotPlug+ Surprise- Interlock- NoCompl+ LLActRep+
[    0.878861] kernel: pcieport 0000:00:15.2: PME: Signaling with IRQ 26
[    0.879215] kernel: pcieport 0000:00:15.2: pciehp: Slot #162 AttnBtn+ PwrCtrl+ MRL- AttnInd- PwrInd- HotPlug+ Surprise- Interlock- NoCompl+ LLActRep+
[    0.880051] kernel: pcieport 0000:00:15.3: PME: Signaling with IRQ 27
[    0.880187] kernel: pcieport 0000:00:15.3: pciehp: Slot #163 AttnBtn+ PwrCtrl+ MRL- AttnInd- PwrInd- HotPlug+ Surprise- Interlock- NoCompl+ LLActRep+
[    0.881018] kernel: pcieport 0000:00:15.4: PME: Signaling with IRQ 28
[    0.881157] kernel: pcieport 0000:00:15.4: pciehp: Slot #164 AttnBtn+ PwrCtrl+ MRL- AttnInd- PwrInd- HotPlug+ Surprise- Interlock- NoCompl+ LLActRep+
[    0.881989] kernel: pcieport 0000:00:15.5: PME: Signaling with IRQ 29
[    0.882124] kernel: pcieport 0000:00:15.5: pciehp: Slot #165 AttnBtn+ PwrCtrl+ MRL- AttnInd- PwrInd- HotPlug+ Surprise- Interlock- NoCompl+ LLActRep+
[    0.882962] kernel: pcieport 0000:00:15.6: PME: Signaling with IRQ 30
[    0.883102] kernel: pcieport 0000:00:15.6: pciehp: Slot #166 AttnBtn+ PwrCtrl+ MRL- AttnInd- PwrInd- HotPlug+ Surprise- Interlock- NoCompl+ LLActRep+
[    0.883932] kernel: pcieport 0000:00:15.7: PME: Signaling with IRQ 31
[    0.884070] kernel: pcieport 0000:00:15.7: pciehp: Slot #167 AttnBtn+ PwrCtrl+ MRL- AttnInd- PwrInd- HotPlug+ Surprise- Interlock- NoCompl+ LLActRep+
[    0.884899] kernel: pcieport 0000:00:16.0: PME: Signaling with IRQ 32
[    0.885038] kernel: pcieport 0000:00:16.0: pciehp: Slot #192 AttnBtn+ PwrCtrl+ MRL- AttnInd- PwrInd- HotPlug+ Surprise- Interlock- NoCompl+ LLActRep+
[    0.885864] kernel: pcieport 0000:00:16.1: PME: Signaling with IRQ 33
[    0.886001] kernel: pcieport 0000:00:16.1: pciehp: Slot #193 AttnBtn+ PwrCtrl+ MRL- AttnInd- PwrInd- HotPlug+ Surprise- Interlock- NoCompl+ LLActRep+
[    0.886841] kernel: pcieport 0000:00:16.2: PME: Signaling with IRQ 34
[    0.886978] kernel: pcieport 0000:00:16.2: pciehp: Slot #194 AttnBtn+ PwrCtrl+ MRL- AttnInd- PwrInd- HotPlug+ Surprise- Interlock- NoCompl+ LLActRep+
[    0.887805] kernel: pcieport 0000:00:16.3: PME: Signaling with IRQ 35
[    0.887943] kernel: pcieport 0000:00:16.3: pciehp: Slot #195 AttnBtn+ PwrCtrl+ MRL- AttnInd- PwrInd- HotPlug+ Surprise- Interlock- NoCompl+ LLActRep+
[    0.888771] kernel: pcieport 0000:00:16.4: PME: Signaling with IRQ 36
[    0.888909] kernel: pcieport 0000:00:16.4: pciehp: Slot #196 AttnBtn+ PwrCtrl+ MRL- AttnInd- PwrInd- HotPlug+ Surprise- Interlock- NoCompl+ LLActRep+
[    0.889733] kernel: pcieport 0000:00:16.5: PME: Signaling with IRQ 37
[    0.889868] kernel: pcieport 0000:00:16.5: pciehp: Slot #197 AttnBtn+ PwrCtrl+ MRL- AttnInd- PwrInd- HotPlug+ Surprise- Interlock- NoCompl+ LLActRep+
[    0.890725] kernel: pcieport 0000:00:16.6: PME: Signaling with IRQ 38
[    0.890871] kernel: pcieport 0000:00:16.6: pciehp: Slot #198 AttnBtn+ PwrCtrl+ MRL- AttnInd- PwrInd- HotPlug+ Surprise- Interlock- NoCompl+ LLActRep+
[    0.891709] kernel: pcieport 0000:00:16.7: PME: Signaling with IRQ 39
[    0.891846] kernel: pcieport 0000:00:16.7: pciehp: Slot #199 AttnBtn+ PwrCtrl+ MRL- AttnInd- PwrInd- HotPlug+ Surprise- Interlock- NoCompl+ LLActRep+
[    0.892671] kernel: pcieport 0000:00:17.0: PME: Signaling with IRQ 40
[    0.892808] kernel: pcieport 0000:00:17.0: pciehp: Slot #224 AttnBtn+ PwrCtrl+ MRL- AttnInd- PwrInd- HotPlug+ Surprise- Interlock- NoCompl+ LLActRep+
[    0.893644] kernel: pcieport 0000:00:17.1: PME: Signaling with IRQ 41
[    0.893783] kernel: pcieport 0000:00:17.1: pciehp: Slot #225 AttnBtn+ PwrCtrl+ MRL- AttnInd- PwrInd- HotPlug+ Surprise- Interlock- NoCompl+ LLActRep+
[    0.894621] kernel: pcieport 0000:00:17.2: PME: Signaling with IRQ 42
[    0.894759] kernel: pcieport 0000:00:17.2: pciehp: Slot #226 AttnBtn+ PwrCtrl+ MRL- AttnInd- PwrInd- HotPlug+ Surprise- Interlock- NoCompl+ LLActRep+
[    0.895593] kernel: pcieport 0000:00:17.3: PME: Signaling with IRQ 43
[    0.895728] kernel: pcieport 0000:00:17.3: pciehp: Slot #227 AttnBtn+ PwrCtrl+ MRL- AttnInd- PwrInd- HotPlug+ Surprise- Interlock- NoCompl+ LLActRep+
[    0.896558] kernel: pcieport 0000:00:17.4: PME: Signaling with IRQ 44
[    0.896696] kernel: pcieport 0000:00:17.4: pciehp: Slot #228 AttnBtn+ PwrCtrl+ MRL- AttnInd- PwrInd- HotPlug+ Surprise- Interlock- NoCompl+ LLActRep+
[    0.897518] kernel: pcieport 0000:00:17.5: PME: Signaling with IRQ 45
[    0.897655] kernel: pcieport 0000:00:17.5: pciehp: Slot #229 AttnBtn+ PwrCtrl+ MRL- AttnInd- PwrInd- HotPlug+ Surprise- Interlock- NoCompl+ LLActRep+
[    0.898495] kernel: pcieport 0000:00:17.6: PME: Signaling with IRQ 46
[    0.898635] kernel: pcieport 0000:00:17.6: pciehp: Slot #230 AttnBtn+ PwrCtrl+ MRL- AttnInd- PwrInd- HotPlug+ Surprise- Interlock- NoCompl+ LLActRep+
[    0.899459] kernel: pcieport 0000:00:17.7: PME: Signaling with IRQ 47
[    0.899596] kernel: pcieport 0000:00:17.7: pciehp: Slot #231 AttnBtn+ PwrCtrl+ MRL- AttnInd- PwrInd- HotPlug+ Surprise- Interlock- NoCompl+ LLActRep+
[    0.900441] kernel: pcieport 0000:00:18.0: PME: Signaling with IRQ 48
[    0.900578] kernel: pcieport 0000:00:18.0: pciehp: Slot #256 AttnBtn+ PwrCtrl+ MRL- AttnInd- PwrInd- HotPlug+ Surprise- Interlock- NoCompl+ LLActRep+
[    0.901408] kernel: pcieport 0000:00:18.1: PME: Signaling with IRQ 49
[    0.901544] kernel: pcieport 0000:00:18.1: pciehp: Slot #257 AttnBtn+ PwrCtrl+ MRL- AttnInd- PwrInd- HotPlug+ Surprise- Interlock- NoCompl+ LLActRep+
[    0.902382] kernel: pcieport 0000:00:18.2: PME: Signaling with IRQ 50
[    0.902519] kernel: pcieport 0000:00:18.2: pciehp: Slot #258 AttnBtn+ PwrCtrl+ MRL- AttnInd- PwrInd- HotPlug+ Surprise- Interlock- NoCompl+ LLActRep+
[    0.903347] kernel: pcieport 0000:00:18.3: PME: Signaling with IRQ 51
[    0.903483] kernel: pcieport 0000:00:18.3: pciehp: Slot #259 AttnBtn+ PwrCtrl+ MRL- AttnInd- PwrInd- HotPlug+ Surprise- Interlock- NoCompl+ LLActRep+
[    0.904314] kernel: pcieport 0000:00:18.4: PME: Signaling with IRQ 52
[    0.904454] kernel: pcieport 0000:00:18.4: pciehp: Slot #260 AttnBtn+ PwrCtrl+ MRL- AttnInd- PwrInd- HotPlug+ Surprise- Interlock- NoCompl+ LLActRep+
[    0.905275] kernel: pcieport 0000:00:18.5: PME: Signaling with IRQ 53
[    0.905414] kernel: pcieport 0000:00:18.5: pciehp: Slot #261 AttnBtn+ PwrCtrl+ MRL- AttnInd- PwrInd- HotPlug+ Surprise- Interlock- NoCompl+ LLActRep+
[    0.906247] kernel: pcieport 0000:00:18.6: PME: Signaling with IRQ 54
[    0.906392] kernel: pcieport 0000:00:18.6: pciehp: Slot #262 AttnBtn+ PwrCtrl+ MRL- AttnInd- PwrInd- HotPlug+ Surprise- Interlock- NoCompl+ LLActRep+
[    0.907214] kernel: pcieport 0000:00:18.7: PME: Signaling with IRQ 55
[    0.907355] kernel: pcieport 0000:00:18.7: pciehp: Slot #263 AttnBtn+ PwrCtrl+ MRL- AttnInd- PwrInd- HotPlug+ Surprise- Interlock- NoCompl+ LLActRep+
[    0.907858] kernel: shpchp: Standard Hot Plug PCI Controller Driver version: 0.4
[    0.907989] kernel: intel_idle: Please enable MWAIT in BIOS SETUP
[    0.908254] kernel: ACPI: AC Adapter [ACAD] (on-line)
[    0.908379] kernel: input: Power Button as /devices/LNXSYSTM:00/LNXPWRBN:00/input/input0
[    0.908498] kernel: ACPI: Power Button [PWRF]
[    0.908874] kernel: Serial: 8250/16550 driver, 32 ports, IRQ sharing enabled
[    0.910021] kernel: Linux agpgart interface v0.103
[    0.910194] kernel: agpgart-intel 0000:00:00.0: Intel 440BX Chipset
[    0.910584] kernel: agpgart-intel 0000:00:00.0: AGP aperture is 256M @ 0x0
[    1.042358] kernel: loop: module loaded
[    1.042521] kernel: ata_piix 0000:00:07.1: version 2.13
[    1.042930] kernel: scsi host0: ata_piix
[    1.043080] kernel: scsi host1: ata_piix
[    1.043150] kernel: ata1: PATA max UDMA/33 cmd 0x1f0 ctl 0x3f6 bmdma 0x1060 irq 14
[    1.043233] kernel: ata2: PATA max UDMA/33 cmd 0x170 ctl 0x376 bmdma 0x1068 irq 15
[    1.043390] kernel: tun: Universal TUN/TAP device driver, 1.6
[    1.043668] kernel: PPP generic driver version 2.4.2
[    1.043764] kernel: VFIO - User Level meta-driver version: 0.3
[    1.043877] kernel: ehci_hcd: USB 2.0 'Enhanced' Host Controller (EHCI) Driver
[    1.043958] kernel: ehci-pci: EHCI PCI platform driver
[    1.044026] kernel: ehci-platform: EHCI generic platform driver
[    1.044098] kernel: ohci_hcd: USB 1.1 'Open' Host Controller (OHCI) Driver
[    1.044176] kernel: ohci-pci: OHCI PCI platform driver
[    1.044242] kernel: ohci-platform: OHCI generic platform driver
[    1.044314] kernel: uhci_hcd: USB Universal Host Controller Interface driver
[    1.044439] kernel: i8042: PNP: PS/2 Controller [PNP0303:KBC,PNP0f13:MOUS] at 0x60,0x64 irq 1,12
[    1.045232] kernel: serio: i8042 KBD port at 0x60,0x64 irq 1
[    1.045300] kernel: serio: i8042 AUX port at 0x60,0x64 irq 12
[    1.045441] kernel: mousedev: PS/2 mouse device common for all mice
[    1.046082] kernel: rtc_cmos 00:01: registered as rtc0
[    1.046170] kernel: rtc_cmos 00:01: alarms up to one month, y3k, 114 bytes nvram, hpet irqs
[    1.046270] kernel: i2c /dev entries driver
[    1.046363] kernel: device-mapper: uevent: version 1.0.3
[    1.046530] kernel: device-mapper: ioctl: 4.41.0-ioctl (2019-09-16) initialised: dm-devel@redhat.com
[    1.046671] kernel: input: AT Translated Set 2 keyboard as /devices/platform/i8042/serio0/input/input1
[    1.046849] kernel: platform eisa.0: Probing EISA bus 0
[    1.047000] kernel: platform eisa.0: EISA: Cannot allocate resource for mainboard
[    1.047084] kernel: platform eisa.0: Cannot allocate resource for EISA slot 1
[    1.047162] kernel: platform eisa.0: Cannot allocate resource for EISA slot 2
[    1.047241] kernel: platform eisa.0: Cannot allocate resource for EISA slot 3
[    1.047320] kernel: platform eisa.0: Cannot allocate resource for EISA slot 4
[    1.047398] kernel: platform eisa.0: Cannot allocate resource for EISA slot 5
[    1.047476] kernel: platform eisa.0: Cannot allocate resource for EISA slot 6
[    1.047554] kernel: platform eisa.0: Cannot allocate resource for EISA slot 7
[    1.047632] kernel: platform eisa.0: Cannot allocate resource for EISA slot 8
[    1.047710] kernel: platform eisa.0: EISA: Detected 0 cards
[    1.047775] kernel: intel_pstate: CPU model not supported
[    1.047864] kernel: ledtrig-cpu: registered to indicate activity on CPUs
[    1.048034] kernel: drop_monitor: Initializing network drop monitor service
[    1.048238] kernel: NET: Registered protocol family 10
[    1.052857] kernel: Segment Routing with IPv6
[    1.052928] kernel: NET: Registered protocol family 17
[    1.053021] kernel: Key type dns_resolver registered
[    1.053215] kernel: RAS: Correctable Errors collector initialized.
[    1.053290] kernel: IPI shorthand broadcast: enabled
[    1.053355] kernel: sched_clock: Marking stable (1040424315, 12713375)->(1057667790, -4530100)
[    1.053508] kernel: registered taskstats version 1
[    1.053574] kernel: Loading compiled-in X.509 certificates
[    1.054205] kernel: Loaded X.509 cert 'Build time autogenerated kernel key: 14c1fcd338762a2eeacd3b20a829b037b9235452'
[    1.054809] kernel: Loaded X.509 cert 'Canonical Ltd. Live Patch Signing: 14df34d1a87cf37625abec039ef2bf521249b969'
[    1.055394] kernel: Loaded X.509 cert 'Canonical Ltd. Kernel Module Signing: 88f752e560a1e0737e31163a466ad7b70a850c19'
[    1.055511] kernel: blacklist: Loading compiled-in revocation X.509 certificates
[    1.055606] kernel: Loaded X.509 cert 'Canonical Ltd. Secure Boot Signing: 61482aa2830d0ab2ad5af10b7250da9033ddcef0'
[    1.055742] kernel: zswap: loaded using pool lzo/zbud
[    1.055859] kernel: Key type ._fscrypt registered
[    1.055915] kernel: Key type .fscrypt registered
[    1.059808] kernel: Key type big_key registered
[    1.061815] kernel: Key type encrypted registered
[    1.061878] kernel: AppArmor: AppArmor sha1 policy hashing enabled
[    1.061951] kernel: ima: No TPM chip found, activating TPM-bypass!
[    1.062023] kernel: ima: Allocated hash algorithm: sha1
[    1.062089] kernel: ima: No architecture policies found
[    1.062160] kernel: evm: Initialising EVM extended attributes:
[    1.062226] kernel: evm: security.selinux
[    1.062274] kernel: evm: security.SMACK64
[    1.062323] kernel: evm: security.SMACK64EXEC
[    1.062385] kernel: evm: security.SMACK64TRANSMUTE
[    1.062442] kernel: evm: security.SMACK64MMAP
[    1.062493] kernel: evm: security.apparmor
[    1.062542] kernel: evm: security.ima
[    1.062587] kernel: evm: security.capability
[    1.062638] kernel: evm: HMAC attrs: 0x1
[    1.063628] kernel: audit: type=1400 audit(1673007656.939:5): apparmor="STATUS" info="AppArmor sha1 policy hashing enabled" pid=1 comm="swapper/0"
[    1.063933] kernel: PM:   Magic number: 7:960:328
[    1.064166] kernel: rtc_cmos 00:01: setting system clock to 2023-01-06T12:20:57 UTC (1673007657)
[    1.225021] kernel: Freeing unused decrypted memory: 2040K
[    1.225724] kernel: Freeing unused kernel image memory: 2756K
[    1.225792] kernel: Write protecting the kernel read-only data: 26624k
[    1.226443] kernel: Freeing unused kernel image memory: 2008K
[    1.226700] kernel: Freeing unused kernel image memory: 744K
[    1.234287] kernel: x86/mm: Checked W+X mappings: passed, no W+X pages found.
[    1.234376] kernel: Run /init as init process
[    1.347783] kernel: piix4_smbus 0000:00:07.3: SMBus Host Controller not enabled!
[    1.351464] kernel: Fusion MPT base driver 3.04.20
[    1.351529] kernel: Copyright (c) 1999-2008 LSI Corporation
[    1.353297] kernel: Fusion MPT SPI Host driver 3.04.20
[    1.356706] kernel: ahci 0000:02:01.0: version 3.0
[    1.357727] kernel: ahci 0000:02:01.0: AHCI 0001.0300 32 slots 30 ports 6 Gbps 0x3fffffff impl SATA mode
[    1.357836] kernel: ahci 0000:02:01.0: flags: 64bit ncq clo only 
[    1.359858] kernel: VMware vmxnet3 virtual NIC driver - version 1.4.17.0-k-NAPI
[    1.359964] kernel: vmxnet3 0000:03:00.0: # of Tx queues : 2, # of Rx queues : 2
[    1.361449] kernel: vmxnet3 0000:03:00.0 eth0: NIC Link is Up 10000 Mbps
[    1.368676] kernel: [drm] DMA map mode: Caching DMA mappings.
[    1.369057] kernel: [drm] Capabilities:
[    1.369106] kernel: [drm]   Rect copy.
[    1.369152] kernel: [drm]   Cursor.
[    1.369196] kernel: [drm]   Cursor bypass.
[    1.369245] kernel: [drm]   Cursor bypass 2.
[    1.369295] kernel: [drm]   8bit emulation.
[    1.369346] kernel: [drm]   Alpha cursor.
[    1.369394] kernel: [drm]   Extended Fifo.
[    1.369443] kernel: [drm]   Multimon.
[    1.369488] kernel: [drm]   Pitchlock.
[    1.369534] kernel: [drm]   Irq mask.
[    1.369578] kernel: [drm]   Display Topology.
[    1.369630] kernel: [drm]   GMR.
[    1.369671] kernel: [drm]   Traces.
[    1.369714] kernel: [drm]   GMR2.
[    1.369755] kernel: [drm]   Screen Object 2.
[    1.369806] kernel: [drm]   Command Buffers.
[    1.369856] kernel: [drm]   Command Buffers 2.
[    1.369909] kernel: [drm]   Guest Backed Resources.
[    1.369965] kernel: [drm]   DX Features.
[    1.370012] kernel: [drm]   HP Command Queue.
[    1.370064] kernel: [drm] Max GMR ids is 64
[    1.370114] kernel: [drm] Max number of GMR pages is 65536
[    1.370177] kernel: [drm] Max dedicated hypervisor surface memory is 0 kiB
[    1.370252] kernel: [drm] Maximum display memory size is 16384 kiB
[    1.370321] kernel: [drm] VRAM at 0xe8000000 size is 4096 kiB
[    1.370397] kernel: [drm] MMIO at 0xfe000000 size is 256 kiB
[    1.370986] kernel: [TTM] Zone  kernel: Available graphics memory: 4074342 KiB
[    1.371069] kernel: [TTM] Zone   dma32: Available graphics memory: 2097152 KiB
[    1.371152] kernel: [TTM] Initializing pool allocator
[    1.371419] kernel: [TTM] Initializing DMA pool allocator
[    1.371555] kernel: [drm] Supports vblank timestamp caching Rev 2 (21.10.2013).
[    1.371636] kernel: [drm] No driver support for vblank timestamp query.
[    1.371924] kernel: [drm] Screen Target Display device initialized
[    1.372181] kernel: [drm] width 640
[    1.372232] kernel: [drm] height 480
[    1.372282] kernel: [drm] bpp 32
[    1.373221] kernel: [drm] Fifo max 0x00040000 min 0x00001000 cap 0x0000077f
[    1.374674] kernel: mptbase: ioc0: Initiating bringup
[    1.376012] kernel: [drm] Using command buffers with DMA pool.
[    1.376089] kernel: [drm] DX: no.
[    1.376131] kernel: [drm] Atomic: yes.
[    1.376177] kernel: [drm] SM4_1: no.
[    1.378534] kernel: fbcon: svgadrmfb (fb0) is primary device
[    1.380956] kernel: Console: switching to colour frame buffer device 100x37
[    1.381546] kernel: input: VirtualPS/2 VMware VMMouse as /devices/platform/i8042/serio1/input/input4
[    1.382474] kernel: input: VirtualPS/2 VMware VMMouse as /devices/platform/i8042/serio1/input/input3
[    1.382682] kernel: [drm] Initialized vmwgfx 2.15.0 20180704 for 0000:00:0f.0 on minor 0
[    1.382835] kernel: scsi host2: ahci
[    1.382929] kernel: scsi host3: ahci
[    1.383002] kernel: scsi host4: ahci
[    1.383094] kernel: scsi host5: ahci
[    1.383166] kernel: scsi host6: ahci
[    1.383244] kernel: scsi host7: ahci
[    1.383332] kernel: scsi host8: ahci
[    1.383411] kernel: scsi host9: ahci
[    1.383916] kernel: scsi host10: ahci
[    1.384951] kernel: scsi host11: ahci
[    1.386096] kernel: scsi host12: ahci
[    1.387384] kernel: scsi host13: ahci
[    1.388262] kernel: scsi host14: ahci
[    1.391253] kernel: cryptd: max_cpu_qlen set to 1000
[    1.399600] kernel: AVX2 version of gcm_enc/dec engaged.
[    1.400007] kernel: AES CTR mode by8 optimization enabled
[    1.403719] kernel: scsi host15: ahci
[    1.408363] kernel: scsi host16: ahci
[    1.412648] kernel: vmxnet3 0000:03:00.0 ens160: renamed from eth0
[    1.413540] kernel: scsi host17: ahci
[    1.416074] kernel: scsi host18: ahci
[    1.417743] kernel: scsi host19: ahci
[    1.419668] kernel: scsi host20: ahci
[    1.422838] kernel: scsi host21: ahci
[    1.423681] kernel: scsi host22: ahci
[    1.424092] kernel: scsi host23: ahci
[    1.424483] kernel: scsi host24: ahci
[    1.424868] kernel: scsi host25: ahci
[    1.425232] kernel: scsi host26: ahci
[    1.426450] kernel: scsi host27: ahci
[    1.426799] kernel: scsi host28: ahci
[    1.427830] kernel: scsi host29: ahci
[    1.428185] kernel: scsi host30: ahci
[    1.428707] kernel: scsi host31: ahci
[    1.428965] kernel: ata3: SATA max UDMA/133 abar m4096@0xfd5ff000 port 0xfd5ff100 irq 56
[    1.429218] kernel: ata4: SATA max UDMA/133 abar m4096@0xfd5ff000 port 0xfd5ff180 irq 56
[    1.429440] kernel: ata5: SATA max UDMA/133 abar m4096@0xfd5ff000 port 0xfd5ff200 irq 56
[    1.429646] kernel: ata6: SATA max UDMA/133 abar m4096@0xfd5ff000 port 0xfd5ff280 irq 56
[    1.429848] kernel: ata7: SATA max UDMA/133 abar m4096@0xfd5ff000 port 0xfd5ff300 irq 56
[    1.430051] kernel: ata8: SATA max UDMA/133 abar m4096@0xfd5ff000 port 0xfd5ff380 irq 56
[    1.430254] kernel: ata9: SATA max UDMA/133 abar m4096@0xfd5ff000 port 0xfd5ff400 irq 56
[    1.430489] kernel: ata10: SATA max UDMA/133 abar m4096@0xfd5ff000 port 0xfd5ff480 irq 56
[    1.430718] kernel: ata11: SATA max UDMA/133 abar m4096@0xfd5ff000 port 0xfd5ff500 irq 56
[    1.430948] kernel: ata12: SATA max UDMA/133 abar m4096@0xfd5ff000 port 0xfd5ff580 irq 56
[    1.431178] kernel: ata13: SATA max UDMA/133 abar m4096@0xfd5ff000 port 0xfd5ff600 irq 56
[    1.431413] kernel: ata14: SATA max UDMA/133 abar m4096@0xfd5ff000 port 0xfd5ff680 irq 56
[    1.431642] kernel: ata15: SATA max UDMA/133 abar m4096@0xfd5ff000 port 0xfd5ff700 irq 56
[    1.431871] kernel: ata16: SATA max UDMA/133 abar m4096@0xfd5ff000 port 0xfd5ff780 irq 56
[    1.432097] kernel: ata17: SATA max UDMA/133 abar m4096@0xfd5ff000 port 0xfd5ff800 irq 56
[    1.432324] kernel: ata18: SATA max UDMA/133 abar m4096@0xfd5ff000 port 0xfd5ff880 irq 56
[    1.432545] kernel: ata19: SATA max UDMA/133 abar m4096@0xfd5ff000 port 0xfd5ff900 irq 56
[    1.432754] kernel: ata20: SATA max UDMA/133 abar m4096@0xfd5ff000 port 0xfd5ff980 irq 56
[    1.432948] kernel: ata21: SATA max UDMA/133 abar m4096@0xfd5ff000 port 0xfd5ffa00 irq 56
[    1.433135] kernel: ata22: SATA max UDMA/133 abar m4096@0xfd5ff000 port 0xfd5ffa80 irq 56
[    1.433322] kernel: ata23: SATA max UDMA/133 abar m4096@0xfd5ff000 port 0xfd5ffb00 irq 56
[    1.433495] kernel: ata24: SATA max UDMA/133 abar m4096@0xfd5ff000 port 0xfd5ffb80 irq 56
[    1.433653] kernel: ata25: SATA max UDMA/133 abar m4096@0xfd5ff000 port 0xfd5ffc00 irq 56
[    1.433811] kernel: ata26: SATA max UDMA/133 abar m4096@0xfd5ff000 port 0xfd5ffc80 irq 56
[    1.433967] kernel: ata27: SATA max UDMA/133 abar m4096@0xfd5ff000 port 0xfd5ffd00 irq 56
[    1.434123] kernel: ata28: SATA max UDMA/133 abar m4096@0xfd5ff000 port 0xfd5ffd80 irq 56
[    1.434288] kernel: ata29: SATA max UDMA/133 abar m4096@0xfd5ff000 port 0xfd5ffe00 irq 56
[    1.434457] kernel: ata30: SATA max UDMA/133 abar m4096@0xfd5ff000 port 0xfd5ffe80 irq 56
[    1.434617] kernel: ata31: SATA max UDMA/133 abar m4096@0xfd5ff000 port 0xfd5fff00 irq 56
[    1.434774] kernel: ata32: SATA max UDMA/133 abar m4096@0xfd5ff000 port 0xfd5fff80 irq 56
[    1.482530] kernel: ioc0: LSI53C1030 B0: Capabilities={Initiator}
[    1.722922] kernel: scsi host32: ioc0: LSI53C1030 B0, FwRev=01032920h, Ports=1, MaxQ=128, IRQ=17
[    1.748843] kernel: ata18: SATA link down (SStatus 0 SControl 300)
[    1.749131] kernel: ata19: SATA link down (SStatus 0 SControl 300)
[    1.749406] kernel: ata3: SATA link up 6.0 Gbps (SStatus 133 SControl 300)
[    1.749722] kernel: ata16: SATA link down (SStatus 0 SControl 300)
[    1.750000] kernel: ata3.00: ATAPI: VMware Virtual SATA CDRW Drive, 00000001, max UDMA/33
[    1.750369] kernel: ata3.00: configured for UDMA/33
[    1.750873] kernel: scsi 2:0:0:0: CD-ROM            NECVMWar VMware SATA CD00 1.00 PQ: 0 ANSI: 5
[    1.752746] kernel: ata25: SATA link down (SStatus 0 SControl 300)
[    1.753104] kernel: ata17: SATA link down (SStatus 0 SControl 300)
[    1.753465] kernel: ata20: SATA link down (SStatus 0 SControl 300)
[    1.753806] kernel: ata28: SATA link down (SStatus 0 SControl 300)
[    1.754162] kernel: ata27: SATA link down (SStatus 0 SControl 300)
[    1.754486] kernel: ata24: SATA link down (SStatus 0 SControl 300)
[    1.754799] kernel: ata23: SATA link down (SStatus 0 SControl 300)
[    1.755112] kernel: ata11: SATA link down (SStatus 0 SControl 300)
[    1.755432] kernel: ata15: SATA link down (SStatus 0 SControl 300)
[    1.755748] kernel: ata6: SATA link down (SStatus 0 SControl 300)
[    1.756077] kernel: ata13: SATA link down (SStatus 0 SControl 300)
[    1.756423] kernel: ata21: SATA link down (SStatus 0 SControl 300)
[    1.756761] kernel: ata14: SATA link down (SStatus 0 SControl 300)
[    1.757102] kernel: ata8: SATA link down (SStatus 0 SControl 300)
[    1.757451] kernel: ata4: SATA link down (SStatus 0 SControl 300)
[    1.757801] kernel: ata9: SATA link down (SStatus 0 SControl 300)
[    1.758146] kernel: ata12: SATA link down (SStatus 0 SControl 300)
[    1.758518] kernel: ata10: SATA link down (SStatus 0 SControl 300)
[    1.758888] kernel: ata22: SATA link down (SStatus 0 SControl 300)
[    1.759255] kernel: ata7: SATA link down (SStatus 0 SControl 300)
[    1.759611] kernel: ata31: SATA link down (SStatus 0 SControl 300)
[    1.760000] kernel: ata29: SATA link down (SStatus 0 SControl 300)
[    1.760393] kernel: ata5: SATA link down (SStatus 0 SControl 300)
[    1.760795] kernel: ata30: SATA link down (SStatus 0 SControl 300)
[    1.761213] kernel: ata32: SATA link down (SStatus 0 SControl 300)
[    1.761631] kernel: ata26: SATA link down (SStatus 0 SControl 300)
[    1.782461] kernel: sr 2:0:0:0: [sr0] scsi3-mmc drive: 1x/1x writer dvd-ram cd/rw xa/form2 cdda tray
[    1.782907] kernel: cdrom: Uniform CD-ROM driver Revision: 3.20
[    1.814361] kernel: sr 2:0:0:0: Attached scsi CD-ROM sr0
[    1.814454] kernel: sr 2:0:0:0: Attached scsi generic sg0 type 5
[    1.878363] kernel: tsc: Refined TSC clocksource calibration: 2394.375 MHz
[    1.878751] kernel: clocksource: tsc: mask: 0xffffffffffffffff max_cycles: 0x228375ba3e9, max_idle_ns: 440795226324 ns
[    1.879655] kernel: clocksource: Switched to clocksource tsc
[    1.894490] kernel: scsi 32:0:0:0: Direct-Access     VMware   Virtual disk     2.0  PQ: 0 ANSI: 6
[    1.910355] kernel: scsi target32:0:0: Beginning Domain Validation
[    1.911257] kernel: scsi target32:0:0: Domain Validation skipping write tests
[    1.911711] kernel: scsi target32:0:0: Ending Domain Validation
[    1.912169] kernel: scsi target32:0:0: FAST-80 WIDE SCSI 160.0 MB/s DT (12.5 ns, offset 127)
[    1.913488] kernel: sd 32:0:0:0: Attached scsi generic sg1 type 0
[    1.914105] kernel: sd 32:0:0:0: [sda] 209715200 512-byte logical blocks: (107 GB/100 GiB)
[    1.914646] kernel: sd 32:0:0:0: [sda] Write Protect is off
[    1.915154] kernel: sd 32:0:0:0: [sda] Mode Sense: 31 00 00 00
[    1.915183] kernel: sd 32:0:0:0: [sda] Cache data unavailable
[    1.915693] kernel: sd 32:0:0:0: [sda] Assuming drive cache: write through
[    1.933510] kernel:  sda: sda1 sda2 sda3
[    1.950559] kernel: sd 32:0:0:0: [sda] Attached SCSI disk
[    2.162337] kernel: raid6: avx512x4 gen() 33623 MB/s
[    2.210336] kernel: raid6: avx512x4 xor() 16264 MB/s
[    2.258337] kernel: raid6: avx512x2 gen() 31786 MB/s
[    2.306337] kernel: raid6: avx512x2 xor() 20103 MB/s
[    2.354337] kernel: raid6: avx512x1 gen() 28128 MB/s
[    2.402336] kernel: raid6: avx512x1 xor() 16166 MB/s
[    2.450337] kernel: raid6: avx2x4   gen() 27845 MB/s
[    2.498337] kernel: raid6: avx2x4   xor() 15485 MB/s
[    2.546336] kernel: raid6: avx2x2   gen() 25488 MB/s
[    2.594336] kernel: raid6: avx2x2   xor() 15868 MB/s
[    2.642336] kernel: raid6: avx2x1   gen() 18866 MB/s
[    2.690336] kernel: raid6: avx2x1   xor() 14778 MB/s
